Archive member included to satisfy reference by file (symbol)

C:\Users\w1445\Desktop\Microcontroller_project\Balance_leg\Code\Balance_V2\Balance_leg_V2\Middlewares\ST\ARM\DSP\Lib\libarm_cortexM4lf_math.a(arm_mat_trans_f32.o)
                              CMakeFiles/Balance_leg_V2.elf.dir/User/Algorithm/Kalman_filter.c.obj (arm_mat_trans_f32)
C:\Users\w1445\Desktop\Microcontroller_project\Balance_leg\Code\Balance_V2\Balance_leg_V2\Middlewares\ST\ARM\DSP\Lib\libarm_cortexM4lf_math.a(arm_mat_sub_f32.o)
                              CMakeFiles/Balance_leg_V2.elf.dir/User/Algorithm/Kalman_filter.c.obj (arm_mat_sub_f32)
C:\Users\w1445\Desktop\Microcontroller_project\Balance_leg\Code\Balance_V2\Balance_leg_V2\Middlewares\ST\ARM\DSP\Lib\libarm_cortexM4lf_math.a(arm_mat_mult_f32.o)
                              CMakeFiles/Balance_leg_V2.elf.dir/User/Algorithm/Kalman_filter.c.obj (arm_mat_mult_f32)
C:\Users\w1445\Desktop\Microcontroller_project\Balance_leg\Code\Balance_V2\Balance_leg_V2\Middlewares\ST\ARM\DSP\Lib\libarm_cortexM4lf_math.a(arm_mat_inverse_f32.o)
                              CMakeFiles/Balance_leg_V2.elf.dir/User/Algorithm/Kalman_filter.c.obj (arm_mat_inverse_f32)
C:\Users\w1445\Desktop\Microcontroller_project\Balance_leg\Code\Balance_V2\Balance_leg_V2\Middlewares\ST\ARM\DSP\Lib\libarm_cortexM4lf_math.a(arm_mat_init_f32.o)
                              CMakeFiles/Balance_leg_V2.elf.dir/User/Algorithm/Kalman_filter.c.obj (arm_mat_init_f32)
C:\Users\w1445\Desktop\Microcontroller_project\Balance_leg\Code\Balance_V2\Balance_leg_V2\Middlewares\ST\ARM\DSP\Lib\libarm_cortexM4lf_math.a(arm_mat_add_f32.o)
                              CMakeFiles/Balance_leg_V2.elf.dir/User/Algorithm/Kalman_filter.c.obj (arm_mat_add_f32)
C:\Users\w1445\Desktop\Microcontroller_project\Balance_leg\Code\Balance_V2\Balance_leg_V2\Middlewares\ST\ARM\DSP\Lib\libarm_cortexM4lf_math.a(arm_sin_f32.o)
                              CMakeFiles/Balance_leg_V2.elf.dir/User/Algorithm/VMC_calc.c.obj (arm_sin_f32)
C:\Users\w1445\Desktop\Microcontroller_project\Balance_leg\Code\Balance_V2\Balance_leg_V2\Middlewares\ST\ARM\DSP\Lib\libarm_cortexM4lf_math.a(arm_cos_f32.o)
                              CMakeFiles/Balance_leg_V2.elf.dir/User/Algorithm/VMC_calc.c.obj (arm_cos_f32)
C:\Users\w1445\Desktop\Microcontroller_project\Balance_leg\Code\Balance_V2\Balance_leg_V2\Middlewares\ST\ARM\DSP\Lib\libarm_cortexM4lf_math.a(arm_common_tables.o)
                              C:\Users\w1445\Desktop\Microcontroller_project\Balance_leg\Code\Balance_V2\Balance_leg_V2\Middlewares\ST\ARM\DSP\Lib\libarm_cortexM4lf_math.a(arm_sin_f32.o) (sinTable_f32)
D:/arm-none-eabi/13.3 rel1/bin/../lib/gcc/arm-none-eabi/13.3.1/thumb/v7e-m+fp/hard\libgcc.a(_arm_muldf3.o)
                              CMakeFiles/Balance_leg_V2.elf.dir/User/Devices/Motor_A1/A1_Motor.c.obj (__aeabi_dmul)
D:/arm-none-eabi/13.3 rel1/bin/../lib/gcc/arm-none-eabi/13.3.1/thumb/v7e-m+fp/hard\libgcc.a(_arm_addsubdf3.o)
                              CMakeFiles/Balance_leg_V2.elf.dir/User/Algorithm/VMC_calc.c.obj (__aeabi_dadd)
D:/arm-none-eabi/13.3 rel1/bin/../lib/gcc/arm-none-eabi/13.3.1/thumb/v7e-m+fp/hard\libgcc.a(_arm_truncdfsf2.o)
                              CMakeFiles/Balance_leg_V2.elf.dir/User/Algorithm/VMC_calc.c.obj (__aeabi_d2f)
D:/arm-none-eabi/13.3 rel1/bin/../lib/gcc/arm-none-eabi/13.3.1/thumb/v7e-m+fp/hard\libgcc.a(_aeabi_uldivmod.o)
                              CMakeFiles/Balance_leg_V2.elf.dir/Drivers/STM32H7xx_HAL_Driver/Src/stm32h7xx_hal_uart.c.obj (__aeabi_uldivmod)
D:/arm-none-eabi/13.3 rel1/bin/../lib/gcc/arm-none-eabi/13.3.1/thumb/v7e-m+fp/hard\libgcc.a(_udivmoddi4.o)
                              D:/arm-none-eabi/13.3 rel1/bin/../lib/gcc/arm-none-eabi/13.3.1/thumb/v7e-m+fp/hard\libgcc.a(_aeabi_uldivmod.o) (__udivmoddi4)
D:/arm-none-eabi/13.3 rel1/bin/../lib/gcc/arm-none-eabi/13.3.1/thumb/v7e-m+fp/hard\libgcc.a(_dvmd_tls.o)
                              D:/arm-none-eabi/13.3 rel1/bin/../lib/gcc/arm-none-eabi/13.3.1/thumb/v7e-m+fp/hard\libgcc.a(_aeabi_uldivmod.o) (__aeabi_ldiv0)
D:/arm-none-eabi/13.3 rel1/bin/../lib/gcc/arm-none-eabi/13.3.1/thumb/v7e-m+fp/hard\libg.a(libc_a-exit.o)
                              D:/arm-none-eabi/13.3 rel1/bin/../lib/gcc/arm-none-eabi/13.3.1/thumb/v7e-m+fp/hard/crt0.o (exit)
D:/arm-none-eabi/13.3 rel1/bin/../lib/gcc/arm-none-eabi/13.3.1/thumb/v7e-m+fp/hard\libg.a(libc_a-malloc.o)
                              CMakeFiles/Balance_leg_V2.elf.dir/User/Algorithm/Kalman_filter.c.obj (malloc)
D:/arm-none-eabi/13.3 rel1/bin/../lib/gcc/arm-none-eabi/13.3.1/thumb/v7e-m+fp/hard\libg.a(libc_a-mallocr.o)
                              D:/arm-none-eabi/13.3 rel1/bin/../lib/gcc/arm-none-eabi/13.3.1/thumb/v7e-m+fp/hard\libg.a(libc_a-malloc.o) (_malloc_r)
D:/arm-none-eabi/13.3 rel1/bin/../lib/gcc/arm-none-eabi/13.3.1/thumb/v7e-m+fp/hard\libg.a(libc_a-mlock.o)
[...]
Memory Configuration

Name             Origin             Length             Attributes
ITCMRAM          0x00000000         0x00010000         xrw
DTCMRAM          0x20000000         0x00020000         xrw
FLASH            0x08000000         0x00100000         xr
RAM_D1           0x24000000         0x00050000         xrw
RAM_D2           0x30000000         0x00008000         xrw
RAM_D3           0x38000000         0x00004000         xrw
*default*        0x00000000         0xffffffff

Linker script and memory map

LOAD D:/arm-none-eabi/13.3 rel1/bin/../lib/gcc/arm-none-eabi/13.3.1/thumb/v7e-m+fp/hard/crti.o
LOAD D:/arm-none-eabi/13.3 rel1/bin/../lib/gcc/arm-none-eabi/13.3.1/thumb/v7e-m+fp/hard/crtbegin.o
LOAD D:/arm-none-eabi/13.3 rel1/bin/../lib/gcc/arm-none-eabi/13.3.1/thumb/v7e-m+fp/hard/crt0.o
LOAD CMakeFiles/Balance_leg_V2.elf.dir/Core/Src/dma.c.obj
LOAD CMakeFiles/Balance_leg_V2.elf.dir/Core/Src/fdcan.c.obj
LOAD CMakeFiles/Balance_leg_V2.elf.dir/Core/Src/gpio.c.obj
LOAD CMakeFiles/Balance_leg_V2.elf.dir/Core/Src/main.c.obj
LOAD CMakeFiles/Balance_leg_V2.elf.dir/Core/Src/memorymap.c.obj
LOAD CMakeFiles/Balance_leg_V2.elf.dir/Core/Src/stm32h7xx_hal_msp.c.obj
LOAD CMakeFiles/Balance_leg_V2.elf.dir/Core/Src/stm32h7xx_it.c.obj
LOAD CMakeFiles/Balance_leg_V2.elf.dir/Core/Src/syscalls.c.obj
LOAD CMakeFiles/Balance_leg_V2.elf.dir/Core/Src/sysmem.c.obj
LOAD CMakeFiles/Balance_leg_V2.elf.dir/Core/Src/system_stm32h7xx.c.obj
LOAD CMakeFiles/Balance_leg_V2.elf.dir/Core/Src/tim.c.obj
LOAD CMakeFiles/Balance_leg_V2.elf.dir/Core/Src/usart.c.obj
LOAD CMakeFiles/Balance_leg_V2.elf.dir/Core/Startup/startup_stm32h723vgtx.s.obj
LOAD CMakeFiles/Balance_leg_V2.elf.dir/Drivers/STM32H7xx_HAL_Driver/Src/stm32h7xx_hal.c.obj
LOAD CMakeFiles/Balance_leg_V2.elf.dir/Drivers/STM32H7xx_HAL_Driver/Src/stm32h7xx_hal_cortex.c.obj
LOAD CMakeFiles/Balance_leg_V2.elf.dir/Drivers/STM32H7xx_HAL_Driver/Src/stm32h7xx_hal_dma.c.obj
LOAD CMakeFiles/Balance_leg_V2.elf.dir/Drivers/STM32H7xx_HAL_Driver/Src/stm32h7xx_hal_dma_ex.c.obj
LOAD CMakeFiles/Balance_leg_V2.elf.dir/Drivers/STM32H7xx_HAL_Driver/Src/stm32h7xx_hal_exti.c.obj
LOAD CMakeFiles/Balance_leg_V2.elf.dir/Drivers/STM32H7xx_HAL_Driver/Src/stm32h7xx_hal_fdcan.c.obj
LOAD CMakeFiles/Balance_leg_V2.elf.dir/Drivers/STM32H7xx_HAL_Driver/Src/stm32h7xx_hal_flash.c.obj
LOAD CMakeFiles/Balance_leg_V2.elf.dir/Drivers/STM32H7xx_HAL_Driver/Src/stm32h7xx_hal_flash_ex.c.obj
LOAD CMakeFiles/Balance_leg_V2.elf.dir/Drivers/STM32H7xx_HAL_Driver/Src/stm32h7xx_hal_gpio.c.obj
LOAD CMakeFiles/Balance_leg_V2.elf.dir/Drivers/STM32H7xx_HAL_Driver/Src/stm32h7xx_hal_hsem.c.obj
LOAD CMakeFiles/Balance_leg_V2.elf.dir/Drivers/STM32H7xx_HAL_Driver/Src/stm32h7xx_hal_i2c.c.obj
LOAD CMakeFiles/Balance_leg_V2.elf.dir/Drivers/STM32H7xx_HAL_Driver/Src/stm32h7xx_hal_i2c_ex.c.obj
LOAD CMakeFiles/Balance_leg_V2.elf.dir/Drivers/STM32H7xx_HAL_Driver/Src/stm32h7xx_hal_mdma.c.obj
LOAD CMakeFiles/Balance_leg_V2.elf.dir/Drivers/STM32H7xx_HAL_Driver/Src/stm32h7xx_hal_pwr.c.obj
LOAD CMakeFiles/Balance_leg_V2.elf.dir/Drivers/STM32H7xx_HAL_Driver/Src/stm32h7xx_hal_pwr_ex.c.obj
LOAD CMakeFiles/Balance_leg_V2.elf.dir/Drivers/STM32H7xx_HAL_Driver/Src/stm32h7xx_hal_rcc.c.obj
LOAD CMakeFiles/Balance_leg_V2.elf.dir/Drivers/STM32H7xx_HAL_Driver/Src/stm32h7xx_hal_rcc_ex.c.obj
LOAD CMakeFiles/Balance_leg_V2.elf.dir/Drivers/STM32H7xx_HAL_Driver/Src/stm32h7xx_hal_tim.c.obj
LOAD CMakeFiles/Balance_leg_V2.elf.dir/Drivers/STM32H7xx_HAL_Driver/Src/stm32h7xx_hal_tim_ex.c.obj
LOAD CMakeFiles/Balance_leg_V2.elf.dir/Drivers/STM32H7xx_HAL_Driver/Src/stm32h7xx_hal_uart.c.obj
LOAD CMakeFiles/Balance_leg_V2.elf.dir/Drivers/STM32H7xx_HAL_Driver/Src/stm32h7xx_hal_uart_ex.c.obj
LOAD CMakeFiles/Balance_leg_V2.elf.dir/User/Algorithm/Filter.c.obj
LOAD CMakeFiles/Balance_leg_V2.elf.dir/User/Algorithm/Kalman_filter.c.obj
LOAD CMakeFiles/Balance_leg_V2.elf.dir/User/Algorithm/Pid.c.obj
LOAD CMakeFiles/Balance_leg_V2.elf.dir/User/Algorithm/VMC_calc.c.obj
LOAD CMakeFiles/Balance_leg_V2.elf.dir/User/App/Chassis_L.c.obj
LOAD CMakeFiles/Balance_leg_V2.elf.dir/User/App/Chassis_R.c.obj
LOAD CMakeFiles/Balance_leg_V2.elf.dir/User/App/Check.c.obj
LOAD CMakeFiles/Balance_leg_V2.elf.dir/User/App/Control_logic.c.obj
LOAD CMakeFiles/Balance_leg_V2.elf.dir/User/App/ELRS_task.c.obj
LOAD CMakeFiles/Balance_leg_V2.elf.dir/User/App/Facial_expression.c.obj
LOAD CMakeFiles/Balance_leg_V2.elf.dir/User/App/Hardware_Config.c.obj
LOAD CMakeFiles/Balance_leg_V2.elf.dir/User/App/USART_Callback.c.obj
LOAD CMakeFiles/Balance_leg_V2.elf.dir/User/BSP/can_bsp.c.obj
LOAD CMakeFiles/Balance_leg_V2.elf.dir/User/Devices/Dji_motor/Motor_Dji.c.obj
LOAD CMakeFiles/Balance_leg_V2.elf.dir/User/Devices/ELRS_Control/ELRS_Drive.c.obj
LOAD CMakeFiles/Balance_leg_V2.elf.dir/User/Devices/HI91/CH010_HI91.c.obj
LOAD CMakeFiles/Balance_leg_V2.elf.dir/User/Devices/Motor_A1/A1_Motor.c.obj
LOAD C:\Users\w1445\Desktop\Microcontroller_project\Balance_leg\Code\Balance_V2\Balance_leg_V2\Middlewares\ST\ARM\DSP\Lib\libarm_cortexM4lf_math.a
START GROUP
LOAD D:/arm-none-eabi/13.3 rel1/bin/../lib/gcc/arm-none-eabi/13.3.1/thumb/v7e-m+fp/hard\libgcc.a
LOAD D:/arm-none-eabi/13.3 rel1/bin/../lib/gcc/arm-none-eabi/13.3.1/thumb/v7e-m+fp/hard\libg.a
LOAD D:/arm-none-eabi/13.3 rel1/bin/../lib/gcc/arm-none-eabi/13.3.1/thumb/v7e-m+fp/hard\libc.a
END GROUP
LOAD D:/arm-none-eabi/13.3 rel1/bin/../lib/gcc/arm-none-eabi/13.3.1/thumb/v7e-m+fp/hard/crtend.o
LOAD D:/arm-none-eabi/13.3 rel1/bin/../lib/gcc/arm-none-eabi/13.3.1/thumb/v7e-m+fp/hard/crtn.o
                0x24050000                        _estack = (ORIGIN (RAM_D1) + LENGTH (RAM_D1))
                0x00000400                        _Min_Heap_Size = 0x400
                0x00000400                        _Min_Stack_Size = 0x400

.isr_vector     0x08000000      0x2cc
                0x08000000                        . = ALIGN (0x4)
 *(.isr_vector)
 .isr_vector    0x08000000      0x2cc CMakeFiles/Balance_leg_V2.elf.dir/Core/Startup/startup_stm32h723vgtx.s.obj
                0x08000000                g_pfnVectors
                0x080002cc                        . = ALIGN (0x4)

.text           0x08000300    0x10500
                0x08000300                        . = ALIGN (0x4)
 *(.text)
 .text          0x08000300      0x378 D:/arm-none-eabi/13.3 rel1/bin/../lib/gcc/arm-none-eabi/13.3.1/thumb/v7e-m+fp/hard\libgcc.a(_arm_addsubdf3.o)
                0x08000300                __aeabi_drsub
                0x08000308                __aeabi_dsub
                0x08000308                __subdf3
                0x0800030c                __aeabi_dadd
                0x0800030c                __adddf3
                0x08000584                __floatunsidf
                0x08000584                __aeabi_ui2d
                0x080005a4                __floatsidf
                0x080005a4                __aeabi_i2d
                0x080005c8                __aeabi_f2d
                0x080005c8                __extendsfdf2
                0x0800060c                __floatundidf
                0x0800060c                __aeabi_ul2d
                0x0800061c                __floatdidf
                0x0800061c                __aeabi_l2d
 .text          0x08000678       0xa0 D:/arm-none-eabi/13.3 rel1/bin/../lib/gcc/arm-none-eabi/13.3.1/thumb/v7e-m+fp/hard\libgcc.a(_arm_truncdfsf2.o)
                0x08000678                __truncdfsf2
                0x08000678                __aeabi_d2f
 .text          0x08000718       0x30 D:/arm-none-eabi/13.3 rel1/bin/../lib/gcc/arm-none-eabi/13.3.1/thumb/v7e-m+fp/hard\libgcc.a(_aeabi_uldivmod.o)
                0x08000718                __aeabi_uldivmod
 .text          0x08000748        0x4 D:/arm-none-eabi/13.3 rel1/bin/../lib/gcc/arm-none-eabi/13.3.1/thumb/v7e-m+fp/hard\libgcc.a(_dvmd_tls.o)
                0x08000748                __aeabi_idiv0
                0x08000748                __aeabi_ldiv0
 .text          0x0800074c      0x134 D:/arm-none-eabi/13.3 rel1/bin/../lib/gcc/arm-none-eabi/13.3.1/thumb/v7e-m+fp/hard\libg.a(libc_a-memcpy.o)
                0x0800074c                memcpy
 .text          0x08000880       0xa0 D:/arm-none-eabi/13.3 rel1/bin/../lib/gcc/arm-none-eabi/13.3.1/thumb/v7e-m+fp/hard\libg.a(libc_a-memchr.o)
                0x08000880                memchr
 *fill*         0x08000920       0x20 
 .text          0x08000940       0xd8 D:/arm-none-eabi/13.3 rel1/bin/../lib/gcc/arm-none-eabi/13.3.1/thumb/v7e-m+fp/hard\libg.a(libc_a-strlen.o)
                0x08000940                strlen
 .text          0x08000a18      0x424 D:/arm-none-eabi/13.3 rel1/bin/../lib/gcc/arm-none-eabi/13.3.1/thumb/v7e-m+fp/hard\libgcc.a(_arm_muldivdf3.o)
                0x08000a18                __aeabi_dmul
                0x08000a18                __muldf3
                0x08000c6c                __divdf3
                0x08000c6c                __aeabi_ddiv
 .text          0x08000e3c      0x110 D:/arm-none-eabi/13.3 rel1/bin/../lib/gcc/arm-none-eabi/13.3.1/thumb/v7e-m+fp/hard\libgcc.a(_arm_cmpdf2.o)
                0x08000e3c                __gtdf2
                0x08000e3c                __gedf2
                0x08000e44                __ltdf2
                0x08000e44                __ledf2
                0x08000e4c                __nedf2
                0x08000e4c                __eqdf2
                0x08000e4c                __cmpdf2
                0x08000ec8                __aeabi_cdrcmple
                0x08000ed8                __aeabi_cdcmpeq
                0x08000ed8                __aeabi_cdcmple
                0x08000ee8                __aeabi_dcmpeq
                0x08000efc                __aeabi_dcmplt
                0x08000f10                __aeabi_dcmple
                0x08000f24                __aeabi_dcmpge
                0x08000f38                __aeabi_dcmpgt
 .text          0x08000f4c       0x2c D:/arm-none-eabi/13.3 rel1/bin/../lib/gcc/arm-none-eabi/13.3.1/thumb/v7e-m+fp/hard\libgcc.a(_arm_unorddf2.o)
                0x08000f4c                __unorddf2
                0x08000f4c                __aeabi_dcmpun
 .text          0x08000f78       0x50 D:/arm-none-eabi/13.3 rel1/bin/../lib/gcc/arm-none-eabi/13.3.1/thumb/v7e-m+fp/hard\libgcc.a(_arm_fixdfsi.o)
                0x08000f78                __aeabi_d2iz
                0x08000f78                __fixdfsi
 *(.text*)
 .text.deregister_tm_clones
                0x08000fc8       0x1c D:/arm-none-eabi/13.3 rel1/bin/../lib/gcc/arm-none-eabi/13.3.1/thumb/v7e-m+fp/hard/crtbegin.o
 .text.register_tm_clones
                0x08000fe4       0x24 D:/arm-none-eabi/13.3 rel1/bin/../lib/gcc/arm-none-eabi/13.3.1/thumb/v7e-m+fp/hard/crtbegin.o
 .text.__do_global_dtors_aux
                0x08001008       0x28 D:/arm-none-eabi/13.3 rel1/bin/../lib/gcc/arm-none-eabi/13.3.1/thumb/v7e-m+fp/hard/crtbegin.o
 .text.frame_dummy
                0x08001030       0x24 D:/arm-none-eabi/13.3 rel1/bin/../lib/gcc/arm-none-eabi/13.3.1/thumb/v7e-m+fp/hard/crtbegin.o
 .text.MX_DMA_Init
                0x08001054      0x100 CMakeFiles/Balance_leg_V2.elf.dir/Core/Src/dma.c.obj
                0x08001054                MX_DMA_Init
 .text.MX_FDCAN1_Init
                0x08001154       0x60 CMakeFiles/Balance_leg_V2.elf.dir/Core/Src/fdcan.c.obj
                0x08001154                MX_FDCAN1_Init
 .text.MX_FDCAN2_Init
                0x080011b4       0x68 CMakeFiles/Balance_leg_V2.elf.dir/Core/Src/fdcan.c.obj
                0x080011b4                MX_FDCAN2_Init
 .text.MX_FDCAN3_Init
                0x0800121c       0x68 CMakeFiles/Balance_leg_V2.elf.dir/Core/Src/fdcan.c.obj
                0x0800121c                MX_FDCAN3_Init
 .text.HAL_FDCAN_MspInit
                0x08001284      0x180 CMakeFiles/Balance_leg_V2.elf.dir/Core/Src/fdcan.c.obj
                0x08001284                HAL_FDCAN_MspInit
 .text.MX_GPIO_Init
                0x08001404       0xfc CMakeFiles/Balance_leg_V2.elf.dir/Core/Src/gpio.c.obj
                0x08001404                MX_GPIO_Init
 .text.MPU_Config
                0x08001500       0x56 CMakeFiles/Balance_leg_V2.elf.dir/Core/Src/main.c.obj
 .text.Error_Handler
                0x08001556        0x4 CMakeFiles/Balance_leg_V2.elf.dir/Core/Src/main.c.obj
                0x08001556                Error_Handler
 *fill*         0x0800155a        0x2 
 .text.SystemClock_Config
                0x0800155c       0xa8 CMakeFiles/Balance_leg_V2.elf.dir/Core/Src/main.c.obj
                0x0800155c                SystemClock_Config
 .text.PeriphCommonClock_Config
                0x08001604       0x44 CMakeFiles/Balance_leg_V2.elf.dir/Core/Src/main.c.obj
                0x08001604                PeriphCommonClock_Config
 .text.main     0x08001648      0x158 CMakeFiles/Balance_leg_V2.elf.dir/Core/Src/main.c.obj
                0x08001648                main
 .text.HAL_MspInit
                0x080017a0       0x24 CMakeFiles/Balance_leg_V2.elf.dir/Core/Src/stm32h7xx_hal_msp.c.obj
                0x080017a0                HAL_MspInit
 .text.NMI_Handler
                0x080017c4        0x2 CMakeFiles/Balance_leg_V2.elf.dir/Core/Src/stm32h7xx_it.c.obj
                0x080017c4                NMI_Handler
 .text.HardFault_Handler
                0x080017c6        0x2 CMakeFiles/Balance_leg_V2.elf.dir/Core/Src/stm32h7xx_it.c.obj
                0x080017c6                HardFault_Handler
 .text.MemManage_Handler
                0x080017c8        0x2 CMakeFiles/Balance_leg_V2.elf.dir/Core/Src/stm32h7xx_it.c.obj
                0x080017c8                MemManage_Handler
 .text.BusFault_Handler
                0x080017ca        0x2 CMakeFiles/Balance_leg_V2.elf.dir/Core/Src/stm32h7xx_it.c.obj
                0x080017ca                BusFault_Handler
 .text.UsageFault_Handler
                0x080017cc        0x2 CMakeFiles/Balance_leg_V2.elf.dir/Core/Src/stm32h7xx_it.c.obj
                0x080017cc                UsageFault_Handler
 .text.SVC_Handler
                0x080017ce        0x2 CMakeFiles/Balance_leg_V2.elf.dir/Core/Src/stm32h7xx_it.c.obj
                0x080017ce                SVC_Handler
 .text.DebugMon_Handler
                0x080017d0        0x2 CMakeFiles/Balance_leg_V2.elf.dir/Core/Src/stm32h7xx_it.c.obj
                0x080017d0                DebugMon_Handler
 .text.PendSV_Handler
                0x080017d2        0x2 CMakeFiles/Balance_leg_V2.elf.dir/Core/Src/stm32h7xx_it.c.obj
                0x080017d2                PendSV_Handler
 .text.SysTick_Handler
                0x080017d4        0x8 CMakeFiles/Balance_leg_V2.elf.dir/Core/Src/stm32h7xx_it.c.obj
                0x080017d4                SysTick_Handler
 .text.DMA1_Stream0_IRQHandler
                0x080017dc       0x10 CMakeFiles/Balance_leg_V2.elf.dir/Core/Src/stm32h7xx_it.c.obj
                0x080017dc                DMA1_Stream0_IRQHandler
 .text.DMA1_Stream1_IRQHandler
                0x080017ec       0x10 CMakeFiles/Balance_leg_V2.elf.dir/Core/Src/stm32h7xx_it.c.obj
                0x080017ec                DMA1_Stream1_IRQHandler
 .text.DMA1_Stream2_IRQHandler
                0x080017fc       0x10 CMakeFiles/Balance_leg_V2.elf.dir/Core/Src/stm32h7xx_it.c.obj
                0x080017fc                DMA1_Stream2_IRQHandler
 .text.DMA1_Stream3_IRQHandler
                0x0800180c       0x10 CMakeFiles/Balance_leg_V2.elf.dir/Core/Src/stm32h7xx_it.c.obj
                0x0800180c                DMA1_Stream3_IRQHandler
 .text.DMA1_Stream4_IRQHandler
                0x0800181c       0x10 CMakeFiles/Balance_leg_V2.elf.dir/Core/Src/stm32h7xx_it.c.obj
                0x0800181c                DMA1_Stream4_IRQHandler
 .text.DMA1_Stream5_IRQHandler
                0x0800182c       0x10 CMakeFiles/Balance_leg_V2.elf.dir/Core/Src/stm32h7xx_it.c.obj
                0x0800182c                DMA1_Stream5_IRQHandler
 .text.DMA1_Stream6_IRQHandler
                0x0800183c       0x10 CMakeFiles/Balance_leg_V2.elf.dir/Core/Src/stm32h7xx_it.c.obj
                0x0800183c                DMA1_Stream6_IRQHandler
 .text.FDCAN1_IT0_IRQHandler
                0x0800184c       0x10 CMakeFiles/Balance_leg_V2.elf.dir/Core/Src/stm32h7xx_it.c.obj
                0x0800184c                FDCAN1_IT0_IRQHandler
 .text.FDCAN2_IT0_IRQHandler
                0x0800185c       0x10 CMakeFiles/Balance_leg_V2.elf.dir/Core/Src/stm32h7xx_it.c.obj
                0x0800185c                FDCAN2_IT0_IRQHandler
 .text.USART2_IRQHandler
                0x0800186c       0x10 CMakeFiles/Balance_leg_V2.elf.dir/Core/Src/stm32h7xx_it.c.obj
                0x0800186c                USART2_IRQHandler
 .text.USART3_IRQHandler
                0x0800187c       0x10 CMakeFiles/Balance_leg_V2.elf.dir/Core/Src/stm32h7xx_it.c.obj
                0x0800187c                USART3_IRQHandler
 .text.TIM8_TRG_COM_TIM14_IRQHandler
                0x0800188c       0x10 CMakeFiles/Balance_leg_V2.elf.dir/Core/Src/stm32h7xx_it.c.obj
                0x0800188c                TIM8_TRG_COM_TIM14_IRQHandler
 .text.DMA1_Stream7_IRQHandler
                0x0800189c       0x10 CMakeFiles/Balance_leg_V2.elf.dir/Core/Src/stm32h7xx_it.c.obj
                0x0800189c                DMA1_Stream7_IRQHandler
 .text.UART4_IRQHandler
                0x080018ac       0x10 CMakeFiles/Balance_leg_V2.elf.dir/Core/Src/stm32h7xx_it.c.obj
                0x080018ac                UART4_IRQHandler
 .text.DMA2_Stream0_IRQHandler
                0x080018bc       0x10 CMakeFiles/Balance_leg_V2.elf.dir/Core/Src/stm32h7xx_it.c.obj
                0x080018bc                DMA2_Stream0_IRQHandler
 .text.DMA2_Stream1_IRQHandler
                0x080018cc       0x10 CMakeFiles/Balance_leg_V2.elf.dir/Core/Src/stm32h7xx_it.c.obj
                0x080018cc                DMA2_Stream1_IRQHandler
 .text.DMA2_Stream2_IRQHandler
                0x080018dc       0x10 CMakeFiles/Balance_leg_V2.elf.dir/Core/Src/stm32h7xx_it.c.obj
                0x080018dc                DMA2_Stream2_IRQHandler
 .text.DMA2_Stream3_IRQHandler
                0x080018ec       0x10 CMakeFiles/Balance_leg_V2.elf.dir/Core/Src/stm32h7xx_it.c.obj
                0x080018ec                DMA2_Stream3_IRQHandler
 .text.UART7_IRQHandler
                0x080018fc       0x10 CMakeFiles/Balance_leg_V2.elf.dir/Core/Src/stm32h7xx_it.c.obj
                0x080018fc                UART7_IRQHandler
 .text.UART8_IRQHandler
                0x0800190c       0x10 CMakeFiles/Balance_leg_V2.elf.dir/Core/Src/stm32h7xx_it.c.obj
                0x0800190c                UART8_IRQHandler
 .text.UART9_IRQHandler
                0x0800191c       0x10 CMakeFiles/Balance_leg_V2.elf.dir/Core/Src/stm32h7xx_it.c.obj
                0x0800191c                UART9_IRQHandler
 .text.USART10_IRQHandler
                0x0800192c       0x10 CMakeFiles/Balance_leg_V2.elf.dir/Core/Src/stm32h7xx_it.c.obj
                0x0800192c                USART10_IRQHandler
 .text.FDCAN3_IT0_IRQHandler
                0x0800193c       0x10 CMakeFiles/Balance_leg_V2.elf.dir/Core/Src/stm32h7xx_it.c.obj
                0x0800193c                FDCAN3_IT0_IRQHandler
 .text._getpid  0x0800194c        0x4 CMakeFiles/Balance_leg_V2.elf.dir/Core/Src/syscalls.c.obj
                0x0800194c                _getpid
 .text._kill    0x08001950       0x10 CMakeFiles/Balance_leg_V2.elf.dir/Core/Src/syscalls.c.obj
                0x08001950                _kill
 .text._exit    0x08001960        0xc CMakeFiles/Balance_leg_V2.elf.dir/Core/Src/syscalls.c.obj
                0x08001960                _exit
 .text._read    0x0800196c       0x20 CMakeFiles/Balance_leg_V2.elf.dir/Core/Src/syscalls.c.obj
                0x0800196c                _read
 .text._write   0x0800198c       0x1c CMakeFiles/Balance_leg_V2.elf.dir/Core/Src/syscalls.c.obj
                0x0800198c                _write
 .text._close   0x080019a8        0x6 CMakeFiles/Balance_leg_V2.elf.dir/Core/Src/syscalls.c.obj
                0x080019a8                _close
 .text._fstat   0x080019ae        0xa CMakeFiles/Balance_leg_V2.elf.dir/Core/Src/syscalls.c.obj
                0x080019ae                _fstat
 .text._isatty  0x080019b8        0x4 CMakeFiles/Balance_leg_V2.elf.dir/Core/Src/syscalls.c.obj
                0x080019b8                _isatty
 .text._lseek   0x080019bc        0x4 CMakeFiles/Balance_leg_V2.elf.dir/Core/Src/syscalls.c.obj
                0x080019bc                _lseek
 .text._sbrk    0x080019c0       0x48 CMakeFiles/Balance_leg_V2.elf.dir/Core/Src/sysmem.c.obj
                0x080019c0                _sbrk
 .text.SystemInit
                0x08001a08       0xac CMakeFiles/Balance_leg_V2.elf.dir/Core/Src/system_stm32h7xx.c.obj
                0x08001a08                SystemInit
 .text.MX_TIM14_Init
                0x08001ab4       0x30 CMakeFiles/Balance_leg_V2.elf.dir/Core/Src/tim.c.obj
                0x08001ab4                MX_TIM14_Init
 .text.HAL_TIM_Base_MspInit
                0x08001ae4       0x48 CMakeFiles/Balance_leg_V2.elf.dir/Core/Src/tim.c.obj
                0x08001ae4                HAL_TIM_Base_MspInit
 .text.MX_UART4_Init
                0x08001b2c       0x6c CMakeFiles/Balance_leg_V2.elf.dir/Core/Src/usart.c.obj
                0x08001b2c                MX_UART4_Init
 .text.MX_UART7_Init
                0x08001b98       0x6c CMakeFiles/Balance_leg_V2.elf.dir/Core/Src/usart.c.obj
                0x08001b98                MX_UART7_Init
 .text.MX_UART8_Init
                0x08001c04       0x6c CMakeFiles/Balance_leg_V2.elf.dir/Core/Src/usart.c.obj
                0x08001c04                MX_UART8_Init
 .text.MX_UART9_Init
                0x08001c70       0x6c CMakeFiles/Balance_leg_V2.elf.dir/Core/Src/usart.c.obj
                0x08001c70                MX_UART9_Init
 .text.MX_USART2_UART_Init
                0x08001cdc       0x68 CMakeFiles/Balance_leg_V2.elf.dir/Core/Src/usart.c.obj
                0x08001cdc                MX_USART2_UART_Init
 .text.MX_USART3_UART_Init
                0x08001d44       0x6c CMakeFiles/Balance_leg_V2.elf.dir/Core/Src/usart.c.obj
                0x08001d44                MX_USART3_UART_Init
 .text.MX_USART6_UART_Init
                0x08001db0       0x6c CMakeFiles/Balance_leg_V2.elf.dir/Core/Src/usart.c.obj
                0x08001db0                MX_USART6_UART_Init
 .text.MX_USART10_UART_Init
                0x08001e1c       0x6c CMakeFiles/Balance_leg_V2.elf.dir/Core/Src/usart.c.obj
                0x08001e1c                MX_USART10_UART_Init
 .text.HAL_UART_MspInit
                0x08001e88      0x760 CMakeFiles/Balance_leg_V2.elf.dir/Core/Src/usart.c.obj
                0x08001e88                HAL_UART_MspInit
 .text.__io_putchar
                0x080025e8       0x20 CMakeFiles/Balance_leg_V2.elf.dir/Core/Src/usart.c.obj
                0x080025e8                __io_putchar
 .text.Reset_Handler
                0x08002608       0x50 CMakeFiles/Balance_leg_V2.elf.dir/Core/Startup/startup_stm32h723vgtx.s.obj
                0x08002608                Reset_Handler
 .text.Default_Handler
                0x08002658        0x2 CMakeFiles/Balance_leg_V2.elf.dir/Core/Startup/startup_stm32h723vgtx.s.obj
                0x08002658                RTC_Alarm_IRQHandler
                0x08002658                EXTI2_IRQHandler
                0x08002658                TIM8_CC_IRQHandler
                0x08002658                SPI4_IRQHandler
                0x08002658                TIM1_CC_IRQHandler
                0x08002658                BDMA_Channel6_IRQHandler
                0x08002658                DMA2_Stream5_IRQHandler
                0x08002658                CORDIC_IRQHandler
                0x08002658                BDMA_Channel1_IRQHandler
                0x08002658                TAMP_STAMP_IRQHandler
                0x08002658                EXTI3_IRQHandler
                0x08002658                LPTIM4_IRQHandler
                0x08002658                LPTIM2_IRQHandler
                0x08002658                DFSDM1_FLT1_IRQHandler
                0x08002658                DMAMUX2_OVR_IRQHandler
                0x08002658                TIM8_UP_TIM13_IRQHandler
                0x08002658                I2C3_ER_IRQHandler
                0x08002658                DFSDM1_FLT2_IRQHandler
                0x08002658                I2C5_EV_IRQHandler
                0x08002658                MDMA_IRQHandler
                0x08002658                LPTIM3_IRQHandler
                0x08002658                HSEM1_IRQHandler
                0x08002658                EXTI0_IRQHandler
                0x08002658                I2C2_EV_IRQHandler
                0x08002658                FPU_IRQHandler
                0x08002658                OTG_HS_WKUP_IRQHandler
                0x08002658                FDCAN1_IT1_IRQHandler
                0x08002658                LTDC_ER_IRQHandler
                0x08002658                SPI1_IRQHandler
                0x08002658                OCTOSPI1_IRQHandler
                0x08002658                TIM6_DAC_IRQHandler
                0x08002658                OCTOSPI2_IRQHandler
                0x08002658                DFSDM1_FLT3_IRQHandler
                0x08002658                TIM23_IRQHandler
                0x08002658                USART6_IRQHandler
                0x08002658                TIM17_IRQHandler
                0x08002658                BDMA_Channel7_IRQHandler
                0x08002658                LPTIM5_IRQHandler
                0x08002658                UART5_IRQHandler
                0x08002658                ADC3_IRQHandler
                0x08002658                TIM4_IRQHandler
                0x08002658                BDMA_Channel2_IRQHandler
                0x08002658                I2C1_EV_IRQHandler
                0x08002658                DMAMUX1_OVR_IRQHandler
                0x08002658                TIM16_IRQHandler
                0x08002658                BDMA_Channel5_IRQHandler
                0x08002658                TIM3_IRQHandler
                0x08002658                RCC_IRQHandler
                0x08002658                TIM8_BRK_TIM12_IRQHandler
                0x08002658                TIM1_TRG_COM_IRQHandler
                0x08002658                Default_Handler
                0x08002658                ECC_IRQHandler
                0x08002658                FMAC_IRQHandler
                0x08002658                CEC_IRQHandler
                0x08002658                EXTI15_10_IRQHandler
                0x08002658                BDMA_Channel0_IRQHandler
                0x08002658                ADC_IRQHandler
                0x08002658                I2C5_ER_IRQHandler
                0x08002658                SPI5_IRQHandler
                0x08002658                TIM7_IRQHandler
                0x08002658                FDCAN3_IT1_IRQHandler
                0x08002658                SDMMC1_IRQHandler
                0x08002658                TIM5_IRQHandler
                0x08002658                DMA2_Stream7_IRQHandler
                0x08002658                TIM15_IRQHandler
                0x08002658                PVD_AVD_IRQHandler
                0x08002658                I2C3_EV_IRQHandler
                0x08002658                EXTI9_5_IRQHandler
                0x08002658                RTC_WKUP_IRQHandler
                0x08002658                LTDC_IRQHandler
                0x08002658                ETH_WKUP_IRQHandler
                0x08002658                SPDIF_RX_IRQHandler
                0x08002658                SPI2_IRQHandler
                0x08002658                OTG_HS_EP1_IN_IRQHandler
                0x08002658                TIM24_IRQHandler
                0x08002658                CRS_IRQHandler
                0x08002658                EXTI4_IRQHandler
                0x08002658                RNG_IRQHandler
                0x08002658                FDCAN2_IT1_IRQHandler
                0x08002658                ETH_IRQHandler
                0x08002658                TIM1_UP_IRQHandler
                0x08002658                BDMA_Channel4_IRQHandler
                0x08002658                OTG_HS_EP1_OUT_IRQHandler
                0x08002658                WWDG_IRQHandler
                0x08002658                SPI6_IRQHandler
                0x08002658                MDIOS_IRQHandler
                0x08002658                I2C4_EV_IRQHandler
                0x08002658                LPUART1_IRQHandler
                0x08002658                TIM2_IRQHandler
                0x08002658                OTG_HS_IRQHandler
                0x08002658                DMA2D_IRQHandler
                0x08002658                TIM1_BRK_IRQHandler
                0x08002658                EXTI1_IRQHandler
                0x08002658                SDMMC2_IRQHandler
                0x08002658                BDMA_Channel3_IRQHandler
                0x08002658                DTS_IRQHandler
                0x08002658                MDIOS_WKUP_IRQHandler
                0x08002658                DFSDM1_FLT0_IRQHandler
                0x08002658                SAI4_IRQHandler
                0x08002658                I2C2_ER_IRQHandler
                0x08002658                FLASH_IRQHandler
                0x08002658                DMA2_Stream4_IRQHandler
                0x08002658                USART1_IRQHandler
                0x08002658                SPI3_IRQHandler
                0x08002658                WAKEUP_PIN_IRQHandler
                0x08002658                I2C1_ER_IRQHandler
                0x08002658                FMC_IRQHandler
                0x08002658                FDCAN_CAL_IRQHandler
                0x08002658                SWPMI1_IRQHandler
                0x08002658                COMP1_IRQHandler
                0x08002658                LPTIM1_IRQHandler
                0x08002658                DCMI_PSSI_IRQHandler
                0x08002658                I2C4_ER_IRQHandler
                0x08002658                DMA2_Stream6_IRQHandler
                0x08002658                SAI1_IRQHandler
 *fill*         0x0800265a        0x2 
 .text.HAL_InitTick
                0x0800265c       0x50 CMakeFiles/Balance_leg_V2.elf.dir/Drivers/STM32H7xx_HAL_Driver/Src/stm32h7xx_hal.c.obj
                0x0800265c                HAL_InitTick
 .text.HAL_Init
                0x080026ac       0x5c CMakeFiles/Balance_leg_V2.elf.dir/Drivers/STM32H7xx_HAL_Driver/Src/stm32h7xx_hal.c.obj
                0x080026ac                HAL_Init
 .text.HAL_IncTick
                0x08002708       0x18 CMakeFiles/Balance_leg_V2.elf.dir/Drivers/STM32H7xx_HAL_Driver/Src/stm32h7xx_hal.c.obj
                0x08002708                HAL_IncTick
 .text.HAL_GetTick
                0x08002720        0xc CMakeFiles/Balance_leg_V2.elf.dir/Drivers/STM32H7xx_HAL_Driver/Src/stm32h7xx_hal.c.obj
                0x08002720                HAL_GetTick
 .text.HAL_Delay
                0x0800272c       0x28 CMakeFiles/Balance_leg_V2.elf.dir/Drivers/STM32H7xx_HAL_Driver/Src/stm32h7xx_hal.c.obj
                0x0800272c                HAL_Delay
 .text.__NVIC_EnableIRQ
                0x08002754       0x1c CMakeFiles/Balance_leg_V2.elf.dir/Drivers/STM32H7xx_HAL_Driver/Src/stm32h7xx_hal_cortex.c.obj
 .text.__NVIC_SetPriority
                0x08002770       0x24 CMakeFiles/Balance_leg_V2.elf.dir/Drivers/STM32H7xx_HAL_Driver/Src/stm32h7xx_hal_cortex.c.obj
 .text.NVIC_EncodePriority
                0x08002794       0x3e CMakeFiles/Balance_leg_V2.elf.dir/Drivers/STM32H7xx_HAL_Driver/Src/stm32h7xx_hal_cortex.c.obj
 *fill*         0x080027d2        0x2 
 .text.HAL_NVIC_SetPriorityGrouping
                0x080027d4       0x24 CMakeFiles/Balance_leg_V2.elf.dir/Drivers/STM32H7xx_HAL_Driver/Src/stm32h7xx_hal_cortex.c.obj
                0x080027d4                HAL_NVIC_SetPriorityGrouping
 .text.HAL_NVIC_SetPriority
                0x080027f8       0x20 CMakeFiles/Balance_leg_V2.elf.dir/Drivers/STM32H7xx_HAL_Driver/Src/stm32h7xx_hal_cortex.c.obj
                0x080027f8                HAL_NVIC_SetPriority
 .text.HAL_NVIC_EnableIRQ
                0x08002818        0x8 CMakeFiles/Balance_leg_V2.elf.dir/Drivers/STM32H7xx_HAL_Driver/Src/stm32h7xx_hal_cortex.c.obj
                0x08002818                HAL_NVIC_EnableIRQ
 .text.HAL_SYSTICK_Config
                0x08002820       0x28 CMakeFiles/Balance_leg_V2.elf.dir/Drivers/STM32H7xx_HAL_Driver/Src/stm32h7xx_hal_cortex.c.obj
                0x08002820                HAL_SYSTICK_Config
 .text.HAL_MPU_Disable
                0x08002848       0x1c CMakeFiles/Balance_leg_V2.elf.dir/Drivers/STM32H7xx_HAL_Driver/Src/stm32h7xx_hal_cortex.c.obj
                0x08002848                HAL_MPU_Disable
 .text.HAL_MPU_Enable
                0x08002864       0x20 CMakeFiles/Balance_leg_V2.elf.dir/Drivers/STM32H7xx_HAL_Driver/Src/stm32h7xx_hal_cortex.c.obj
                0x08002864                HAL_MPU_Enable
 .text.HAL_MPU_ConfigRegion
                0x08002884       0x58 CMakeFiles/Balance_leg_V2.elf.dir/Drivers/STM32H7xx_HAL_Driver/Src/stm32h7xx_hal_cortex.c.obj
                0x08002884                HAL_MPU_ConfigRegion
 .text.DMA_SetConfig
                0x080028dc      0x1b4 CMakeFiles/Balance_leg_V2.elf.dir/Drivers/STM32H7xx_HAL_Driver/Src/stm32h7xx_hal_dma.c.obj
 .text.DMA_CalcBaseAndBitshift
                0x08002a90       0xb0 CMakeFiles/Balance_leg_V2.elf.dir/Drivers/STM32H7xx_HAL_Driver/Src/stm32h7xx_hal_dma.c.obj
 .text.DMA_CheckFifoParam
                0x08002b40       0x92 CMakeFiles/Balance_leg_V2.elf.dir/Drivers/STM32H7xx_HAL_Driver/Src/stm32h7xx_hal_dma.c.obj
 *fill*         0x08002bd2        0x2 
 .text.DMA_CalcDMAMUXChannelBaseAndMask
                0x08002bd4       0xac CMakeFiles/Balance_leg_V2.elf.dir/Drivers/STM32H7xx_HAL_Driver/Src/stm32h7xx_hal_dma.c.obj
 .text.DMA_CalcDMAMUXRequestGenBaseAndMask
                0x08002c80       0x7c CMakeFiles/Balance_leg_V2.elf.dir/Drivers/STM32H7xx_HAL_Driver/Src/stm32h7xx_hal_dma.c.obj
 .text.HAL_DMA_Init
                0x08002cfc      0x39c CMakeFiles/Balance_leg_V2.elf.dir/Drivers/STM32H7xx_HAL_Driver/Src/stm32h7xx_hal_dma.c.obj
                0x08002cfc                HAL_DMA_Init
 .text.HAL_DMA_Start_IT
                0x08003098      0x298 CMakeFiles/Balance_leg_V2.elf.dir/Drivers/STM32H7xx_HAL_Driver/Src/stm32h7xx_hal_dma.c.obj
                0x08003098                HAL_DMA_Start_IT
 .text.HAL_DMA_Abort
                0x08003330      0x340 CMakeFiles/Balance_leg_V2.elf.dir/Drivers/STM32H7xx_HAL_Driver/Src/stm32h7xx_hal_dma.c.obj
                0x08003330                HAL_DMA_Abort
 .text.HAL_DMA_Abort_IT
                0x08003670      0x270 CMakeFiles/Balance_leg_V2.elf.dir/Drivers/STM32H7xx_HAL_Driver/Src/stm32h7xx_hal_dma.c.obj
                0x08003670                HAL_DMA_Abort_IT
 .text.HAL_DMA_IRQHandler
                0x080038e0      0x738 CMakeFiles/Balance_leg_V2.elf.dir/Drivers/STM32H7xx_HAL_Driver/Src/stm32h7xx_hal_dma.c.obj
                0x080038e0                HAL_DMA_IRQHandler
 .text.FDCAN_CalcultateRamBlockAddresses
                0x08004018      0x1d4 CMakeFiles/Balance_leg_V2.elf.dir/Drivers/STM32H7xx_HAL_Driver/Src/stm32h7xx_hal_fdcan.c.obj
 .text.FDCAN_CopyMessageToRAM
                0x080041ec       0x8c CMakeFiles/Balance_leg_V2.elf.dir/Drivers/STM32H7xx_HAL_Driver/Src/stm32h7xx_hal_fdcan.c.obj
 .text.HAL_FDCAN_Init
                0x08004278      0x294 CMakeFiles/Balance_leg_V2.elf.dir/Drivers/STM32H7xx_HAL_Driver/Src/stm32h7xx_hal_fdcan.c.obj
                0x08004278                HAL_FDCAN_Init
 .text.HAL_FDCAN_ConfigFilter
                0x0800450c       0x8a CMakeFiles/Balance_leg_V2.elf.dir/Drivers/STM32H7xx_HAL_Driver/Src/stm32h7xx_hal_fdcan.c.obj
                0x0800450c                HAL_FDCAN_ConfigFilter
 .text.HAL_FDCAN_ConfigGlobalFilter
                0x08004596       0x36 CMakeFiles/Balance_leg_V2.elf.dir/Drivers/STM32H7xx_HAL_Driver/Src/stm32h7xx_hal_fdcan.c.obj
                0x08004596                HAL_FDCAN_ConfigGlobalFilter
 .text.HAL_FDCAN_Start
                0x080045cc       0x34 CMakeFiles/Balance_leg_V2.elf.dir/Drivers/STM32H7xx_HAL_Driver/Src/stm32h7xx_hal_fdcan.c.obj
                0x080045cc                HAL_FDCAN_Start
 .text.HAL_FDCAN_AddMessageToTxFifoQ
                0x08004600       0x76 CMakeFiles/Balance_leg_V2.elf.dir/Drivers/STM32H7xx_HAL_Driver/Src/stm32h7xx_hal_fdcan.c.obj
                0x08004600                HAL_FDCAN_AddMessageToTxFifoQ
 *fill*         0x08004676        0x2 
 .text.HAL_FDCAN_GetRxMessage
                0x08004678      0x1e4 CMakeFiles/Balance_leg_V2.elf.dir/Drivers/STM32H7xx_HAL_Driver/Src/stm32h7xx_hal_fdcan.c.obj
                0x08004678                HAL_FDCAN_GetRxMessage
 .text.HAL_FDCAN_ActivateNotification
                0x0800485c       0x90 CMakeFiles/Balance_leg_V2.elf.dir/Drivers/STM32H7xx_HAL_Driver/Src/stm32h7xx_hal_fdcan.c.obj
                0x0800485c                HAL_FDCAN_ActivateNotification
 .text.HAL_FDCAN_ClockCalibrationCallback
                0x080048ec        0x2 CMakeFiles/Balance_leg_V2.elf.dir/Drivers/STM32H7xx_HAL_Driver/Src/stm32h7xx_hal_fdcan.c.obj
                0x080048ec                HAL_FDCAN_ClockCalibrationCallback
 .text.HAL_FDCAN_TxEventFifoCallback
                0x080048ee        0x2 CMakeFiles/Balance_leg_V2.elf.dir/Drivers/STM32H7xx_HAL_Driver/Src/stm32h7xx_hal_fdcan.c.obj
                0x080048ee                HAL_FDCAN_TxEventFifoCallback
 .text.HAL_FDCAN_TxFifoEmptyCallback
                0x080048f0        0x2 CMakeFiles/Balance_leg_V2.elf.dir/Drivers/STM32H7xx_HAL_Driver/Src/stm32h7xx_hal_fdcan.c.obj
                0x080048f0                HAL_FDCAN_TxFifoEmptyCallback
 .text.HAL_FDCAN_TxBufferCompleteCallback
                0x080048f2        0x2 CMakeFiles/Balance_leg_V2.elf.dir/Drivers/STM32H7xx_HAL_Driver/Src/stm32h7xx_hal_fdcan.c.obj
                0x080048f2                HAL_FDCAN_TxBufferCompleteCallback
 .text.HAL_FDCAN_TxBufferAbortCallback
                0x080048f4        0x2 CMakeFiles/Balance_leg_V2.elf.dir/Drivers/STM32H7xx_HAL_Driver/Src/stm32h7xx_hal_fdcan.c.obj
                0x080048f4                HAL_FDCAN_TxBufferAbortCallback
 .text.HAL_FDCAN_RxBufferNewMessageCallback
                0x080048f6        0x2 CMakeFiles/Balance_leg_V2.elf.dir/Drivers/STM32H7xx_HAL_Driver/Src/stm32h7xx_hal_fdcan.c.obj
                0x080048f6                HAL_FDCAN_RxBufferNewMessageCallback
 .text.HAL_FDCAN_TimestampWraparoundCallback
                0x080048f8        0x2 CMakeFiles/Balance_leg_V2.elf.dir/Drivers/STM32H7xx_HAL_Driver/Src/stm32h7xx_hal_fdcan.c.obj
                0x080048f8                HAL_FDCAN_TimestampWraparoundCallback
 .text.HAL_FDCAN_TimeoutOccurredCallback
                0x080048fa        0x2 CMakeFiles/Balance_leg_V2.elf.dir/Drivers/STM32H7xx_HAL_Driver/Src/stm32h7xx_hal_fdcan.c.obj
                0x080048fa                HAL_FDCAN_TimeoutOccurredCallback
 .text.HAL_FDCAN_HighPriorityMessageCallback
                0x080048fc        0x2 CMakeFiles/Balance_leg_V2.elf.dir/Drivers/STM32H7xx_HAL_Driver/Src/stm32h7xx_hal_fdcan.c.obj
                0x080048fc                HAL_FDCAN_HighPriorityMessageCallback
 .text.HAL_FDCAN_ErrorCallback
                0x080048fe        0x2 CMakeFiles/Balance_leg_V2.elf.dir/Drivers/STM32H7xx_HAL_Driver/Src/stm32h7xx_hal_fdcan.c.obj
                0x080048fe                HAL_FDCAN_ErrorCallback
 .text.HAL_FDCAN_ErrorStatusCallback
                0x08004900        0x2 CMakeFiles/Balance_leg_V2.elf.dir/Drivers/STM32H7xx_HAL_Driver/Src/stm32h7xx_hal_fdcan.c.obj
                0x08004900                HAL_FDCAN_ErrorStatusCallback
 .text.HAL_FDCAN_TT_ScheduleSyncCallback
                0x08004902        0x2 CMakeFiles/Balance_leg_V2.elf.dir/Drivers/STM32H7xx_HAL_Driver/Src/stm32h7xx_hal_fdcan.c.obj
                0x08004902                HAL_FDCAN_TT_ScheduleSyncCallback
 .text.HAL_FDCAN_TT_TimeMarkCallback
                0x08004904        0x2 CMakeFiles/Balance_leg_V2.elf.dir/Drivers/STM32H7xx_HAL_Driver/Src/stm32h7xx_hal_fdcan.c.obj
                0x08004904                HAL_FDCAN_TT_TimeMarkCallback
 .text.HAL_FDCAN_TT_StopWatchCallback
                0x08004906        0x2 CMakeFiles/Balance_leg_V2.elf.dir/Drivers/STM32H7xx_HAL_Driver/Src/stm32h7xx_hal_fdcan.c.obj
                0x08004906                HAL_FDCAN_TT_StopWatchCallback
 .text.HAL_FDCAN_TT_GlobalTimeCallback
                0x08004908        0x2 CMakeFiles/Balance_leg_V2.elf.dir/Drivers/STM32H7xx_HAL_Driver/Src/stm32h7xx_hal_fdcan.c.obj
                0x08004908                HAL_FDCAN_TT_GlobalTimeCallback
 *fill*         0x0800490a        0x2 
 .text.HAL_FDCAN_IRQHandler
                0x0800490c      0x320 CMakeFiles/Balance_leg_V2.elf.dir/Drivers/STM32H7xx_HAL_Driver/Src/stm32h7xx_hal_fdcan.c.obj
                0x0800490c                HAL_FDCAN_IRQHandler
 .text.HAL_GPIO_Init
                0x08004c2c      0x214 CMakeFiles/Balance_leg_V2.elf.dir/Drivers/STM32H7xx_HAL_Driver/Src/stm32h7xx_hal_gpio.c.obj
                0x08004c2c                HAL_GPIO_Init
 .text.HAL_GPIO_WritePin
                0x08004e40        0xc CMakeFiles/Balance_leg_V2.elf.dir/Drivers/STM32H7xx_HAL_Driver/Src/stm32h7xx_hal_gpio.c.obj
                0x08004e40                HAL_GPIO_WritePin
 .text.HAL_GPIO_TogglePin
                0x08004e4c       0x12 CMakeFiles/Balance_leg_V2.elf.dir/Drivers/STM32H7xx_HAL_Driver/Src/stm32h7xx_hal_gpio.c.obj
                0x08004e4c                HAL_GPIO_TogglePin
 *fill*         0x08004e5e        0x2 
 .text.HAL_PWREx_ConfigSupply
                0x08004e60       0x54 CMakeFiles/Balance_leg_V2.elf.dir/Drivers/STM32H7xx_HAL_Driver/Src/stm32h7xx_hal_pwr_ex.c.obj
                0x08004e60                HAL_PWREx_ConfigSupply
 .text.HAL_RCC_OscConfig
                0x08004eb4      0x5e4 CMakeFiles/Balance_leg_V2.elf.dir/Drivers/STM32H7xx_HAL_Driver/Src/stm32h7xx_hal_rcc.c.obj
                0x08004eb4                HAL_RCC_OscConfig
 .text.HAL_RCC_GetSysClockFreq
                0x08005498      0x1f8 CMakeFiles/Balance_leg_V2.elf.dir/Drivers/STM32H7xx_HAL_Driver/Src/stm32h7xx_hal_rcc.c.obj
                0x08005498                HAL_RCC_GetSysClockFreq
 .text.HAL_RCC_ClockConfig
                0x08005690      0x294 CMakeFiles/Balance_leg_V2.elf.dir/Drivers/STM32H7xx_HAL_Driver/Src/stm32h7xx_hal_rcc.c.obj
                0x08005690                HAL_RCC_ClockConfig
 .text.HAL_RCC_GetHCLKFreq
                0x08005924       0x44 CMakeFiles/Balance_leg_V2.elf.dir/Drivers/STM32H7xx_HAL_Driver/Src/stm32h7xx_hal_rcc.c.obj
                0x08005924                HAL_RCC_GetHCLKFreq
 .text.HAL_RCC_GetPCLK1Freq
                0x08005968       0x24 CMakeFiles/Balance_leg_V2.elf.dir/Drivers/STM32H7xx_HAL_Driver/Src/stm32h7xx_hal_rcc.c.obj
                0x08005968                HAL_RCC_GetPCLK1Freq
 .text.HAL_RCC_GetPCLK2Freq
                0x0800598c       0x24 CMakeFiles/Balance_leg_V2.elf.dir/Drivers/STM32H7xx_HAL_Driver/Src/stm32h7xx_hal_rcc.c.obj
                0x0800598c                HAL_RCC_GetPCLK2Freq
 .text.RCCEx_PLL2_Config
                0x080059b0      0x108 CMakeFiles/Balance_leg_V2.elf.dir/Drivers/STM32H7xx_HAL_Driver/Src/stm32h7xx_hal_rcc_ex.c.obj
 .text.RCCEx_PLL3_Config
                0x08005ab8      0x108 CMakeFiles/Balance_leg_V2.elf.dir/Drivers/STM32H7xx_HAL_Driver/Src/stm32h7xx_hal_rcc_ex.c.obj
 .text.HAL_RCCEx_PeriphCLKConfig
                0x08005bc0      0xa2c CMakeFiles/Balance_leg_V2.elf.dir/Drivers/STM32H7xx_HAL_Driver/Src/stm32h7xx_hal_rcc_ex.c.obj
                0x08005bc0                HAL_RCCEx_PeriphCLKConfig
 .text.HAL_RCCEx_GetD3PCLK1Freq
                0x080065ec       0x24 CMakeFiles/Balance_leg_V2.elf.dir/Drivers/STM32H7xx_HAL_Driver/Src/stm32h7xx_hal_rcc_ex.c.obj
                0x080065ec                HAL_RCCEx_GetD3PCLK1Freq
 .text.HAL_RCCEx_GetPLL2ClockFreq
                0x08006610      0x200 CMakeFiles/Balance_leg_V2.elf.dir/Drivers/STM32H7xx_HAL_Driver/Src/stm32h7xx_hal_rcc_ex.c.obj
                0x08006610                HAL_RCCEx_GetPLL2ClockFreq
 .text.HAL_RCCEx_GetPLL3ClockFreq
                0x08006810      0x200 CMakeFiles/Balance_leg_V2.elf.dir/Drivers/STM32H7xx_HAL_Driver/Src/stm32h7xx_hal_rcc_ex.c.obj
                0x08006810                HAL_RCCEx_GetPLL3ClockFreq
 .text.HAL_TIM_Base_Start_IT
                0x08006a10       0xa0 CMakeFiles/Balance_leg_V2.elf.dir/Drivers/STM32H7xx_HAL_Driver/Src/stm32h7xx_hal_tim.c.obj
                0x08006a10                HAL_TIM_Base_Start_IT
 .text.HAL_TIM_OC_DelayElapsedCallback
                0x08006ab0        0x2 CMakeFiles/Balance_leg_V2.elf.dir/Drivers/STM32H7xx_HAL_Driver/Src/stm32h7xx_hal_tim.c.obj
                0x08006ab0                HAL_TIM_OC_DelayElapsedCallback
 .text.HAL_TIM_IC_CaptureCallback
                0x08006ab2        0x2 CMakeFiles/Balance_leg_V2.elf.dir/Drivers/STM32H7xx_HAL_Driver/Src/stm32h7xx_hal_tim.c.obj
                0x08006ab2                HAL_TIM_IC_CaptureCallback
 .text.HAL_TIM_PWM_PulseFinishedCallback
                0x08006ab4        0x2 CMakeFiles/Balance_leg_V2.elf.dir/Drivers/STM32H7xx_HAL_Driver/Src/stm32h7xx_hal_tim.c.obj
                0x08006ab4                HAL_TIM_PWM_PulseFinishedCallback
 .text.HAL_TIM_TriggerCallback
                0x08006ab6        0x2 CMakeFiles/Balance_leg_V2.elf.dir/Drivers/STM32H7xx_HAL_Driver/Src/stm32h7xx_hal_tim.c.obj
                0x08006ab6                HAL_TIM_TriggerCallback
 .text.HAL_TIM_IRQHandler
                0x08006ab8      0x17a CMakeFiles/Balance_leg_V2.elf.dir/Drivers/STM32H7xx_HAL_Driver/Src/stm32h7xx_hal_tim.c.obj
                0x08006ab8                HAL_TIM_IRQHandler
 *fill*         0x08006c32        0x2 
 .text.TIM_Base_SetConfig
                0x08006c34      0x130 CMakeFiles/Balance_leg_V2.elf.dir/Drivers/STM32H7xx_HAL_Driver/Src/stm32h7xx_hal_tim.c.obj
                0x08006c34                TIM_Base_SetConfig
 .text.HAL_TIM_Base_Init
                0x08006d64       0x60 CMakeFiles/Balance_leg_V2.elf.dir/Drivers/STM32H7xx_HAL_Driver/Src/stm32h7xx_hal_tim.c.obj
                0x08006d64                HAL_TIM_Base_Init
 .text.HAL_TIMEx_CommutCallback
                0x08006dc4        0x2 CMakeFiles/Balance_leg_V2.elf.dir/Drivers/STM32H7xx_HAL_Driver/Src/stm32h7xx_hal_tim_ex.c.obj
                0x08006dc4                HAL_TIMEx_CommutCallback
 .text.HAL_TIMEx_BreakCallback
                0x08006dc6        0x2 CMakeFiles/Balance_leg_V2.elf.dir/Drivers/STM32H7xx_HAL_Driver/Src/stm32h7xx_hal_tim_ex.c.obj
                0x08006dc6                HAL_TIMEx_BreakCallback
 .text.HAL_TIMEx_Break2Callback
                0x08006dc8        0x2 CMakeFiles/Balance_leg_V2.elf.dir/Drivers/STM32H7xx_HAL_Driver/Src/stm32h7xx_hal_tim_ex.c.obj
                0x08006dc8                HAL_TIMEx_Break2Callback
 .text.UART_EndTxTransfer
                0x08006dca       0x32 CMakeFiles/Balance_leg_V2.elf.dir/Drivers/STM32H7xx_HAL_Driver/Src/stm32h7xx_hal_uart.c.obj
 .text.UART_EndRxTransfer
                0x08006dfc       0x58 CMakeFiles/Balance_leg_V2.elf.dir/Drivers/STM32H7xx_HAL_Driver/Src/stm32h7xx_hal_uart.c.obj
 .text.HAL_UART_Transmit_DMA
                0x08006e54       0x9c CMakeFiles/Balance_leg_V2.elf.dir/Drivers/STM32H7xx_HAL_Driver/Src/stm32h7xx_hal_uart.c.obj
                0x08006e54                HAL_UART_Transmit_DMA
 .text.HAL_UART_TxCpltCallback
                0x08006ef0        0x2 CMakeFiles/Balance_leg_V2.elf.dir/Drivers/STM32H7xx_HAL_Driver/Src/stm32h7xx_hal_uart.c.obj
                0x08006ef0                HAL_UART_TxCpltCallback
 .text.UART_DMATransmitCplt
                0x08006ef2       0x46 CMakeFiles/Balance_leg_V2.elf.dir/Drivers/STM32H7xx_HAL_Driver/Src/stm32h7xx_hal_uart.c.obj
 .text.UART_EndTransmit_IT
                0x08006f38       0x24 CMakeFiles/Balance_leg_V2.elf.dir/Drivers/STM32H7xx_HAL_Driver/Src/stm32h7xx_hal_uart.c.obj
 .text.HAL_UART_TxHalfCpltCallback
                0x08006f5c        0x2 CMakeFiles/Balance_leg_V2.elf.dir/Drivers/STM32H7xx_HAL_Driver/Src/stm32h7xx_hal_uart.c.obj
                0x08006f5c                HAL_UART_TxHalfCpltCallback
 .text.UART_DMATxHalfCplt
                0x08006f5e        0xa CMakeFiles/Balance_leg_V2.elf.dir/Drivers/STM32H7xx_HAL_Driver/Src/stm32h7xx_hal_uart.c.obj
 .text.HAL_UART_RxHalfCpltCallback
                0x08006f68        0x2 CMakeFiles/Balance_leg_V2.elf.dir/Drivers/STM32H7xx_HAL_Driver/Src/stm32h7xx_hal_uart.c.obj
                0x08006f68                HAL_UART_RxHalfCpltCallback
 .text.UART_DMAError
                0x08006f6a       0x58 CMakeFiles/Balance_leg_V2.elf.dir/Drivers/STM32H7xx_HAL_Driver/Src/stm32h7xx_hal_uart.c.obj
 .text.UART_DMAAbortOnError
                0x08006fc2       0x14 CMakeFiles/Balance_leg_V2.elf.dir/Drivers/STM32H7xx_HAL_Driver/Src/stm32h7xx_hal_uart.c.obj
 *fill*         0x08006fd6        0x2 
 .text.HAL_UART_IRQHandler
                0x08006fd8      0x3b4 CMakeFiles/Balance_leg_V2.elf.dir/Drivers/STM32H7xx_HAL_Driver/Src/stm32h7xx_hal_uart.c.obj
                0x08006fd8                HAL_UART_IRQHandler
 .text.UART_DMARxHalfCplt
                0x0800738c       0x20 CMakeFiles/Balance_leg_V2.elf.dir/Drivers/STM32H7xx_HAL_Driver/Src/stm32h7xx_hal_uart.c.obj
 .text.UART_DMAReceiveCplt
                0x080073ac       0x90 CMakeFiles/Balance_leg_V2.elf.dir/Drivers/STM32H7xx_HAL_Driver/Src/stm32h7xx_hal_uart.c.obj
 .text.UART_SetConfig
                0x0800743c      0x6c4 CMakeFiles/Balance_leg_V2.elf.dir/Drivers/STM32H7xx_HAL_Driver/Src/stm32h7xx_hal_uart.c.obj
                0x0800743c                UART_SetConfig
 .text.UART_AdvFeatureConfig
                0x08007b00       0xca CMakeFiles/Balance_leg_V2.elf.dir/Drivers/STM32H7xx_HAL_Driver/Src/stm32h7xx_hal_uart.c.obj
                0x08007b00                UART_AdvFeatureConfig
 .text.UART_WaitOnFlagUntilTimeout
                0x08007bca       0xa6 CMakeFiles/Balance_leg_V2.elf.dir/Drivers/STM32H7xx_HAL_Driver/Src/stm32h7xx_hal_uart.c.obj
                0x08007bca                UART_WaitOnFlagUntilTimeout
 .text.HAL_UART_Transmit
                0x08007c70       0xd0 CMakeFiles/Balance_leg_V2.elf.dir/Drivers/STM32H7xx_HAL_Driver/Src/stm32h7xx_hal_uart.c.obj
                0x08007c70                HAL_UART_Transmit
 .text.UART_CheckIdleState
                0x08007d40       0xca CMakeFiles/Balance_leg_V2.elf.dir/Drivers/STM32H7xx_HAL_Driver/Src/stm32h7xx_hal_uart.c.obj
                0x08007d40                UART_CheckIdleState
 .text.HAL_UART_Init
                0x08007e0a       0x66 CMakeFiles/Balance_leg_V2.elf.dir/Drivers/STM32H7xx_HAL_Driver/Src/stm32h7xx_hal_uart.c.obj
                0x08007e0a                HAL_UART_Init
 .text.UART_Start_Receive_DMA
                0x08007e70       0xb0 CMakeFiles/Balance_leg_V2.elf.dir/Drivers/STM32H7xx_HAL_Driver/Src/stm32h7xx_hal_uart.c.obj
                0x08007e70                UART_Start_Receive_DMA
 .text.UARTEx_SetNbDataToProcess
                0x08007f20       0x4c CMakeFiles/Balance_leg_V2.elf.dir/Drivers/STM32H7xx_HAL_Driver/Src/stm32h7xx_hal_uart_ex.c.obj
 .text.HAL_UARTEx_WakeupCallback
                0x08007f6c        0x2 CMakeFiles/Balance_leg_V2.elf.dir/Drivers/STM32H7xx_HAL_Driver/Src/stm32h7xx_hal_uart_ex.c.obj
                0x08007f6c                HAL_UARTEx_WakeupCallback
 .text.HAL_UARTEx_RxFifoFullCallback
                0x08007f6e        0x2 CMakeFiles/Balance_leg_V2.elf.dir/Drivers/STM32H7xx_HAL_Driver/Src/stm32h7xx_hal_uart_ex.c.obj
                0x08007f6e                HAL_UARTEx_RxFifoFullCallback
 .text.HAL_UARTEx_TxFifoEmptyCallback
                0x08007f70        0x2 CMakeFiles/Balance_leg_V2.elf.dir/Drivers/STM32H7xx_HAL_Driver/Src/stm32h7xx_hal_uart_ex.c.obj
                0x08007f70                HAL_UARTEx_TxFifoEmptyCallback
 .text.HAL_UARTEx_DisableFifoMode
                0x08007f72       0x3e CMakeFiles/Balance_leg_V2.elf.dir/Drivers/STM32H7xx_HAL_Driver/Src/stm32h7xx_hal_uart_ex.c.obj
                0x08007f72                HAL_UARTEx_DisableFifoMode
 .text.HAL_UARTEx_SetTxFifoThreshold
                0x08007fb0       0x4a CMakeFiles/Balance_leg_V2.elf.dir/Drivers/STM32H7xx_HAL_Driver/Src/stm32h7xx_hal_uart_ex.c.obj
                0x08007fb0                HAL_UARTEx_SetTxFifoThreshold
 .text.HAL_UARTEx_SetRxFifoThreshold
                0x08007ffa       0x4a CMakeFiles/Balance_leg_V2.elf.dir/Drivers/STM32H7xx_HAL_Driver/Src/stm32h7xx_hal_uart_ex.c.obj
                0x08007ffa                HAL_UARTEx_SetRxFifoThreshold
 .text.HAL_UARTEx_ReceiveToIdle_DMA
                0x08008044       0x50 CMakeFiles/Balance_leg_V2.elf.dir/Drivers/STM32H7xx_HAL_Driver/Src/stm32h7xx_hal_uart_ex.c.obj
                0x08008044                HAL_UARTEx_ReceiveToIdle_DMA
 .text.BasePID_Init
                0x08008094       0x1a CMakeFiles/Balance_leg_V2.elf.dir/User/Algorithm/Pid.c.obj
                0x08008094                BasePID_Init
 *fill*         0x080080ae        0x2 
 .text.VMC_init
                0x080080b0       0x18 CMakeFiles/Balance_leg_V2.elf.dir/User/Algorithm/VMC_calc.c.obj
                0x080080b0                VMC_init
 .text.VMC_calc_1_right
                0x080080c8      0x2fc CMakeFiles/Balance_leg_V2.elf.dir/User/Algorithm/VMC_calc.c.obj
                0x080080c8                VMC_calc_1_right
 .text.VMC_calc_1_left
                0x080083c4      0x308 CMakeFiles/Balance_leg_V2.elf.dir/User/Algorithm/VMC_calc.c.obj
                0x080083c4                VMC_calc_1_left
 .text.ChassisL_init
                0x080086cc       0x40 CMakeFiles/Balance_leg_V2.elf.dir/User/App/Chassis_L.c.obj
                0x080086cc                ChassisL_init
 .text.chassisL_feedback_update
                0x0800870c       0x84 CMakeFiles/Balance_leg_V2.elf.dir/User/App/Chassis_L.c.obj
                0x0800870c                chassisL_feedback_update
 .text.chassisL_control
                0x08008790       0x28 CMakeFiles/Balance_leg_V2.elf.dir/User/App/Chassis_L.c.obj
                0x08008790                chassisL_control
 .text.ChassisL_task
                0x080087b8       0x4c CMakeFiles/Balance_leg_V2.elf.dir/User/App/Chassis_L.c.obj
                0x080087b8                ChassisL_task
 .text.ChassisR_init
                0x08008804       0x9c CMakeFiles/Balance_leg_V2.elf.dir/User/App/Chassis_R.c.obj
                0x08008804                ChassisR_init
 .text.chassisR_feedback_update
                0x080088a0       0xbc CMakeFiles/Balance_leg_V2.elf.dir/User/App/Chassis_R.c.obj
                0x080088a0                chassisR_feedback_update
 .text.chassisR_control
                0x0800895c       0x28 CMakeFiles/Balance_leg_V2.elf.dir/User/App/Chassis_R.c.obj
                0x0800895c                chassisR_control
 .text.ChassisR_task
                0x08008984       0x94 CMakeFiles/Balance_leg_V2.elf.dir/User/App/Chassis_R.c.obj
                0x08008984                ChassisR_task
 .text.Check_FPS
                0x08008a18       0x90 CMakeFiles/Balance_leg_V2.elf.dir/User/App/Check.c.obj
                0x08008a18                Check_FPS
 .text.Online_check
                0x08008aa8       0x3c CMakeFiles/Balance_leg_V2.elf.dir/User/App/Check.c.obj
                0x08008aa8                Online_check
 .text.Check_Status
                0x08008ae4       0x34 CMakeFiles/Balance_leg_V2.elf.dir/User/App/Check.c.obj
                0x08008ae4                Check_Status
 .text.HAL_TIM_PeriodElapsedCallback
                0x08008b18       0xe4 CMakeFiles/Balance_leg_V2.elf.dir/User/App/Control_logic.c.obj
                0x08008b18                HAL_TIM_PeriodElapsedCallback
 .text.ELRS_Task
                0x08008bfc       0x16 CMakeFiles/Balance_leg_V2.elf.dir/User/App/ELRS_task.c.obj
                0x08008bfc                ELRS_Task
 *fill*         0x08008c12        0x2 
 .text.Facial_expression_init
                0x08008c14       0x9c CMakeFiles/Balance_leg_V2.elf.dir/User/App/Facial_expression.c.obj
                0x08008c14                Facial_expression_init
 .text.Facial_expression_Control
                0x08008cb0        0x2 CMakeFiles/Balance_leg_V2.elf.dir/User/App/Facial_expression.c.obj
                0x08008cb0                Facial_expression_Control
 .text.Facial_expression_Callback
                0x08008cb2        0x8 CMakeFiles/Balance_leg_V2.elf.dir/User/App/Facial_expression.c.obj
                0x08008cb2                Facial_expression_Callback
 *fill*         0x08008cba        0x2 
 .text.HardwareConfig
                0x08008cbc       0x4c CMakeFiles/Balance_leg_V2.elf.dir/User/App/Hardware_Config.c.obj
                0x08008cbc                HardwareConfig
 .text.HAL_UARTEx_RxEventCallback
                0x08008d08       0xdc CMakeFiles/Balance_leg_V2.elf.dir/User/App/USART_Callback.c.obj
                0x08008d08                HAL_UARTEx_RxEventCallback
 .text.HAL_UART_RxCpltCallback
                0x08008de4        0x2 CMakeFiles/Balance_leg_V2.elf.dir/User/App/USART_Callback.c.obj
                0x08008de4                HAL_UART_RxCpltCallback
 *fill*         0x08008de6        0x2 
 .text.HAL_UART_ErrorCallback
                0x08008de8       0x90 CMakeFiles/Balance_leg_V2.elf.dir/User/App/USART_Callback.c.obj
                0x08008de8                HAL_UART_ErrorCallback
 .text.FDCAN1_Config
                0x08008e78       0x68 CMakeFiles/Balance_leg_V2.elf.dir/User/BSP/can_bsp.c.obj
                0x08008e78                FDCAN1_Config
 .text.FDCAN2_Config
                0x08008ee0       0x68 CMakeFiles/Balance_leg_V2.elf.dir/User/BSP/can_bsp.c.obj
                0x08008ee0                FDCAN2_Config
 .text.canx_send_data
                0x08008f48       0x8e CMakeFiles/Balance_leg_V2.elf.dir/User/BSP/can_bsp.c.obj
                0x08008f48                canx_send_data
 *fill*         0x08008fd6        0x2 
 .text.HAL_FDCAN_RxFifo0Callback
                0x08008fd8       0x58 CMakeFiles/Balance_leg_V2.elf.dir/User/BSP/can_bsp.c.obj
                0x08008fd8                HAL_FDCAN_RxFifo0Callback
 .text.HAL_FDCAN_RxFifo1Callback
                0x08009030       0x54 CMakeFiles/Balance_leg_V2.elf.dir/User/BSP/can_bsp.c.obj
                0x08009030                HAL_FDCAN_RxFifo1Callback
 .text.Motor3508_update_data
                0x08009084       0x34 CMakeFiles/Balance_leg_V2.elf.dir/User/Devices/Dji_motor/Motor_Dji.c.obj
                0x08009084                Motor3508_update_data
 .text.Set_moto_current
                0x080090b8       0x36 CMakeFiles/Balance_leg_V2.elf.dir/User/Devices/Dji_motor/Motor_Dji.c.obj
                0x080090b8                Set_moto_current
 .text.float_Map
                0x080090ee       0x3c CMakeFiles/Balance_leg_V2.elf.dir/User/Devices/ELRS_Control/ELRS_Drive.c.obj
                0x080090ee                float_Map
 .text.float_Map_with_median
                0x0800912a       0x7a CMakeFiles/Balance_leg_V2.elf.dir/User/Devices/ELRS_Control/ELRS_Drive.c.obj
                0x0800912a                float_Map_with_median
 .text.ELRS_Init
                0x080091a4       0x9c CMakeFiles/Balance_leg_V2.elf.dir/User/Devices/ELRS_Control/ELRS_Drive.c.obj
                0x080091a4                ELRS_Init
 .text.ELRS_UARTE_RxCallback
                0x08009240      0x358 CMakeFiles/Balance_leg_V2.elf.dir/User/Devices/ELRS_Control/ELRS_Drive.c.obj
                0x08009240                ELRS_UARTE_RxCallback
 .text.hipnuc_crc16
                0x08009598       0x46 CMakeFiles/Balance_leg_V2.elf.dir/User/Devices/HI91/CH010_HI91.c.obj
 .text.hexToFloat
                0x080095de        0x6 CMakeFiles/Balance_leg_V2.elf.dir/User/Devices/HI91/CH010_HI91.c.obj
                0x080095de                hexToFloat
 .text.CH010_HI91_Init
                0x080095e4       0x9c CMakeFiles/Balance_leg_V2.elf.dir/User/Devices/HI91/CH010_HI91.c.obj
                0x080095e4                CH010_HI91_Init
 .text.HI91_UARTE_RxCallback
                0x08009680      0x2e0 CMakeFiles/Balance_leg_V2.elf.dir/User/Devices/HI91/CH010_HI91.c.obj
                0x08009680                HI91_UARTE_RxCallback
 .text.A1_Motor_Init
                0x08009960      0x260 CMakeFiles/Balance_leg_V2.elf.dir/User/Devices/Motor_A1/A1_Motor.c.obj
                0x08009960                A1_Motor_Init
 .text.crc32_core_Ver3
                0x08009bc0       0x58 CMakeFiles/Balance_leg_V2.elf.dir/User/Devices/Motor_A1/A1_Motor.c.obj
                0x08009bc0                crc32_core_Ver3
 .text.Modfiy_Speed_Cmd
                0x08009c18       0x50 CMakeFiles/Balance_leg_V2.elf.dir/User/Devices/Motor_A1/A1_Motor.c.obj
                0x08009c18                Modfiy_Speed_Cmd
 .text.A1_Motor_Send_Cmd
                0x08009c68      0x128 CMakeFiles/Balance_leg_V2.elf.dir/User/Devices/Motor_A1/A1_Motor.c.obj
                0x08009c68                A1_Motor_Send_Cmd
 .text.A1_Motor_Recv_Cmd
                0x08009d90      0x114 CMakeFiles/Balance_leg_V2.elf.dir/User/Devices/Motor_A1/A1_Motor.c.obj
                0x08009d90                A1_Motor_Recv_Cmd
 .text.arm_sin_f32
                0x08009ea4       0x8c C:\Users\w1445\Desktop\Microcontroller_project\Balance_leg\Code\Balance_V2\Balance_leg_V2\Middlewares\ST\ARM\DSP\Lib\libarm_cortexM4lf_math.a(arm_sin_f32.o)
                0x08009ea4                arm_sin_f32
 .text.arm_cos_f32
                0x08009f30       0x94 C:\Users\w1445\Desktop\Microcontroller_project\Balance_leg\Code\Balance_V2\Balance_leg_V2\Middlewares\ST\ARM\DSP\Lib\libarm_cortexM4lf_math.a(arm_cos_f32.o)
                0x08009f30                arm_cos_f32
 .text.__udivmoddi4
                0x08009fc4      0x2bc D:/arm-none-eabi/13.3 rel1/bin/../lib/gcc/arm-none-eabi/13.3.1/thumb/v7e-m+fp/hard\libgcc.a(_udivmoddi4.o)
                0x08009fc4                __udivmoddi4
 .text._malloc_r
                0x0800a280      0x564 D:/arm-none-eabi/13.3 rel1/bin/../lib/gcc/arm-none-eabi/13.3.1/thumb/v7e-m+fp/hard\libg.a(libc_a-mallocr.o)
                0x0800a280                _malloc_r
 .text.__malloc_lock
                0x0800a7e4        0xc D:/arm-none-eabi/13.3 rel1/bin/../lib/gcc/arm-none-eabi/13.3.1/thumb/v7e-m+fp/hard\libg.a(libc_a-mlock.o)
                0x0800a7e4                __malloc_lock
 .text.__malloc_unlock
                0x0800a7f0        0xc D:/arm-none-eabi/13.3 rel1/bin/../lib/gcc/arm-none-eabi/13.3.1/thumb/v7e-m+fp/hard\libg.a(libc_a-mlock.o)
                0x0800a7f0                __malloc_unlock
 .text.stdio_exit_handler
                0x0800a7fc       0x18 D:/arm-none-eabi/13.3 rel1/bin/../lib/gcc/arm-none-eabi/13.3.1/thumb/v7e-m+fp/hard\libg.a(libc_a-findfp.o)
 .text.cleanup_stdio
                0x0800a814       0x40 D:/arm-none-eabi/13.3 rel1/bin/../lib/gcc/arm-none-eabi/13.3.1/thumb/v7e-m+fp/hard\libg.a(libc_a-findfp.o)
 .text.global_stdio_init.part.0
                0x0800a854       0xf0 D:/arm-none-eabi/13.3 rel1/bin/../lib/gcc/arm-none-eabi/13.3.1/thumb/v7e-m+fp/hard\libg.a(libc_a-findfp.o)
 .text.__sinit  0x0800a944       0x3c D:/arm-none-eabi/13.3 rel1/bin/../lib/gcc/arm-none-eabi/13.3.1/thumb/v7e-m+fp/hard\libg.a(libc_a-findfp.o)
                0x0800a944                __sinit
 .text.__sfp_lock_acquire
                0x0800a980        0xc D:/arm-none-eabi/13.3 rel1/bin/../lib/gcc/arm-none-eabi/13.3.1/thumb/v7e-m+fp/hard\libg.a(libc_a-findfp.o)
                0x0800a980                __sfp_lock_acquire
 .text.__sfp_lock_release
                0x0800a98c        0xc D:/arm-none-eabi/13.3 rel1/bin/../lib/gcc/arm-none-eabi/13.3.1/thumb/v7e-m+fp/hard\libg.a(libc_a-findfp.o)
                0x0800a98c                __sfp_lock_release
 .text._fwalk_sglue
                0x0800a998       0x44 D:/arm-none-eabi/13.3 rel1/bin/../lib/gcc/arm-none-eabi/13.3.1/thumb/v7e-m+fp/hard\libg.a(libc_a-fwalk.o)
                0x0800a998                _fwalk_sglue
 .text.printf   0x0800a9dc       0x28 D:/arm-none-eabi/13.3 rel1/bin/../lib/gcc/arm-none-eabi/13.3.1/thumb/v7e-m+fp/hard\libg.a(libc_a-printf.o)
                0x0800a9dc                printf
 .text.__sread  0x0800aa04       0x24 D:/arm-none-eabi/13.3 rel1/bin/../lib/gcc/arm-none-eabi/13.3.1/thumb/v7e-m+fp/hard\libg.a(libc_a-stdio.o)
                0x0800aa04                __sread
 .text.__swrite
                0x0800aa28       0x40 D:/arm-none-eabi/13.3 rel1/bin/../lib/gcc/arm-none-eabi/13.3.1/thumb/v7e-m+fp/hard\libg.a(libc_a-stdio.o)
                0x0800aa28                __swrite
 .text.__sseek  0x0800aa68       0x24 D:/arm-none-eabi/13.3 rel1/bin/../lib/gcc/arm-none-eabi/13.3.1/thumb/v7e-m+fp/hard\libg.a(libc_a-stdio.o)
                0x0800aa68                __sseek
 .text.__sclose
                0x0800aa8c        0x8 D:/arm-none-eabi/13.3 rel1/bin/../lib/gcc/arm-none-eabi/13.3.1/thumb/v7e-m+fp/hard\libg.a(libc_a-stdio.o)
                0x0800aa8c                __sclose
 .text.memset   0x0800aa94       0xa4 D:/arm-none-eabi/13.3 rel1/bin/../lib/gcc/arm-none-eabi/13.3.1/thumb/v7e-m+fp/hard\libg.a(libc_a-memset.o)
                0x0800aa94                memset
 .text._close_r
                0x0800ab38       0x24 D:/arm-none-eabi/13.3 rel1/bin/../lib/gcc/arm-none-eabi/13.3.1/thumb/v7e-m+fp/hard\libg.a(libc_a-closer.o)
                0x0800ab38                _close_r
 .text._lseek_r
                0x0800ab5c       0x2c D:/arm-none-eabi/13.3 rel1/bin/../lib/gcc/arm-none-eabi/13.3.1/thumb/v7e-m+fp/hard\libg.a(libc_a-lseekr.o)
                0x0800ab5c                _lseek_r
 .text._read_r  0x0800ab88       0x2c D:/arm-none-eabi/13.3 rel1/bin/../lib/gcc/arm-none-eabi/13.3.1/thumb/v7e-m+fp/hard\libg.a(libc_a-readr.o)
                0x0800ab88                _read_r
 .text._sbrk_r  0x0800abb4       0x24 D:/arm-none-eabi/13.3 rel1/bin/../lib/gcc/arm-none-eabi/13.3.1/thumb/v7e-m+fp/hard\libg.a(libc_a-sbrkr.o)
                0x0800abb4                _sbrk_r
 .text._write_r
                0x0800abd8       0x2c D:/arm-none-eabi/13.3 rel1/bin/../lib/gcc/arm-none-eabi/13.3.1/thumb/v7e-m+fp/hard\libg.a(libc_a-writer.o)
                0x0800abd8                _write_r
 .text.__errno  0x0800ac04        0xc D:/arm-none-eabi/13.3 rel1/bin/../lib/gcc/arm-none-eabi/13.3.1/thumb/v7e-m+fp/hard\libg.a(libc_a-errno.o)
                0x0800ac04                __errno
 .text.__libc_init_array
                0x0800ac10       0x50 D:/arm-none-eabi/13.3 rel1/bin/../lib/gcc/arm-none-eabi/13.3.1/thumb/v7e-m+fp/hard\libg.a(libc_a-init.o)
                0x0800ac10                __libc_init_array
 .text.__retarget_lock_init_recursive
                0x0800ac60        0x4 D:/arm-none-eabi/13.3 rel1/bin/../lib/gcc/arm-none-eabi/13.3.1/thumb/v7e-m+fp/hard\libg.a(libc_a-lock.o)
                0x0800ac60                __retarget_lock_init_recursive
 .text.__retarget_lock_close_recursive
                0x0800ac64        0x4 D:/arm-none-eabi/13.3 rel1/bin/../lib/gcc/arm-none-eabi/13.3.1/thumb/v7e-m+fp/hard\libg.a(libc_a-lock.o)
                0x0800ac64                __retarget_lock_close_recursive
 .text.__retarget_lock_acquire_recursive
                0x0800ac68        0x4 D:/arm-none-eabi/13.3 rel1/bin/../lib/gcc/arm-none-eabi/13.3.1/thumb/v7e-m+fp/hard\libg.a(libc_a-lock.o)
                0x0800ac68                __retarget_lock_acquire_recursive
 .text.__retarget_lock_release_recursive
                0x0800ac6c        0x4 D:/arm-none-eabi/13.3 rel1/bin/../lib/gcc/arm-none-eabi/13.3.1/thumb/v7e-m+fp/hard\libg.a(libc_a-lock.o)
                0x0800ac6c                __retarget_lock_release_recursive
 .text.sysconf  0x0800ac70       0x1c D:/arm-none-eabi/13.3 rel1/bin/../lib/gcc/arm-none-eabi/13.3.1/thumb/v7e-m+fp/hard\libg.a(libc_a-sysconf.o)
                0x0800ac70                sysconf
 .text.startup.register_fini
                0x0800ac8c       0x14 D:/arm-none-eabi/13.3 rel1/bin/../lib/gcc/arm-none-eabi/13.3.1/thumb/v7e-m+fp/hard\libg.a(libc_a-__call_atexit.o)
 .text.atexit   0x0800aca0        0xc D:/arm-none-eabi/13.3 rel1/bin/../lib/gcc/arm-none-eabi/13.3.1/thumb/v7e-m+fp/hard\libg.a(libc_a-atexit.o)
                0x0800aca0                atexit
 .text._malloc_trim_r
                0x0800acac       0xb8 D:/arm-none-eabi/13.3 rel1/bin/../lib/gcc/arm-none-eabi/13.3.1/thumb/v7e-m+fp/hard\libg.a(libc_a-freer.o)
                0x0800acac                _malloc_trim_r
 .text._free_r  0x0800ad64      0x1f8 D:/arm-none-eabi/13.3 rel1/bin/../lib/gcc/arm-none-eabi/13.3.1/thumb/v7e-m+fp/hard\libg.a(libc_a-freer.o)
                0x0800ad64                _free_r
 *fill*         0x0800af5c        0x4 
 .text._vfprintf_r
                0x0800af60     0x1c24 D:/arm-none-eabi/13.3 rel1/bin/../lib/gcc/arm-none-eabi/13.3.1/thumb/v7e-m+fp/hard\libg.a(libc_a-vfprintf.o)
                0x0800af60                _vfprintf_r
 .text.__sbprintf
                0x0800cb84       0x80 D:/arm-none-eabi/13.3 rel1/bin/../lib/gcc/arm-none-eabi/13.3.1/thumb/v7e-m+fp/hard\libg.a(libc_a-vfprintf.o)
 .text.__sprint_r
                0x0800cc04       0x20 D:/arm-none-eabi/13.3 rel1/bin/../lib/gcc/arm-none-eabi/13.3.1/thumb/v7e-m+fp/hard\libg.a(libc_a-sprint_r.o)
                0x0800cc04                __sprint_r
 .text._fclose_r
                0x0800cc24       0xc0 D:/arm-none-eabi/13.3 rel1/bin/../lib/gcc/arm-none-eabi/13.3.1/thumb/v7e-m+fp/hard\libg.a(libc_a-fclose.o)
                0x0800cc24                _fclose_r
 .text.__sflush_r
                0x0800cce4      0x138 D:/arm-none-eabi/13.3 rel1/bin/../lib/gcc/arm-none-eabi/13.3.1/thumb/v7e-m+fp/hard\libg.a(libc_a-fflush.o)
                0x0800cce4                __sflush_r
 .text._fflush_r
                0x0800ce1c       0x54 D:/arm-none-eabi/13.3 rel1/bin/../lib/gcc/arm-none-eabi/13.3.1/thumb/v7e-m+fp/hard\libg.a(libc_a-fflush.o)
                0x0800ce1c                _fflush_r
 .text.__sfvwrite_r
                0x0800ce70      0x300 D:/arm-none-eabi/13.3 rel1/bin/../lib/gcc/arm-none-eabi/13.3.1/thumb/v7e-m+fp/hard\libg.a(libc_a-fvwrite.o)
                0x0800ce70                __sfvwrite_r
 .text.__swsetup_r
                0x0800d170       0xc4 D:/arm-none-eabi/13.3 rel1/bin/../lib/gcc/arm-none-eabi/13.3.1/thumb/v7e-m+fp/hard\libg.a(libc_a-wsetup.o)
                0x0800d170                __swsetup_r
 .text.memmove  0x0800d234      0x100 D:/arm-none-eabi/13.3 rel1/bin/../lib/gcc/arm-none-eabi/13.3.1/thumb/v7e-m+fp/hard\libg.a(libc_a-memmove.o)
                0x0800d234                memmove
 .text.strncpy  0x0800d334       0x68 D:/arm-none-eabi/13.3 rel1/bin/../lib/gcc/arm-none-eabi/13.3.1/thumb/v7e-m+fp/hard\libg.a(libc_a-strncpy.o)
                0x0800d334                strncpy
 .text.__locale_mb_cur_max
                0x0800d39c        0xc D:/arm-none-eabi/13.3 rel1/bin/../lib/gcc/arm-none-eabi/13.3.1/thumb/v7e-m+fp/hard\libg.a(libc_a-locale.o)
                0x0800d39c                __locale_mb_cur_max
 .text._localeconv_r
                0x0800d3a8        0x8 D:/arm-none-eabi/13.3 rel1/bin/../lib/gcc/arm-none-eabi/13.3.1/thumb/v7e-m+fp/hard\libg.a(libc_a-localeconv.o)
                0x0800d3a8                _localeconv_r
 .text.__libc_fini_array
                0x0800d3b0       0x28 D:/arm-none-eabi/13.3 rel1/bin/../lib/gcc/arm-none-eabi/13.3.1/thumb/v7e-m+fp/hard\libg.a(libc_a-fini.o)
                0x0800d3b0                __libc_fini_array
 .text.frexp    0x0800d3d8       0x64 D:/arm-none-eabi/13.3 rel1/bin/../lib/gcc/arm-none-eabi/13.3.1/thumb/v7e-m+fp/hard\libg.a(libm_a-s_frexp.o)
                0x0800d3d8                frexp
 .text.__register_exitproc
                0x0800d43c       0x80 D:/arm-none-eabi/13.3 rel1/bin/../lib/gcc/arm-none-eabi/13.3.1/thumb/v7e-m+fp/hard\libg.a(libc_a-__atexit.o)
                0x0800d43c                __register_exitproc
 .text.quorem   0x0800d4bc      0x12c D:/arm-none-eabi/13.3 rel1/bin/../lib/gcc/arm-none-eabi/13.3.1/thumb/v7e-m+fp/hard\libg.a(libc_a-dtoa.o)
 .text._dtoa_r  0x0800d5e8      0xe80 D:/arm-none-eabi/13.3 rel1/bin/../lib/gcc/arm-none-eabi/13.3.1/thumb/v7e-m+fp/hard\libg.a(libc_a-dtoa.o)
                0x0800d5e8                _dtoa_r
 .text.__ascii_mbtowc
                0x0800e468       0x2c D:/arm-none-eabi/13.3 rel1/bin/../lib/gcc/arm-none-eabi/13.3.1/thumb/v7e-m+fp/hard\libg.a(libc_a-mbtowc_r.o)
                0x0800e468                __ascii_mbtowc
 .text._Balloc  0x0800e494       0x4c D:/arm-none-eabi/13.3 rel1/bin/../lib/gcc/arm-none-eabi/13.3.1/thumb/v7e-m+fp/hard\libg.a(libc_a-mprec.o)
                0x0800e494                _Balloc
 .text._Bfree   0x0800e4e0       0x14 D:/arm-none-eabi/13.3 rel1/bin/../lib/gcc/arm-none-eabi/13.3.1/thumb/v7e-m+fp/hard\libg.a(libc_a-mprec.o)
                0x0800e4e0                _Bfree
 .text.__multadd
                0x0800e4f4       0xa0 D:/arm-none-eabi/13.3 rel1/bin/../lib/gcc/arm-none-eabi/13.3.1/thumb/v7e-m+fp/hard\libg.a(libc_a-mprec.o)
                0x0800e4f4                __multadd
 .text.__hi0bits
                0x0800e594       0x44 D:/arm-none-eabi/13.3 rel1/bin/../lib/gcc/arm-none-eabi/13.3.1/thumb/v7e-m+fp/hard\libg.a(libc_a-mprec.o)
                0x0800e594                __hi0bits
 .text.__lo0bits
                0x0800e5d8       0x60 D:/arm-none-eabi/13.3 rel1/bin/../lib/gcc/arm-none-eabi/13.3.1/thumb/v7e-m+fp/hard\libg.a(libc_a-mprec.o)
                0x0800e5d8                __lo0bits
 .text.__i2b    0x0800e638       0x5c D:/arm-none-eabi/13.3 rel1/bin/../lib/gcc/arm-none-eabi/13.3.1/thumb/v7e-m+fp/hard\libg.a(libc_a-mprec.o)
                0x0800e638                __i2b
 .text.__multiply
                0x0800e694      0x16c D:/arm-none-eabi/13.3 rel1/bin/../lib/gcc/arm-none-eabi/13.3.1/thumb/v7e-m+fp/hard\libg.a(libc_a-mprec.o)
                0x0800e694                __multiply
 .text.__pow5mult
                0x0800e800       0xb4 D:/arm-none-eabi/13.3 rel1/bin/../lib/gcc/arm-none-eabi/13.3.1/thumb/v7e-m+fp/hard\libg.a(libc_a-mprec.o)
                0x0800e800                __pow5mult
 .text.__lshift
                0x0800e8b4       0xf0 D:/arm-none-eabi/13.3 rel1/bin/../lib/gcc/arm-none-eabi/13.3.1/thumb/v7e-m+fp/hard\libg.a(libc_a-mprec.o)
                0x0800e8b4                __lshift
 .text.__mcmp   0x0800e9a4       0x44 D:/arm-none-eabi/13.3 rel1/bin/../lib/gcc/arm-none-eabi/13.3.1/thumb/v7e-m+fp/hard\libg.a(libc_a-mprec.o)
                0x0800e9a4                __mcmp
 .text.__mdiff  0x0800e9e8      0x178 D:/arm-none-eabi/13.3 rel1/bin/../lib/gcc/arm-none-eabi/13.3.1/thumb/v7e-m+fp/hard\libg.a(libc_a-mprec.o)
                0x0800e9e8                __mdiff
 .text.__d2b    0x0800eb60       0xc0 D:/arm-none-eabi/13.3 rel1/bin/../lib/gcc/arm-none-eabi/13.3.1/thumb/v7e-m+fp/hard\libg.a(libc_a-mprec.o)
                0x0800eb60                __d2b
 .text._realloc_r
                0x0800ec20      0x344 D:/arm-none-eabi/13.3 rel1/bin/../lib/gcc/arm-none-eabi/13.3.1/thumb/v7e-m+fp/hard\libg.a(libc_a-reallocr.o)
                0x0800ec20                _realloc_r
 .text.__ascii_wctomb
                0x0800ef64       0x1c D:/arm-none-eabi/13.3 rel1/bin/../lib/gcc/arm-none-eabi/13.3.1/thumb/v7e-m+fp/hard\libg.a(libc_a-wctomb_r.o)
                0x0800ef64                __ascii_wctomb
 .text._wcrtomb_r
                0x0800ef80       0x4c D:/arm-none-eabi/13.3 rel1/bin/../lib/gcc/arm-none-eabi/13.3.1/thumb/v7e-m+fp/hard\libg.a(libc_a-wcrtomb.o)
                0x0800ef80                _wcrtomb_r
 .text._wcsrtombs_r
                0x0800efcc       0x18 D:/arm-none-eabi/13.3 rel1/bin/../lib/gcc/arm-none-eabi/13.3.1/thumb/v7e-m+fp/hard\libg.a(libc_a-wcsrtombs.o)
                0x0800efcc                _wcsrtombs_r
 .text.__smakebuf_r
                0x0800efe4       0xdc D:/arm-none-eabi/13.3 rel1/bin/../lib/gcc/arm-none-eabi/13.3.1/thumb/v7e-m+fp/hard\libg.a(libc_a-makebuf.o)
                0x0800efe4                __smakebuf_r
 .text._fstat_r
                0x0800f0c0       0x2c D:/arm-none-eabi/13.3 rel1/bin/../lib/gcc/arm-none-eabi/13.3.1/thumb/v7e-m+fp/hard\libg.a(libc_a-fstatr.o)
                0x0800f0c0                _fstat_r
 .text._isatty_r
                0x0800f0ec       0x24 D:/arm-none-eabi/13.3 rel1/bin/../lib/gcc/arm-none-eabi/13.3.1/thumb/v7e-m+fp/hard\libg.a(libc_a-isattyr.o)
                0x0800f0ec                _isatty_r
 .text.__assert_func
                0x0800f110       0x40 D:/arm-none-eabi/13.3 rel1/bin/../lib/gcc/arm-none-eabi/13.3.1/thumb/v7e-m+fp/hard\libg.a(libc_a-assert.o)
                0x0800f110                __assert_func
 .text._calloc_r
                0x0800f150       0x6c D:/arm-none-eabi/13.3 rel1/bin/../lib/gcc/arm-none-eabi/13.3.1/thumb/v7e-m+fp/hard\libg.a(libc_a-callocr.o)
                0x0800f150                _calloc_r
 .text._wcsnrtombs_l
                0x0800f1bc       0xfc D:/arm-none-eabi/13.3 rel1/bin/../lib/gcc/arm-none-eabi/13.3.1/thumb/v7e-m+fp/hard\libg.a(libc_a-wcsnrtombs.o)
                0x0800f1bc                _wcsnrtombs_l
 .text._wcsnrtombs_r
                0x0800f2b8       0x24 D:/arm-none-eabi/13.3 rel1/bin/../lib/gcc/arm-none-eabi/13.3.1/thumb/v7e-m+fp/hard\libg.a(libc_a-wcsnrtombs.o)
                0x0800f2b8                _wcsnrtombs_r
 .text.fiprintf
                0x0800f2dc       0x28 D:/arm-none-eabi/13.3 rel1/bin/../lib/gcc/arm-none-eabi/13.3.1/thumb/v7e-m+fp/hard\libg.a(libc_a-fiprintf.o)
                0x0800f2dc                fiprintf
 .text._vfiprintf_r
                0x0800f304      0xe68 D:/arm-none-eabi/13.3 rel1/bin/../lib/gcc/arm-none-eabi/13.3.1/thumb/v7e-m+fp/hard\libg.a(libc_a-vfiprintf.o)
                0x0800f304                _vfiprintf_r
 .text.__sbprintf
                0x0801016c       0x80 D:/arm-none-eabi/13.3 rel1/bin/../lib/gcc/arm-none-eabi/13.3.1/thumb/v7e-m+fp/hard\libg.a(libc_a-vfiprintf.o)
 .text.abort    0x080101ec       0x10 D:/arm-none-eabi/13.3 rel1/bin/../lib/gcc/arm-none-eabi/13.3.1/thumb/v7e-m+fp/hard\libg.a(libc_a-abort.o)
                0x080101ec                abort
 .text.raise    0x080101fc       0x58 D:/arm-none-eabi/13.3 rel1/bin/../lib/gcc/arm-none-eabi/13.3.1/thumb/v7e-m+fp/hard\libg.a(libc_a-signal.o)
                0x080101fc                raise
 .text._kill_r  0x08010254       0x2c D:/arm-none-eabi/13.3 rel1/bin/../lib/gcc/arm-none-eabi/13.3.1/thumb/v7e-m+fp/hard\libg.a(libc_a-signalr.o)
                0x08010254                _kill_r
 .text._getpid_r
                0x08010280        0x4 D:/arm-none-eabi/13.3 rel1/bin/../lib/gcc/arm-none-eabi/13.3.1/thumb/v7e-m+fp/hard\libg.a(libc_a-signalr.o)
                0x08010280                _getpid_r
 .text.sqrt     0x08010284       0x68 D:/arm-none-eabi/13.3 rel1/bin/../lib/gcc/arm-none-eabi/13.3.1/thumb/v7e-m+fp/hard\libm.a(libm_a-w_sqrt.o)
                0x08010284                sqrt
 .text.atan2f   0x080102ec        0x4 D:/arm-none-eabi/13.3 rel1/bin/../lib/gcc/arm-none-eabi/13.3.1/thumb/v7e-m+fp/hard\libm.a(libm_a-wf_atan2.o)
                0x080102ec                atan2f
 .text.__ieee754_sqrt
                0x080102f0      0x1ec D:/arm-none-eabi/13.3 rel1/bin/../lib/gcc/arm-none-eabi/13.3.1/thumb/v7e-m+fp/hard\libm.a(libm_a-e_sqrt.o)
                0x080102f0                __ieee754_sqrt
 .text.__ieee754_atan2f
                0x080104dc      0x150 D:/arm-none-eabi/13.3 rel1/bin/../lib/gcc/arm-none-eabi/13.3.1/thumb/v7e-m+fp/hard\libm.a(libm_a-ef_atan2.o)
                0x080104dc                __ieee754_atan2f
 .text.atanf    0x0801062c      0x1ac D:/arm-none-eabi/13.3 rel1/bin/../lib/gcc/arm-none-eabi/13.3.1/thumb/v7e-m+fp/hard\libm.a(libm_a-sf_atan.o)
                0x0801062c                atanf
 .text.fabsf    0x080107d8       0x10 D:/arm-none-eabi/13.3 rel1/bin/../lib/gcc/arm-none-eabi/13.3.1/thumb/v7e-m+fp/hard\libm.a(libm_a-sf_fabs.o)
                0x080107d8                fabsf
 *(.glue_7)
 .glue_7        0x080107e8        0x0 linker stubs
 *(.glue_7t)
 .glue_7t       0x080107e8        0x0 linker stubs
 *(.eh_frame)
 .eh_frame      0x080107e8        0x0 D:/arm-none-eabi/13.3 rel1/bin/../lib/gcc/arm-none-eabi/13.3.1/thumb/v7e-m+fp/hard/crtbegin.o
 *(.init)
 .init          0x080107e8        0x4 D:/arm-none-eabi/13.3 rel1/bin/../lib/gcc/arm-none-eabi/13.3.1/thumb/v7e-m+fp/hard/crti.o
                0x080107e8                _init
 .init          0x080107ec        0x8 D:/arm-none-eabi/13.3 rel1/bin/../lib/gcc/arm-none-eabi/13.3.1/thumb/v7e-m+fp/hard/crtn.o
 *(.fini)
 .fini          0x080107f4        0x4 D:/arm-none-eabi/13.3 rel1/bin/../lib/gcc/arm-none-eabi/13.3.1/thumb/v7e-m+fp/hard/crti.o
                0x080107f4                _fini
 .fini          0x080107f8        0x8 D:/arm-none-eabi/13.3 rel1/bin/../lib/gcc/arm-none-eabi/13.3.1/thumb/v7e-m+fp/hard/crtn.o
                0x08010800                        . = ALIGN (0x4)
                0x08010800                        _etext = .

.vfp11_veneer   0x08010800        0x0
 .vfp11_veneer  0x08010800        0x0 linker stubs

.v4_bx          0x08010800        0x0
 .v4_bx         0x08010800        0x0 linker stubs

.iplt           0x08010800        0x0
 .iplt          0x08010800        0x0 D:/arm-none-eabi/13.3 rel1/bin/../lib/gcc/arm-none-eabi/13.3.1/thumb/v7e-m+fp/hard/crtbegin.o

.rodata         0x08010800      0xce8
                0x08010800                        . = ALIGN (0x4)
 *(.rodata)
 .rodata        0x08010800       0x4c CMakeFiles/Balance_leg_V2.elf.dir/Drivers/STM32H7xx_HAL_Driver/Src/stm32h7xx_hal_fdcan.c.obj
 *(.rodata*)
 .rodata.main.str1.4
                0x0801084c      0x1b7 CMakeFiles/Balance_leg_V2.elf.dir/Core/Src/main.c.obj
                                  0xd (size before relaxing)
 *fill*         0x08010a03        0x1 
 .rodata.D1CorePrescTable
                0x08010a04       0x10 CMakeFiles/Balance_leg_V2.elf.dir/Core/Src/system_stm32h7xx.c.obj
                0x08010a04                D1CorePrescTable
 .rodata.flagBitshiftOffset.0
                0x08010a14        0x8 CMakeFiles/Balance_leg_V2.elf.dir/Drivers/STM32H7xx_HAL_Driver/Src/stm32h7xx_hal_dma.c.obj
 .rodata.DLCtoBytes
                0x08010a1c       0x10 CMakeFiles/Balance_leg_V2.elf.dir/Drivers/STM32H7xx_HAL_Driver/Src/stm32h7xx_hal_fdcan.c.obj
 .rodata.UARTPrescTable
                0x08010a2c       0x18 CMakeFiles/Balance_leg_V2.elf.dir/Drivers/STM32H7xx_HAL_Driver/Src/stm32h7xx_hal_uart.c.obj
                0x08010a2c                UARTPrescTable
 .rodata.denominator.0
                0x08010a44        0x8 CMakeFiles/Balance_leg_V2.elf.dir/Drivers/STM32H7xx_HAL_Driver/Src/stm32h7xx_hal_uart_ex.c.obj
 .rodata.numerator.1
                0x08010a4c        0x8 CMakeFiles/Balance_leg_V2.elf.dir/Drivers/STM32H7xx_HAL_Driver/Src/stm32h7xx_hal_uart_ex.c.obj
 .rodata.sinTable_f32
                0x08010a54      0x804 C:\Users\w1445\Desktop\Microcontroller_project\Balance_leg\Code\Balance_V2\Balance_leg_V2\Middlewares\ST\ARM\DSP\Lib\libarm_cortexM4lf_math.a(arm_common_tables.o)
                0x08010a54                sinTable_f32
 .rodata._vfprintf_r.str1.4
                0x08011258       0x42 D:/arm-none-eabi/13.3 rel1/bin/../lib/gcc/arm-none-eabi/13.3.1/thumb/v7e-m+fp/hard\libg.a(libc_a-vfprintf.o)
 .rodata.zeroes.0
                0x08011258       0x10 D:/arm-none-eabi/13.3 rel1/bin/../lib/gcc/arm-none-eabi/13.3.1/thumb/v7e-m+fp/hard\libg.a(libc_a-vfprintf.o)
 .rodata.blanks.1
                0x08011268       0x10 D:/arm-none-eabi/13.3 rel1/bin/../lib/gcc/arm-none-eabi/13.3.1/thumb/v7e-m+fp/hard\libg.a(libc_a-vfprintf.o)
 .rodata.str1.4
                0x08011278       0x4c D:/arm-none-eabi/13.3 rel1/bin/../lib/gcc/arm-none-eabi/13.3.1/thumb/v7e-m+fp/hard\libg.a(libc_a-locale.o)
 .rodata._dtoa_r.str1.4
                0x08011278       0x81 D:/arm-none-eabi/13.3 rel1/bin/../lib/gcc/arm-none-eabi/13.3.1/thumb/v7e-m+fp/hard\libg.a(libc_a-dtoa.o)
 .rodata.__multadd.str1.4
                0x08011278       0x6e D:/arm-none-eabi/13.3 rel1/bin/../lib/gcc/arm-none-eabi/13.3.1/thumb/v7e-m+fp/hard\libg.a(libc_a-mprec.o)
 .rodata.p05.0  0x08011278        0xc D:/arm-none-eabi/13.3 rel1/bin/../lib/gcc/arm-none-eabi/13.3.1/thumb/v7e-m+fp/hard\libg.a(libc_a-mprec.o)
 *fill*         0x08011284        0x4 
 .rodata.__mprec_bigtens
                0x08011288       0x28 D:/arm-none-eabi/13.3 rel1/bin/../lib/gcc/arm-none-eabi/13.3.1/thumb/v7e-m+fp/hard\libg.a(libc_a-mprec.o)
                0x08011288                __mprec_bigtens
 .rodata.__mprec_tens
                0x080112b0       0xc8 D:/arm-none-eabi/13.3 rel1/bin/../lib/gcc/arm-none-eabi/13.3.1/thumb/v7e-m+fp/hard\libg.a(libc_a-mprec.o)
                0x080112b0                __mprec_tens
 .rodata._ctype_
                0x08011378      0x101 D:/arm-none-eabi/13.3 rel1/bin/../lib/gcc/arm-none-eabi/13.3.1/thumb/v7e-m+fp/hard\libg.a(libc_a-ctype_.o)
                0x08011378                _ctype_
 .rodata.__assert_func.str1.4
                0x08011479       0x43 D:/arm-none-eabi/13.3 rel1/bin/../lib/gcc/arm-none-eabi/13.3.1/thumb/v7e-m+fp/hard\libg.a(libc_a-assert.o)
 .rodata._vfiprintf_r.str1.4
                0x08011479       0x2f D:/arm-none-eabi/13.3 rel1/bin/../lib/gcc/arm-none-eabi/13.3.1/thumb/v7e-m+fp/hard\libg.a(libc_a-vfiprintf.o)
 *fill*         0x08011479        0x3 
 .rodata.zeroes.0
                0x0801147c       0x10 D:/arm-none-eabi/13.3 rel1/bin/../lib/gcc/arm-none-eabi/13.3.1/thumb/v7e-m+fp/hard\libg.a(libc_a-vfiprintf.o)
 .rodata.blanks.1
                0x0801148c       0x10 D:/arm-none-eabi/13.3 rel1/bin/../lib/gcc/arm-none-eabi/13.3.1/thumb/v7e-m+fp/hard\libg.a(libc_a-vfiprintf.o)
 *fill*         0x0801149c        0x4 
 .rodata.tiny   0x080114a0        0x8 D:/arm-none-eabi/13.3 rel1/bin/../lib/gcc/arm-none-eabi/13.3.1/thumb/v7e-m+fp/hard\libm.a(libm_a-e_sqrt.o)
 .rodata.one    0x080114a8        0x8 D:/arm-none-eabi/13.3 rel1/bin/../lib/gcc/arm-none-eabi/13.3.1/thumb/v7e-m+fp/hard\libm.a(libm_a-e_sqrt.o)
 .rodata.CSWTCH.9
                0x080114b0        0xc D:/arm-none-eabi/13.3 rel1/bin/../lib/gcc/arm-none-eabi/13.3.1/thumb/v7e-m+fp/hard\libm.a(libm_a-ef_atan2.o)
 .rodata.CSWTCH.8
                0x080114bc        0xc D:/arm-none-eabi/13.3 rel1/bin/../lib/gcc/arm-none-eabi/13.3.1/thumb/v7e-m+fp/hard\libm.a(libm_a-ef_atan2.o)
 .rodata.atanlo
                0x080114c8       0x10 D:/arm-none-eabi/13.3 rel1/bin/../lib/gcc/arm-none-eabi/13.3.1/thumb/v7e-m+fp/hard\libm.a(libm_a-sf_atan.o)
 .rodata.atanhi
                0x080114d8       0x10 D:/arm-none-eabi/13.3 rel1/bin/../lib/gcc/arm-none-eabi/13.3.1/thumb/v7e-m+fp/hard\libm.a(libm_a-sf_atan.o)
                0x080114e8                        . = ALIGN (0x4)

.ARM.extab
 *(.ARM.extab* .gnu.linkonce.armextab.*)

.ARM            0x080114e8        0x8
                0x080114e8                        __exidx_start = .
 *(.ARM.exidx*)
 .ARM.exidx     0x080114e8        0x8 D:/arm-none-eabi/13.3 rel1/bin/../lib/gcc/arm-none-eabi/13.3.1/thumb/v7e-m+fp/hard\libg.a(libc_a-memcpy.o)
 .ARM.exidx     0x080114f0        0x0 D:/arm-none-eabi/13.3 rel1/bin/../lib/gcc/arm-none-eabi/13.3.1/thumb/v7e-m+fp/hard\libg.a(libc_a-memchr.o)
                                  0x8 (size before relaxing)
 .ARM.exidx     0x080114f0        0x0 D:/arm-none-eabi/13.3 rel1/bin/../lib/gcc/arm-none-eabi/13.3.1/thumb/v7e-m+fp/hard\libg.a(libc_a-strlen.o)
                                  0x8 (size before relaxing)
 .ARM.exidx.text.__udivmoddi4
                0x080114f0        0x0 D:/arm-none-eabi/13.3 rel1/bin/../lib/gcc/arm-none-eabi/13.3.1/thumb/v7e-m+fp/hard\libgcc.a(_udivmoddi4.o)
                                  0x8 (size before relaxing)
                0x080114f0                        __exidx_end = .

.preinit_array  0x080114f0        0x0
                0x080114f0                        PROVIDE (__preinit_array_start = .)
 *(.preinit_array*)
                0x080114f0                        PROVIDE (__preinit_array_end = .)

.init_array     0x080114f0        0x8
                0x080114f0                        PROVIDE (__init_array_start = .)
 *(SORT_BY_NAME(.init_array.*))
 .init_array.00000
                0x080114f0        0x4 D:/arm-none-eabi/13.3 rel1/bin/../lib/gcc/arm-none-eabi/13.3.1/thumb/v7e-m+fp/hard\libg.a(libc_a-__call_atexit.o)
 *(.init_array*)
 .init_array    0x080114f4        0x4 D:/arm-none-eabi/13.3 rel1/bin/../lib/gcc/arm-none-eabi/13.3.1/thumb/v7e-m+fp/hard/crtbegin.o
                0x080114f8                        PROVIDE (__init_array_end = .)

.fini_array     0x080114f8        0x4
                0x080114f8                        PROVIDE (__fini_array_start = .)
 *(SORT_BY_NAME(.fini_array.*))
 *(.fini_array*)
 .fini_array    0x080114f8        0x4 D:/arm-none-eabi/13.3 rel1/bin/../lib/gcc/arm-none-eabi/13.3.1/thumb/v7e-m+fp/hard/crtbegin.o
                0x080114fc                        PROVIDE (__fini_array_end = .)
                0x080114fc                        _sidata = LOADADDR (.data)

.rel.dyn        0x080114fc        0x0
 .rel.iplt      0x080114fc        0x0 D:/arm-none-eabi/13.3 rel1/bin/../lib/gcc/arm-none-eabi/13.3.1/thumb/v7e-m+fp/hard/crtbegin.o

.data           0x24000000      0x7a8 load address 0x080114fc
                0x24000000                        . = ALIGN (0x4)
                0x24000000                        _sdata = .
 *(.data)
 *(.data*)
 .data.SystemD2Clock
                0x24000000        0x4 CMakeFiles/Balance_leg_V2.elf.dir/Core/Src/system_stm32h7xx.c.obj
                0x24000000                SystemD2Clock
 .data.SystemCoreClock
                0x24000004        0x4 CMakeFiles/Balance_leg_V2.elf.dir/Core/Src/system_stm32h7xx.c.obj
                0x24000004                SystemCoreClock
 .data.uwTickFreq
                0x24000008        0x1 CMakeFiles/Balance_leg_V2.elf.dir/Drivers/STM32H7xx_HAL_Driver/Src/stm32h7xx_hal.c.obj
                0x24000008                uwTickFreq
 *fill*         0x24000009        0x3 
 .data.uwTickPrio
                0x2400000c        0x4 CMakeFiles/Balance_leg_V2.elf.dir/Drivers/STM32H7xx_HAL_Driver/Src/stm32h7xx_hal.c.obj
                0x2400000c                uwTickPrio
 .data.LQR_K_L  0x24000010       0x60 CMakeFiles/Balance_leg_V2.elf.dir/User/App/Chassis_L.c.obj
                0x24000010                LQR_K_L
 .data.CHASSL_TIME
                0x24000070        0x4 CMakeFiles/Balance_leg_V2.elf.dir/User/App/Chassis_L.c.obj
                0x24000070                CHASSL_TIME
 .data.CHASSR_TIME
                0x24000074        0x4 CMakeFiles/Balance_leg_V2.elf.dir/User/App/Chassis_R.c.obj
                0x24000074                CHASSR_TIME
 .data.LQR_K_R  0x24000078       0x60 CMakeFiles/Balance_leg_V2.elf.dir/User/App/Chassis_R.c.obj
                0x24000078                LQR_K_R
 .data.__malloc_sbrk_base
                0x240000d8        0x4 D:/arm-none-eabi/13.3 rel1/bin/../lib/gcc/arm-none-eabi/13.3.1/thumb/v7e-m+fp/hard\libg.a(libc_a-mallocr.o)
                0x240000d8                __malloc_sbrk_base
 .data.__malloc_trim_threshold
                0x240000dc        0x4 D:/arm-none-eabi/13.3 rel1/bin/../lib/gcc/arm-none-eabi/13.3.1/thumb/v7e-m+fp/hard\libg.a(libc_a-mallocr.o)
                0x240000dc                __malloc_trim_threshold
 .data.__malloc_av_
                0x240000e0      0x408 D:/arm-none-eabi/13.3 rel1/bin/../lib/gcc/arm-none-eabi/13.3.1/thumb/v7e-m+fp/hard\libg.a(libc_a-mallocr.o)
                0x240000e0                __malloc_av_
 .data.__sglue  0x240004e8        0xc D:/arm-none-eabi/13.3 rel1/bin/../lib/gcc/arm-none-eabi/13.3.1/thumb/v7e-m+fp/hard\libg.a(libc_a-findfp.o)
                0x240004e8                __sglue
 .data._impure_ptr
                0x240004f4        0x4 D:/arm-none-eabi/13.3 rel1/bin/../lib/gcc/arm-none-eabi/13.3.1/thumb/v7e-m+fp/hard\libg.a(libc_a-impure.o)
                0x240004f4                _impure_ptr
 .data._impure_data
                0x240004f8      0x140 D:/arm-none-eabi/13.3 rel1/bin/../lib/gcc/arm-none-eabi/13.3.1/thumb/v7e-m+fp/hard\libg.a(libc_a-impure.o)
                0x240004f8                _impure_data
 .data.__atexit_recursive_mutex
                0x24000638        0x4 D:/arm-none-eabi/13.3 rel1/bin/../lib/gcc/arm-none-eabi/13.3.1/thumb/v7e-m+fp/hard\libg.a(libc_a-__call_atexit.o)
                0x24000638                __atexit_recursive_mutex
 .data.__global_locale
                0x2400063c      0x16c D:/arm-none-eabi/13.3 rel1/bin/../lib/gcc/arm-none-eabi/13.3.1/thumb/v7e-m+fp/hard\libg.a(libc_a-locale.o)
                0x2400063c                __global_locale
 *(.RamFunc)
 *(.RamFunc*)
                0x240007a8                        . = ALIGN (0x4)
                0x240007a8                        _edata = .

.tm_clone_table
                0x240007a8        0x0 load address 0x08011ca4
 .tm_clone_table
                0x240007a8        0x0 D:/arm-none-eabi/13.3 rel1/bin/../lib/gcc/arm-none-eabi/13.3.1/thumb/v7e-m+fp/hard/crtbegin.o
 .tm_clone_table
                0x240007a8        0x0 D:/arm-none-eabi/13.3 rel1/bin/../lib/gcc/arm-none-eabi/13.3.1/thumb/v7e-m+fp/hard/crtend.o

.igot.plt       0x240007a8        0x0 load address 0x08011ca4
 .igot.plt      0x240007a8        0x0 D:/arm-none-eabi/13.3 rel1/bin/../lib/gcc/arm-none-eabi/13.3.1/thumb/v7e-m+fp/hard/crtbegin.o
                0x240007a8                        . = ALIGN (0x4)

.bss            0x240007a8     0x1ee0 load address 0x08011ca4
                0x240007a8                        _sbss = .
                0x240007a8                        __bss_start__ = _sbss
 *(.bss)
 *(.bss*)
 .bss.completed.1
                0x240007a8        0x1 D:/arm-none-eabi/13.3 rel1/bin/../lib/gcc/arm-none-eabi/13.3.1/thumb/v7e-m+fp/hard/crtbegin.o
 *fill*         0x240007a9        0x3 
 .bss.object.0  0x240007ac       0x18 D:/arm-none-eabi/13.3 rel1/bin/../lib/gcc/arm-none-eabi/13.3.1/thumb/v7e-m+fp/hard/crtbegin.o
 .bss.HAL_RCC_FDCAN_CLK_ENABLED
                0x240007c4        0x4 CMakeFiles/Balance_leg_V2.elf.dir/Core/Src/fdcan.c.obj
 .bss.hfdcan3   0x240007c8       0xa0 CMakeFiles/Balance_leg_V2.elf.dir/Core/Src/fdcan.c.obj
                0x240007c8                hfdcan3
 .bss.hfdcan2   0x24000868       0xa0 CMakeFiles/Balance_leg_V2.elf.dir/Core/Src/fdcan.c.obj
                0x24000868                hfdcan2
 .bss.hfdcan1   0x24000908       0xa0 CMakeFiles/Balance_leg_V2.elf.dir/Core/Src/fdcan.c.obj
                0x24000908                hfdcan1
 .bss.__sbrk_heap_end
                0x240009a8        0x4 CMakeFiles/Balance_leg_V2.elf.dir/Core/Src/sysmem.c.obj
 .bss.htim14    0x240009ac       0x4c CMakeFiles/Balance_leg_V2.elf.dir/Core/Src/tim.c.obj
                0x240009ac                htim14
 .bss.hdma_usart10_rx