Archive member included to satisfy reference by file (symbol)

C:\Users\w1445\Desktop\Microcontroller_project\Balance_leg\Code\Balance_V2\Balance_leg_V2\Middlewares\ST\ARM\DSP\Lib\libarm_cortexM4lf_math.a(arm_mat_trans_f32.o)
                              CMakeFiles/Balance_leg_V2.elf.dir/User/Algorithm/Kalman_filter.c.obj (arm_mat_trans_f32)
C:\Users\w1445\Desktop\Microcontroller_project\Balance_leg\Code\Balance_V2\Balance_leg_V2\Middlewares\ST\ARM\DSP\Lib\libarm_cortexM4lf_math.a(arm_mat_sub_f32.o)
                              CMakeFiles/Balance_leg_V2.elf.dir/User/Algorithm/Kalman_filter.c.obj (arm_mat_sub_f32)
C:\Users\w1445\Desktop\Microcontroller_project\Balance_leg\Code\Balance_V2\Balance_leg_V2\Middlewares\ST\ARM\DSP\Lib\libarm_cortexM4lf_math.a(arm_mat_mult_f32.o)
                              CMakeFiles/Balance_leg_V2.elf.dir/User/Algorithm/Kalman_filter.c.obj (arm_mat_mult_f32)
C:\Users\w1445\Desktop\Microcontroller_project\Balance_leg\Code\Balance_V2\Balance_leg_V2\Middlewares\ST\ARM\DSP\Lib\libarm_cortexM4lf_math.a(arm_mat_inverse_f32.o)
                              CMakeFiles/Balance_leg_V2.elf.dir/User/Algorithm/Kalman_filter.c.obj (arm_mat_inverse_f32)
C:\Users\w1445\Desktop\Microcontroller_project\Balance_leg\Code\Balance_V2\Balance_leg_V2\Middlewares\ST\ARM\DSP\Lib\libarm_cortexM4lf_math.a(arm_mat_init_f32.o)
                              CMakeFiles/Balance_leg_V2.elf.dir/User/Algorithm/Kalman_filter.c.obj (arm_mat_init_f32)
C:\Users\w1445\Desktop\Microcontroller_project\Balance_leg\Code\Balance_V2\Balance_leg_V2\Middlewares\ST\ARM\DSP\Lib\libarm_cortexM4lf_math.a(arm_mat_add_f32.o)
                              CMakeFiles/Balance_leg_V2.elf.dir/User/Algorithm/Kalman_filter.c.obj (arm_mat_add_f32)
C:\Users\w1445\Desktop\Microcontroller_project\Balance_leg\Code\Balance_V2\Balance_leg_V2\Middlewares\ST\ARM\DSP\Lib\libarm_cortexM4lf_math.a(arm_sin_f32.o)
                              CMakeFiles/Balance_leg_V2.elf.dir/User/Algorithm/VMC_calc.c.obj (arm_sin_f32)
C:\Users\w1445\Desktop\Microcontroller_project\Balance_leg\Code\Balance_V2\Balance_leg_V2\Middlewares\ST\ARM\DSP\Lib\libarm_cortexM4lf_math.a(arm_cos_f32.o)
                              CMakeFiles/Balance_leg_V2.elf.dir/User/Algorithm/VMC_calc.c.obj (arm_cos_f32)
C:\Users\w1445\Desktop\Microcontroller_project\Balance_leg\Code\Balance_V2\Balance_leg_V2\Middlewares\ST\ARM\DSP\Lib\libarm_cortexM4lf_math.a(arm_common_tables.o)
                              C:\Users\w1445\Desktop\Microcontroller_project\Balance_leg\Code\Balance_V2\Balance_leg_V2\Middlewares\ST\ARM\DSP\Lib\libarm_cortexM4lf_math.a(arm_sin_f32.o) (sinTable_f32)
D:/arm-none-eabi/13.3 rel1/bin/../lib/gcc/arm-none-eabi/13.3.1/thumb/v7e-m+fp/hard\libgcc.a(_arm_muldf3.o)
                              CMakeFiles/Balance_leg_V2.elf.dir/User/Algorithm/VMC_calc.c.obj (__aeabi_dmul)
D:/arm-none-eabi/13.3 rel1/bin/../lib/gcc/arm-none-eabi/13.3.1/thumb/v7e-m+fp/hard\libgcc.a(_arm_addsubdf3.o)
                              CMakeFiles/Balance_leg_V2.elf.dir/User/Algorithm/VMC_calc.c.obj (__aeabi_dadd)
D:/arm-none-eabi/13.3 rel1/bin/../lib/gcc/arm-none-eabi/13.3.1/thumb/v7e-m+fp/hard\libgcc.a(_arm_truncdfsf2.o)
                              CMakeFiles/Balance_leg_V2.elf.dir/User/Algorithm/VMC_calc.c.obj (__aeabi_d2f)
D:/arm-none-eabi/13.3 rel1/bin/../lib/gcc/arm-none-eabi/13.3.1/thumb/v7e-m+fp/hard\libgcc.a(_aeabi_uldivmod.o)
                              CMakeFiles/Balance_leg_V2.elf.dir/Drivers/STM32H7xx_HAL_Driver/Src/stm32h7xx_hal_uart.c.obj (__aeabi_uldivmod)
D:/arm-none-eabi/13.3 rel1/bin/../lib/gcc/arm-none-eabi/13.3.1/thumb/v7e-m+fp/hard\libgcc.a(_udivmoddi4.o)
                              D:/arm-none-eabi/13.3 rel1/bin/../lib/gcc/arm-none-eabi/13.3.1/thumb/v7e-m+fp/hard\libgcc.a(_aeabi_uldivmod.o) (__udivmoddi4)
D:/arm-none-eabi/13.3 rel1/bin/../lib/gcc/arm-none-eabi/13.3.1/thumb/v7e-m+fp/hard\libgcc.a(_dvmd_tls.o)
                              D:/arm-none-eabi/13.3 rel1/bin/../lib/gcc/arm-none-eabi/13.3.1/thumb/v7e-m+fp/hard\libgcc.a(_aeabi_uldivmod.o) (__aeabi_ldiv0)
D:/arm-none-eabi/13.3 rel1/bin/../lib/gcc/arm-none-eabi/13.3.1/thumb/v7e-m+fp/hard\libg.a(libc_a-exit.o)
                              D:/arm-none-eabi/13.3 rel1/bin/../lib/gcc/arm-none-eabi/13.3.1/thumb/v7e-m+fp/hard/crt0.o (exit)
D:/arm-none-eabi/13.3 rel1/bin/../lib/gcc/arm-none-eabi/13.3.1/thumb/v7e-m+fp/hard\libg.a(libc_a-malloc.o)
                              CMakeFiles/Balance_leg_V2.elf.dir/User/Algorithm/Kalman_filter.c.obj (malloc)
D:/arm-none-eabi/13.3 rel1/bin/../lib/gcc/arm-none-eabi/13.3.1/thumb/v7e-m+fp/hard\libg.a(libc_a-mallocr.o)
                              D:/arm-none-eabi/13.3 rel1/bin/../lib/gcc/arm-none-eabi/13.3.1/thumb/v7e-m+fp/hard\libg.a(libc_a-malloc.o) (_malloc_r)
D:/arm-none-eabi/13.3 rel1/bin/../lib/gcc/arm-none-eabi/13.3.1/thumb/v7e-m+fp/hard\libg.a(libc_a-mlock.o)
[...]
Memory Configuration

Name             Origin             Length             Attributes
ITCMRAM          0x00000000         0x00010000         xrw
DTCMRAM          0x20000000         0x00020000         xrw
FLASH            0x08000000         0x00100000         xr
RAM_D1           0x24000000         0x00050000         xrw
RAM_D2           0x30000000         0x00008000         xrw
RAM_D3           0x38000000         0x00004000         xrw
*default*        0x00000000         0xffffffff

Linker script and memory map

LOAD D:/arm-none-eabi/13.3 rel1/bin/../lib/gcc/arm-none-eabi/13.3.1/thumb/v7e-m+fp/hard/crti.o
LOAD D:/arm-none-eabi/13.3 rel1/bin/../lib/gcc/arm-none-eabi/13.3.1/thumb/v7e-m+fp/hard/crtbegin.o
LOAD D:/arm-none-eabi/13.3 rel1/bin/../lib/gcc/arm-none-eabi/13.3.1/thumb/v7e-m+fp/hard/crt0.o
LOAD CMakeFiles/Balance_leg_V2.elf.dir/Core/Src/dma.c.obj
LOAD CMakeFiles/Balance_leg_V2.elf.dir/Core/Src/fdcan.c.obj
LOAD CMakeFiles/Balance_leg_V2.elf.dir/Core/Src/gpio.c.obj
LOAD CMakeFiles/Balance_leg_V2.elf.dir/Core/Src/main.c.obj
LOAD CMakeFiles/Balance_leg_V2.elf.dir/Core/Src/memorymap.c.obj
LOAD CMakeFiles/Balance_leg_V2.elf.dir/Core/Src/stm32h7xx_hal_msp.c.obj
LOAD CMakeFiles/Balance_leg_V2.elf.dir/Core/Src/stm32h7xx_it.c.obj
LOAD CMakeFiles/Balance_leg_V2.elf.dir/Core/Src/syscalls.c.obj
LOAD CMakeFiles/Balance_leg_V2.elf.dir/Core/Src/sysmem.c.obj
LOAD CMakeFiles/Balance_leg_V2.elf.dir/Core/Src/system_stm32h7xx.c.obj
LOAD CMakeFiles/Balance_leg_V2.elf.dir/Core/Src/tim.c.obj
LOAD CMakeFiles/Balance_leg_V2.elf.dir/Core/Src/usart.c.obj
LOAD CMakeFiles/Balance_leg_V2.elf.dir/Core/Startup/startup_stm32h723vgtx.s.obj
LOAD CMakeFiles/Balance_leg_V2.elf.dir/Drivers/STM32H7xx_HAL_Driver/Src/stm32h7xx_hal.c.obj
LOAD CMakeFiles/Balance_leg_V2.elf.dir/Drivers/STM32H7xx_HAL_Driver/Src/stm32h7xx_hal_cortex.c.obj
LOAD CMakeFiles/Balance_leg_V2.elf.dir/Drivers/STM32H7xx_HAL_Driver/Src/stm32h7xx_hal_dma.c.obj
LOAD CMakeFiles/Balance_leg_V2.elf.dir/Drivers/STM32H7xx_HAL_Driver/Src/stm32h7xx_hal_dma_ex.c.obj
LOAD CMakeFiles/Balance_leg_V2.elf.dir/Drivers/STM32H7xx_HAL_Driver/Src/stm32h7xx_hal_exti.c.obj
LOAD CMakeFiles/Balance_leg_V2.elf.dir/Drivers/STM32H7xx_HAL_Driver/Src/stm32h7xx_hal_fdcan.c.obj
LOAD CMakeFiles/Balance_leg_V2.elf.dir/Drivers/STM32H7xx_HAL_Driver/Src/stm32h7xx_hal_flash.c.obj
LOAD CMakeFiles/Balance_leg_V2.elf.dir/Drivers/STM32H7xx_HAL_Driver/Src/stm32h7xx_hal_flash_ex.c.obj
LOAD CMakeFiles/Balance_leg_V2.elf.dir/Drivers/STM32H7xx_HAL_Driver/Src/stm32h7xx_hal_gpio.c.obj
LOAD CMakeFiles/Balance_leg_V2.elf.dir/Drivers/STM32H7xx_HAL_Driver/Src/stm32h7xx_hal_hsem.c.obj
LOAD CMakeFiles/Balance_leg_V2.elf.dir/Drivers/STM32H7xx_HAL_Driver/Src/stm32h7xx_hal_i2c.c.obj
LOAD CMakeFiles/Balance_leg_V2.elf.dir/Drivers/STM32H7xx_HAL_Driver/Src/stm32h7xx_hal_i2c_ex.c.obj
LOAD CMakeFiles/Balance_leg_V2.elf.dir/Drivers/STM32H7xx_HAL_Driver/Src/stm32h7xx_hal_mdma.c.obj
LOAD CMakeFiles/Balance_leg_V2.elf.dir/Drivers/STM32H7xx_HAL_Driver/Src/stm32h7xx_hal_pwr.c.obj
LOAD CMakeFiles/Balance_leg_V2.elf.dir/Drivers/STM32H7xx_HAL_Driver/Src/stm32h7xx_hal_pwr_ex.c.obj
LOAD CMakeFiles/Balance_leg_V2.elf.dir/Drivers/STM32H7xx_HAL_Driver/Src/stm32h7xx_hal_rcc.c.obj
LOAD CMakeFiles/Balance_leg_V2.elf.dir/Drivers/STM32H7xx_HAL_Driver/Src/stm32h7xx_hal_rcc_ex.c.obj
LOAD CMakeFiles/Balance_leg_V2.elf.dir/Drivers/STM32H7xx_HAL_Driver/Src/stm32h7xx_hal_tim.c.obj
LOAD CMakeFiles/Balance_leg_V2.elf.dir/Drivers/STM32H7xx_HAL_Driver/Src/stm32h7xx_hal_tim_ex.c.obj
LOAD CMakeFiles/Balance_leg_V2.elf.dir/Drivers/STM32H7xx_HAL_Driver/Src/stm32h7xx_hal_uart.c.obj
LOAD CMakeFiles/Balance_leg_V2.elf.dir/Drivers/STM32H7xx_HAL_Driver/Src/stm32h7xx_hal_uart_ex.c.obj
LOAD CMakeFiles/Balance_leg_V2.elf.dir/User/Algorithm/Filter.c.obj
LOAD CMakeFiles/Balance_leg_V2.elf.dir/User/Algorithm/Kalman_filter.c.obj
LOAD CMakeFiles/Balance_leg_V2.elf.dir/User/Algorithm/Pid.c.obj
LOAD CMakeFiles/Balance_leg_V2.elf.dir/User/Algorithm/VMC_calc.c.obj
LOAD CMakeFiles/Balance_leg_V2.elf.dir/User/App/Chassis_L.c.obj
LOAD CMakeFiles/Balance_leg_V2.elf.dir/User/App/Chassis_R.c.obj
LOAD CMakeFiles/Balance_leg_V2.elf.dir/User/App/Check.c.obj
LOAD CMakeFiles/Balance_leg_V2.elf.dir/User/App/Control_logic.c.obj
LOAD CMakeFiles/Balance_leg_V2.elf.dir/User/App/ELRS_task.c.obj
LOAD CMakeFiles/Balance_leg_V2.elf.dir/User/App/Facial_expression.c.obj
LOAD CMakeFiles/Balance_leg_V2.elf.dir/User/App/Hardware_Config.c.obj
LOAD CMakeFiles/Balance_leg_V2.elf.dir/User/App/Observe.c.obj
LOAD CMakeFiles/Balance_leg_V2.elf.dir/User/App/USART_Callback.c.obj
LOAD CMakeFiles/Balance_leg_V2.elf.dir/User/BSP/can_bsp.c.obj
LOAD CMakeFiles/Balance_leg_V2.elf.dir/User/Devices/Dji_motor/Motor_Dji.c.obj
LOAD CMakeFiles/Balance_leg_V2.elf.dir/User/Devices/ELRS_Control/ELRS_Drive.c.obj
LOAD CMakeFiles/Balance_leg_V2.elf.dir/User/Devices/HI91/CH010_HI91.c.obj
LOAD CMakeFiles/Balance_leg_V2.elf.dir/User/Devices/Motor_A1/A1_Motor.c.obj
LOAD C:\Users\w1445\Desktop\Microcontroller_project\Balance_leg\Code\Balance_V2\Balance_leg_V2\Middlewares\ST\ARM\DSP\Lib\libarm_cortexM4lf_math.a
START GROUP
LOAD D:/arm-none-eabi/13.3 rel1/bin/../lib/gcc/arm-none-eabi/13.3.1/thumb/v7e-m+fp/hard\libgcc.a
LOAD D:/arm-none-eabi/13.3 rel1/bin/../lib/gcc/arm-none-eabi/13.3.1/thumb/v7e-m+fp/hard\libg.a
LOAD D:/arm-none-eabi/13.3 rel1/bin/../lib/gcc/arm-none-eabi/13.3.1/thumb/v7e-m+fp/hard\libc.a
END GROUP
LOAD D:/arm-none-eabi/13.3 rel1/bin/../lib/gcc/arm-none-eabi/13.3.1/thumb/v7e-m+fp/hard/crtend.o
LOAD D:/arm-none-eabi/13.3 rel1/bin/../lib/gcc/arm-none-eabi/13.3.1/thumb/v7e-m+fp/hard/crtn.o
                0x24050000                        _estack = (ORIGIN (RAM_D1) + LENGTH (RAM_D1))
                0x00000400                        _Min_Heap_Size = 0x400
                0x00000400                        _Min_Stack_Size = 0x400

.isr_vector     0x08000000      0x2cc
                0x08000000                        . = ALIGN (0x4)
 *(.isr_vector)
 .isr_vector    0x08000000      0x2cc CMakeFiles/Balance_leg_V2.elf.dir/Core/Startup/startup_stm32h723vgtx.s.obj
                0x08000000                g_pfnVectors
                0x080002cc                        . = ALIGN (0x4)

.text           0x08000300    0x11650
                0x08000300                        . = ALIGN (0x4)
 *(.text)
 .text          0x08000300      0x378 D:/arm-none-eabi/13.3 rel1/bin/../lib/gcc/arm-none-eabi/13.3.1/thumb/v7e-m+fp/hard\libgcc.a(_arm_addsubdf3.o)
                0x08000300                __aeabi_drsub
                0x08000308                __aeabi_dsub
                0x08000308                __subdf3
                0x0800030c                __aeabi_dadd
                0x0800030c                __adddf3
                0x08000584                __floatunsidf
                0x08000584                __aeabi_ui2d
                0x080005a4                __floatsidf
                0x080005a4                __aeabi_i2d
                0x080005c8                __aeabi_f2d
                0x080005c8                __extendsfdf2
                0x0800060c                __floatundidf
                0x0800060c                __aeabi_ul2d
                0x0800061c                __floatdidf
                0x0800061c                __aeabi_l2d
 .text          0x08000678       0xa0 D:/arm-none-eabi/13.3 rel1/bin/../lib/gcc/arm-none-eabi/13.3.1/thumb/v7e-m+fp/hard\libgcc.a(_arm_truncdfsf2.o)
                0x08000678                __truncdfsf2
                0x08000678                __aeabi_d2f
 .text          0x08000718       0x30 D:/arm-none-eabi/13.3 rel1/bin/../lib/gcc/arm-none-eabi/13.3.1/thumb/v7e-m+fp/hard\libgcc.a(_aeabi_uldivmod.o)
                0x08000718                __aeabi_uldivmod
 .text          0x08000748        0x4 D:/arm-none-eabi/13.3 rel1/bin/../lib/gcc/arm-none-eabi/13.3.1/thumb/v7e-m+fp/hard\libgcc.a(_dvmd_tls.o)
                0x08000748                __aeabi_idiv0
                0x08000748                __aeabi_ldiv0
 .text          0x0800074c      0x134 D:/arm-none-eabi/13.3 rel1/bin/../lib/gcc/arm-none-eabi/13.3.1/thumb/v7e-m+fp/hard\libg.a(libc_a-memcpy.o)
                0x0800074c                memcpy
 .text          0x08000880       0xa0 D:/arm-none-eabi/13.3 rel1/bin/../lib/gcc/arm-none-eabi/13.3.1/thumb/v7e-m+fp/hard\libg.a(libc_a-memchr.o)
                0x08000880                memchr
 *fill*         0x08000920       0x20 
 .text          0x08000940       0xd8 D:/arm-none-eabi/13.3 rel1/bin/../lib/gcc/arm-none-eabi/13.3.1/thumb/v7e-m+fp/hard\libg.a(libc_a-strlen.o)
                0x08000940                strlen
 .text          0x08000a18      0x424 D:/arm-none-eabi/13.3 rel1/bin/../lib/gcc/arm-none-eabi/13.3.1/thumb/v7e-m+fp/hard\libgcc.a(_arm_muldivdf3.o)
                0x08000a18                __aeabi_dmul
                0x08000a18                __muldf3
                0x08000c6c                __divdf3
                0x08000c6c                __aeabi_ddiv
 .text          0x08000e3c      0x110 D:/arm-none-eabi/13.3 rel1/bin/../lib/gcc/arm-none-eabi/13.3.1/thumb/v7e-m+fp/hard\libgcc.a(_arm_cmpdf2.o)
                0x08000e3c                __gtdf2
                0x08000e3c                __gedf2
                0x08000e44                __ltdf2
                0x08000e44                __ledf2
                0x08000e4c                __nedf2
                0x08000e4c                __eqdf2
                0x08000e4c                __cmpdf2
                0x08000ec8                __aeabi_cdrcmple
                0x08000ed8                __aeabi_cdcmpeq
                0x08000ed8                __aeabi_cdcmple
                0x08000ee8                __aeabi_dcmpeq
                0x08000efc                __aeabi_dcmplt
                0x08000f10                __aeabi_dcmple
                0x08000f24                __aeabi_dcmpge
                0x08000f38                __aeabi_dcmpgt
 .text          0x08000f4c       0x2c D:/arm-none-eabi/13.3 rel1/bin/../lib/gcc/arm-none-eabi/13.3.1/thumb/v7e-m+fp/hard\libgcc.a(_arm_unorddf2.o)
                0x08000f4c                __unorddf2
                0x08000f4c                __aeabi_dcmpun
 .text          0x08000f78       0x50 D:/arm-none-eabi/13.3 rel1/bin/../lib/gcc/arm-none-eabi/13.3.1/thumb/v7e-m+fp/hard\libgcc.a(_arm_fixdfsi.o)
                0x08000f78                __aeabi_d2iz
                0x08000f78                __fixdfsi
 *(.text*)
 .text.deregister_tm_clones
                0x08000fc8       0x1c D:/arm-none-eabi/13.3 rel1/bin/../lib/gcc/arm-none-eabi/13.3.1/thumb/v7e-m+fp/hard/crtbegin.o
 .text.register_tm_clones
                0x08000fe4       0x24 D:/arm-none-eabi/13.3 rel1/bin/../lib/gcc/arm-none-eabi/13.3.1/thumb/v7e-m+fp/hard/crtbegin.o
 .text.__do_global_dtors_aux
                0x08001008       0x28 D:/arm-none-eabi/13.3 rel1/bin/../lib/gcc/arm-none-eabi/13.3.1/thumb/v7e-m+fp/hard/crtbegin.o
 .text.frame_dummy
                0x08001030       0x24 D:/arm-none-eabi/13.3 rel1/bin/../lib/gcc/arm-none-eabi/13.3.1/thumb/v7e-m+fp/hard/crtbegin.o
 .text.MX_DMA_Init
                0x08001054      0x100 CMakeFiles/Balance_leg_V2.elf.dir/Core/Src/dma.c.obj
                0x08001054                MX_DMA_Init
 .text.MX_FDCAN1_Init
                0x08001154       0x60 CMakeFiles/Balance_leg_V2.elf.dir/Core/Src/fdcan.c.obj
                0x08001154                MX_FDCAN1_Init
 .text.MX_FDCAN2_Init
                0x080011b4       0x68 CMakeFiles/Balance_leg_V2.elf.dir/Core/Src/fdcan.c.obj
                0x080011b4                MX_FDCAN2_Init
 .text.MX_FDCAN3_Init
                0x0800121c       0x68 CMakeFiles/Balance_leg_V2.elf.dir/Core/Src/fdcan.c.obj
                0x0800121c                MX_FDCAN3_Init
 .text.HAL_FDCAN_MspInit
                0x08001284      0x180 CMakeFiles/Balance_leg_V2.elf.dir/Core/Src/fdcan.c.obj
                0x08001284                HAL_FDCAN_MspInit
 .text.MX_GPIO_Init
                0x08001404       0xfc CMakeFiles/Balance_leg_V2.elf.dir/Core/Src/gpio.c.obj
                0x08001404                MX_GPIO_Init
 .text.MPU_Config
                0x08001500       0x56 CMakeFiles/Balance_leg_V2.elf.dir/Core/Src/main.c.obj
 .text.Error_Handler
                0x08001556        0x4 CMakeFiles/Balance_leg_V2.elf.dir/Core/Src/main.c.obj
                0x08001556                Error_Handler
 *fill*         0x0800155a        0x2 
 .text.SystemClock_Config
                0x0800155c       0xa8 CMakeFiles/Balance_leg_V2.elf.dir/Core/Src/main.c.obj
                0x0800155c                SystemClock_Config
 .text.PeriphCommonClock_Config
                0x08001604       0x44 CMakeFiles/Balance_leg_V2.elf.dir/Core/Src/main.c.obj
                0x08001604                PeriphCommonClock_Config
 .text.main     0x08001648      0x144 CMakeFiles/Balance_leg_V2.elf.dir/Core/Src/main.c.obj
                0x08001648                main
 .text.HAL_MspInit
                0x0800178c       0x24 CMakeFiles/Balance_leg_V2.elf.dir/Core/Src/stm32h7xx_hal_msp.c.obj
                0x0800178c                HAL_MspInit
 .text.NMI_Handler
                0x080017b0        0x2 CMakeFiles/Balance_leg_V2.elf.dir/Core/Src/stm32h7xx_it.c.obj
                0x080017b0                NMI_Handler
 .text.HardFault_Handler
                0x080017b2        0x2 CMakeFiles/Balance_leg_V2.elf.dir/Core/Src/stm32h7xx_it.c.obj
                0x080017b2                HardFault_Handler
 .text.MemManage_Handler
                0x080017b4        0x2 CMakeFiles/Balance_leg_V2.elf.dir/Core/Src/stm32h7xx_it.c.obj
                0x080017b4                MemManage_Handler
 .text.BusFault_Handler
                0x080017b6        0x2 CMakeFiles/Balance_leg_V2.elf.dir/Core/Src/stm32h7xx_it.c.obj
                0x080017b6                BusFault_Handler
 .text.UsageFault_Handler
                0x080017b8        0x2 CMakeFiles/Balance_leg_V2.elf.dir/Core/Src/stm32h7xx_it.c.obj
                0x080017b8                UsageFault_Handler
 .text.SVC_Handler
                0x080017ba        0x2 CMakeFiles/Balance_leg_V2.elf.dir/Core/Src/stm32h7xx_it.c.obj
                0x080017ba                SVC_Handler
 .text.DebugMon_Handler
                0x080017bc        0x2 CMakeFiles/Balance_leg_V2.elf.dir/Core/Src/stm32h7xx_it.c.obj
                0x080017bc                DebugMon_Handler
 .text.PendSV_Handler
                0x080017be        0x2 CMakeFiles/Balance_leg_V2.elf.dir/Core/Src/stm32h7xx_it.c.obj
                0x080017be                PendSV_Handler
 .text.SysTick_Handler
                0x080017c0        0x8 CMakeFiles/Balance_leg_V2.elf.dir/Core/Src/stm32h7xx_it.c.obj
                0x080017c0                SysTick_Handler
 .text.DMA1_Stream0_IRQHandler
                0x080017c8       0x10 CMakeFiles/Balance_leg_V2.elf.dir/Core/Src/stm32h7xx_it.c.obj
                0x080017c8                DMA1_Stream0_IRQHandler
 .text.DMA1_Stream1_IRQHandler
                0x080017d8       0x10 CMakeFiles/Balance_leg_V2.elf.dir/Core/Src/stm32h7xx_it.c.obj
                0x080017d8                DMA1_Stream1_IRQHandler
 .text.DMA1_Stream2_IRQHandler
                0x080017e8       0x10 CMakeFiles/Balance_leg_V2.elf.dir/Core/Src/stm32h7xx_it.c.obj
                0x080017e8                DMA1_Stream2_IRQHandler
 .text.DMA1_Stream3_IRQHandler
                0x080017f8       0x10 CMakeFiles/Balance_leg_V2.elf.dir/Core/Src/stm32h7xx_it.c.obj
                0x080017f8                DMA1_Stream3_IRQHandler
 .text.DMA1_Stream4_IRQHandler
                0x08001808       0x10 CMakeFiles/Balance_leg_V2.elf.dir/Core/Src/stm32h7xx_it.c.obj
                0x08001808                DMA1_Stream4_IRQHandler
 .text.DMA1_Stream5_IRQHandler
                0x08001818       0x10 CMakeFiles/Balance_leg_V2.elf.dir/Core/Src/stm32h7xx_it.c.obj
                0x08001818                DMA1_Stream5_IRQHandler
 .text.DMA1_Stream6_IRQHandler
                0x08001828       0x10 CMakeFiles/Balance_leg_V2.elf.dir/Core/Src/stm32h7xx_it.c.obj
                0x08001828                DMA1_Stream6_IRQHandler
 .text.FDCAN1_IT0_IRQHandler
                0x08001838       0x10 CMakeFiles/Balance_leg_V2.elf.dir/Core/Src/stm32h7xx_it.c.obj
                0x08001838                FDCAN1_IT0_IRQHandler
 .text.FDCAN2_IT0_IRQHandler
                0x08001848       0x10 CMakeFiles/Balance_leg_V2.elf.dir/Core/Src/stm32h7xx_it.c.obj
                0x08001848                FDCAN2_IT0_IRQHandler
 .text.USART2_IRQHandler
                0x08001858       0x10 CMakeFiles/Balance_leg_V2.elf.dir/Core/Src/stm32h7xx_it.c.obj
                0x08001858                USART2_IRQHandler
 .text.USART3_IRQHandler
                0x08001868       0x10 CMakeFiles/Balance_leg_V2.elf.dir/Core/Src/stm32h7xx_it.c.obj
                0x08001868                USART3_IRQHandler
 .text.TIM8_TRG_COM_TIM14_IRQHandler
                0x08001878       0x10 CMakeFiles/Balance_leg_V2.elf.dir/Core/Src/stm32h7xx_it.c.obj
                0x08001878                TIM8_TRG_COM_TIM14_IRQHandler
 .text.DMA1_Stream7_IRQHandler
                0x08001888       0x10 CMakeFiles/Balance_leg_V2.elf.dir/Core/Src/stm32h7xx_it.c.obj
                0x08001888                DMA1_Stream7_IRQHandler
 .text.UART4_IRQHandler
                0x08001898       0x10 CMakeFiles/Balance_leg_V2.elf.dir/Core/Src/stm32h7xx_it.c.obj
                0x08001898                UART4_IRQHandler
 .text.DMA2_Stream0_IRQHandler
                0x080018a8       0x10 CMakeFiles/Balance_leg_V2.elf.dir/Core/Src/stm32h7xx_it.c.obj
                0x080018a8                DMA2_Stream0_IRQHandler
 .text.DMA2_Stream1_IRQHandler
                0x080018b8       0x10 CMakeFiles/Balance_leg_V2.elf.dir/Core/Src/stm32h7xx_it.c.obj
                0x080018b8                DMA2_Stream1_IRQHandler
 .text.DMA2_Stream2_IRQHandler
                0x080018c8       0x10 CMakeFiles/Balance_leg_V2.elf.dir/Core/Src/stm32h7xx_it.c.obj
                0x080018c8                DMA2_Stream2_IRQHandler
 .text.DMA2_Stream3_IRQHandler
                0x080018d8       0x10 CMakeFiles/Balance_leg_V2.elf.dir/Core/Src/stm32h7xx_it.c.obj
                0x080018d8                DMA2_Stream3_IRQHandler
 .text.UART7_IRQHandler
                0x080018e8       0x10 CMakeFiles/Balance_leg_V2.elf.dir/Core/Src/stm32h7xx_it.c.obj
                0x080018e8                UART7_IRQHandler
 .text.UART8_IRQHandler
                0x080018f8       0x10 CMakeFiles/Balance_leg_V2.elf.dir/Core/Src/stm32h7xx_it.c.obj
                0x080018f8                UART8_IRQHandler
 .text.UART9_IRQHandler
                0x08001908       0x10 CMakeFiles/Balance_leg_V2.elf.dir/Core/Src/stm32h7xx_it.c.obj
                0x08001908                UART9_IRQHandler
 .text.USART10_IRQHandler
                0x08001918       0x10 CMakeFiles/Balance_leg_V2.elf.dir/Core/Src/stm32h7xx_it.c.obj
                0x08001918                USART10_IRQHandler
 .text.FDCAN3_IT0_IRQHandler
                0x08001928       0x10 CMakeFiles/Balance_leg_V2.elf.dir/Core/Src/stm32h7xx_it.c.obj
                0x08001928                FDCAN3_IT0_IRQHandler
 .text._getpid  0x08001938        0x4 CMakeFiles/Balance_leg_V2.elf.dir/Core/Src/syscalls.c.obj
                0x08001938                _getpid
 .text._kill    0x0800193c       0x10 CMakeFiles/Balance_leg_V2.elf.dir/Core/Src/syscalls.c.obj
                0x0800193c                _kill
 .text._exit    0x0800194c        0xc CMakeFiles/Balance_leg_V2.elf.dir/Core/Src/syscalls.c.obj
                0x0800194c                _exit
 .text._read    0x08001958       0x20 CMakeFiles/Balance_leg_V2.elf.dir/Core/Src/syscalls.c.obj
                0x08001958                _read
 .text._write   0x08001978       0x1c CMakeFiles/Balance_leg_V2.elf.dir/Core/Src/syscalls.c.obj
                0x08001978                _write
 .text._close   0x08001994        0x6 CMakeFiles/Balance_leg_V2.elf.dir/Core/Src/syscalls.c.obj
                0x08001994                _close
 .text._fstat   0x0800199a        0xa CMakeFiles/Balance_leg_V2.elf.dir/Core/Src/syscalls.c.obj
                0x0800199a                _fstat
 .text._isatty  0x080019a4        0x4 CMakeFiles/Balance_leg_V2.elf.dir/Core/Src/syscalls.c.obj
                0x080019a4                _isatty
 .text._lseek   0x080019a8        0x4 CMakeFiles/Balance_leg_V2.elf.dir/Core/Src/syscalls.c.obj
                0x080019a8                _lseek
 .text._sbrk    0x080019ac       0x48 CMakeFiles/Balance_leg_V2.elf.dir/Core/Src/sysmem.c.obj
                0x080019ac                _sbrk
 .text.SystemInit
                0x080019f4       0xac CMakeFiles/Balance_leg_V2.elf.dir/Core/Src/system_stm32h7xx.c.obj
                0x080019f4                SystemInit
 .text.MX_TIM14_Init
                0x08001aa0       0x30 CMakeFiles/Balance_leg_V2.elf.dir/Core/Src/tim.c.obj
                0x08001aa0                MX_TIM14_Init
 .text.HAL_TIM_Base_MspInit
                0x08001ad0       0x48 CMakeFiles/Balance_leg_V2.elf.dir/Core/Src/tim.c.obj
                0x08001ad0                HAL_TIM_Base_MspInit
 .text.MX_UART4_Init
                0x08001b18       0x6c CMakeFiles/Balance_leg_V2.elf.dir/Core/Src/usart.c.obj
                0x08001b18                MX_UART4_Init
 .text.MX_UART7_Init
                0x08001b84       0x6c CMakeFiles/Balance_leg_V2.elf.dir/Core/Src/usart.c.obj
                0x08001b84                MX_UART7_Init
 .text.MX_UART8_Init
                0x08001bf0       0x6c CMakeFiles/Balance_leg_V2.elf.dir/Core/Src/usart.c.obj
                0x08001bf0                MX_UART8_Init
 .text.MX_UART9_Init
                0x08001c5c       0x6c CMakeFiles/Balance_leg_V2.elf.dir/Core/Src/usart.c.obj
                0x08001c5c                MX_UART9_Init
 .text.MX_USART2_UART_Init
                0x08001cc8       0x68 CMakeFiles/Balance_leg_V2.elf.dir/Core/Src/usart.c.obj
                0x08001cc8                MX_USART2_UART_Init
 .text.MX_USART3_UART_Init
                0x08001d30       0x6c CMakeFiles/Balance_leg_V2.elf.dir/Core/Src/usart.c.obj
                0x08001d30                MX_USART3_UART_Init
 .text.MX_USART6_UART_Init
                0x08001d9c       0x6c CMakeFiles/Balance_leg_V2.elf.dir/Core/Src/usart.c.obj
                0x08001d9c                MX_USART6_UART_Init
 .text.MX_USART10_UART_Init
                0x08001e08       0x6c CMakeFiles/Balance_leg_V2.elf.dir/Core/Src/usart.c.obj
                0x08001e08                MX_USART10_UART_Init
 .text.HAL_UART_MspInit
                0x08001e74      0x760 CMakeFiles/Balance_leg_V2.elf.dir/Core/Src/usart.c.obj
                0x08001e74                HAL_UART_MspInit
 .text.__io_putchar
                0x080025d4       0x20 CMakeFiles/Balance_leg_V2.elf.dir/Core/Src/usart.c.obj
                0x080025d4                __io_putchar
 .text.Reset_Handler
                0x080025f4       0x50 CMakeFiles/Balance_leg_V2.elf.dir/Core/Startup/startup_stm32h723vgtx.s.obj
                0x080025f4                Reset_Handler
 .text.Default_Handler
                0x08002644        0x2 CMakeFiles/Balance_leg_V2.elf.dir/Core/Startup/startup_stm32h723vgtx.s.obj
                0x08002644                RTC_Alarm_IRQHandler
                0x08002644                EXTI2_IRQHandler
                0x08002644                TIM8_CC_IRQHandler
                0x08002644                SPI4_IRQHandler
                0x08002644                TIM1_CC_IRQHandler
                0x08002644                BDMA_Channel6_IRQHandler
                0x08002644                DMA2_Stream5_IRQHandler
                0x08002644                CORDIC_IRQHandler
                0x08002644                BDMA_Channel1_IRQHandler
                0x08002644                TAMP_STAMP_IRQHandler
                0x08002644                EXTI3_IRQHandler
                0x08002644                LPTIM4_IRQHandler
                0x08002644                LPTIM2_IRQHandler
                0x08002644                DFSDM1_FLT1_IRQHandler
                0x08002644                DMAMUX2_OVR_IRQHandler
                0x08002644                TIM8_UP_TIM13_IRQHandler
                0x08002644                I2C3_ER_IRQHandler
                0x08002644                DFSDM1_FLT2_IRQHandler
                0x08002644                I2C5_EV_IRQHandler
                0x08002644                MDMA_IRQHandler
                0x08002644                LPTIM3_IRQHandler
                0x08002644                HSEM1_IRQHandler
                0x08002644                EXTI0_IRQHandler
                0x08002644                I2C2_EV_IRQHandler
                0x08002644                FPU_IRQHandler
                0x08002644                OTG_HS_WKUP_IRQHandler
                0x08002644                FDCAN1_IT1_IRQHandler
                0x08002644                LTDC_ER_IRQHandler
                0x08002644                SPI1_IRQHandler
                0x08002644                OCTOSPI1_IRQHandler
                0x08002644                TIM6_DAC_IRQHandler
                0x08002644                OCTOSPI2_IRQHandler
                0x08002644                DFSDM1_FLT3_IRQHandler
                0x08002644                TIM23_IRQHandler
                0x08002644                USART6_IRQHandler
                0x08002644                TIM17_IRQHandler
                0x08002644                BDMA_Channel7_IRQHandler
                0x08002644                LPTIM5_IRQHandler
                0x08002644                UART5_IRQHandler
                0x08002644                ADC3_IRQHandler
                0x08002644                TIM4_IRQHandler
                0x08002644                BDMA_Channel2_IRQHandler
                0x08002644                I2C1_EV_IRQHandler
                0x08002644                DMAMUX1_OVR_IRQHandler
                0x08002644                TIM16_IRQHandler
                0x08002644                BDMA_Channel5_IRQHandler
                0x08002644                TIM3_IRQHandler
                0x08002644                RCC_IRQHandler
                0x08002644                TIM8_BRK_TIM12_IRQHandler
                0x08002644                TIM1_TRG_COM_IRQHandler
                0x08002644                Default_Handler
                0x08002644                ECC_IRQHandler
                0x08002644                FMAC_IRQHandler
                0x08002644                CEC_IRQHandler
                0x08002644                EXTI15_10_IRQHandler
                0x08002644                BDMA_Channel0_IRQHandler
                0x08002644                ADC_IRQHandler
                0x08002644                I2C5_ER_IRQHandler
                0x08002644                SPI5_IRQHandler
                0x08002644                TIM7_IRQHandler
                0x08002644                FDCAN3_IT1_IRQHandler
                0x08002644                SDMMC1_IRQHandler
                0x08002644                TIM5_IRQHandler
                0x08002644                DMA2_Stream7_IRQHandler
                0x08002644                TIM15_IRQHandler
                0x08002644                PVD_AVD_IRQHandler
                0x08002644                I2C3_EV_IRQHandler
                0x08002644                EXTI9_5_IRQHandler
                0x08002644                RTC_WKUP_IRQHandler
                0x08002644                LTDC_IRQHandler
                0x08002644                ETH_WKUP_IRQHandler
                0x08002644                SPDIF_RX_IRQHandler
                0x08002644                SPI2_IRQHandler
                0x08002644                OTG_HS_EP1_IN_IRQHandler
                0x08002644                TIM24_IRQHandler
                0x08002644                CRS_IRQHandler
                0x08002644                EXTI4_IRQHandler
                0x08002644                RNG_IRQHandler
                0x08002644                FDCAN2_IT1_IRQHandler
                0x08002644                ETH_IRQHandler
                0x08002644                TIM1_UP_IRQHandler
                0x08002644                BDMA_Channel4_IRQHandler
                0x08002644                OTG_HS_EP1_OUT_IRQHandler
                0x08002644                WWDG_IRQHandler
                0x08002644                SPI6_IRQHandler
                0x08002644                MDIOS_IRQHandler
                0x08002644                I2C4_EV_IRQHandler
                0x08002644                LPUART1_IRQHandler
                0x08002644                TIM2_IRQHandler
                0x08002644                OTG_HS_IRQHandler
                0x08002644                DMA2D_IRQHandler
                0x08002644                TIM1_BRK_IRQHandler
                0x08002644                EXTI1_IRQHandler
                0x08002644                SDMMC2_IRQHandler
                0x08002644                BDMA_Channel3_IRQHandler
                0x08002644                DTS_IRQHandler
                0x08002644                MDIOS_WKUP_IRQHandler
                0x08002644                DFSDM1_FLT0_IRQHandler
                0x08002644                SAI4_IRQHandler
                0x08002644                I2C2_ER_IRQHandler
                0x08002644                FLASH_IRQHandler
                0x08002644                DMA2_Stream4_IRQHandler
                0x08002644                USART1_IRQHandler
                0x08002644                SPI3_IRQHandler
                0x08002644                WAKEUP_PIN_IRQHandler
                0x08002644                I2C1_ER_IRQHandler
                0x08002644                FMC_IRQHandler
                0x08002644                FDCAN_CAL_IRQHandler
                0x08002644                SWPMI1_IRQHandler
                0x08002644                COMP1_IRQHandler
                0x08002644                LPTIM1_IRQHandler
                0x08002644                DCMI_PSSI_IRQHandler
                0x08002644                I2C4_ER_IRQHandler
                0x08002644                DMA2_Stream6_IRQHandler
                0x08002644                SAI1_IRQHandler
 *fill*         0x08002646        0x2 
 .text.HAL_InitTick
                0x08002648       0x50 CMakeFiles/Balance_leg_V2.elf.dir/Drivers/STM32H7xx_HAL_Driver/Src/stm32h7xx_hal.c.obj
                0x08002648                HAL_InitTick
 .text.HAL_Init
                0x08002698       0x5c CMakeFiles/Balance_leg_V2.elf.dir/Drivers/STM32H7xx_HAL_Driver/Src/stm32h7xx_hal.c.obj
                0x08002698                HAL_Init
 .text.HAL_IncTick
                0x080026f4       0x18 CMakeFiles/Balance_leg_V2.elf.dir/Drivers/STM32H7xx_HAL_Driver/Src/stm32h7xx_hal.c.obj
                0x080026f4                HAL_IncTick
 .text.HAL_GetTick
                0x0800270c        0xc CMakeFiles/Balance_leg_V2.elf.dir/Drivers/STM32H7xx_HAL_Driver/Src/stm32h7xx_hal.c.obj
                0x0800270c                HAL_GetTick
 .text.HAL_Delay
                0x08002718       0x28 CMakeFiles/Balance_leg_V2.elf.dir/Drivers/STM32H7xx_HAL_Driver/Src/stm32h7xx_hal.c.obj
                0x08002718                HAL_Delay
 .text.__NVIC_EnableIRQ
                0x08002740       0x1c CMakeFiles/Balance_leg_V2.elf.dir/Drivers/STM32H7xx_HAL_Driver/Src/stm32h7xx_hal_cortex.c.obj
 .text.__NVIC_SetPriority
                0x0800275c       0x24 CMakeFiles/Balance_leg_V2.elf.dir/Drivers/STM32H7xx_HAL_Driver/Src/stm32h7xx_hal_cortex.c.obj
 .text.NVIC_EncodePriority
                0x08002780       0x3e CMakeFiles/Balance_leg_V2.elf.dir/Drivers/STM32H7xx_HAL_Driver/Src/stm32h7xx_hal_cortex.c.obj
 *fill*         0x080027be        0x2 
 .text.HAL_NVIC_SetPriorityGrouping
                0x080027c0       0x24 CMakeFiles/Balance_leg_V2.elf.dir/Drivers/STM32H7xx_HAL_Driver/Src/stm32h7xx_hal_cortex.c.obj
                0x080027c0                HAL_NVIC_SetPriorityGrouping
 .text.HAL_NVIC_SetPriority
                0x080027e4       0x20 CMakeFiles/Balance_leg_V2.elf.dir/Drivers/STM32H7xx_HAL_Driver/Src/stm32h7xx_hal_cortex.c.obj
                0x080027e4                HAL_NVIC_SetPriority
 .text.HAL_NVIC_EnableIRQ
                0x08002804        0x8 CMakeFiles/Balance_leg_V2.elf.dir/Drivers/STM32H7xx_HAL_Driver/Src/stm32h7xx_hal_cortex.c.obj
                0x08002804                HAL_NVIC_EnableIRQ
 .text.HAL_SYSTICK_Config
                0x0800280c       0x28 CMakeFiles/Balance_leg_V2.elf.dir/Drivers/STM32H7xx_HAL_Driver/Src/stm32h7xx_hal_cortex.c.obj
                0x0800280c                HAL_SYSTICK_Config
 .text.HAL_MPU_Disable
                0x08002834       0x1c CMakeFiles/Balance_leg_V2.elf.dir/Drivers/STM32H7xx_HAL_Driver/Src/stm32h7xx_hal_cortex.c.obj
                0x08002834                HAL_MPU_Disable
 .text.HAL_MPU_Enable
                0x08002850       0x20 CMakeFiles/Balance_leg_V2.elf.dir/Drivers/STM32H7xx_HAL_Driver/Src/stm32h7xx_hal_cortex.c.obj
                0x08002850                HAL_MPU_Enable
 .text.HAL_MPU_ConfigRegion
                0x08002870       0x58 CMakeFiles/Balance_leg_V2.elf.dir/Drivers/STM32H7xx_HAL_Driver/Src/stm32h7xx_hal_cortex.c.obj
                0x08002870                HAL_MPU_ConfigRegion
 .text.DMA_SetConfig
                0x080028c8      0x1b4 CMakeFiles/Balance_leg_V2.elf.dir/Drivers/STM32H7xx_HAL_Driver/Src/stm32h7xx_hal_dma.c.obj
 .text.DMA_CalcBaseAndBitshift
                0x08002a7c       0xb0 CMakeFiles/Balance_leg_V2.elf.dir/Drivers/STM32H7xx_HAL_Driver/Src/stm32h7xx_hal_dma.c.obj
 .text.DMA_CheckFifoParam
                0x08002b2c       0x92 CMakeFiles/Balance_leg_V2.elf.dir/Drivers/STM32H7xx_HAL_Driver/Src/stm32h7xx_hal_dma.c.obj
 *fill*         0x08002bbe        0x2 
 .text.DMA_CalcDMAMUXChannelBaseAndMask
                0x08002bc0       0xac CMakeFiles/Balance_leg_V2.elf.dir/Drivers/STM32H7xx_HAL_Driver/Src/stm32h7xx_hal_dma.c.obj
 .text.DMA_CalcDMAMUXRequestGenBaseAndMask
                0x08002c6c       0x7c CMakeFiles/Balance_leg_V2.elf.dir/Drivers/STM32H7xx_HAL_Driver/Src/stm32h7xx_hal_dma.c.obj
 .text.HAL_DMA_Init
                0x08002ce8      0x39c CMakeFiles/Balance_leg_V2.elf.dir/Drivers/STM32H7xx_HAL_Driver/Src/stm32h7xx_hal_dma.c.obj
                0x08002ce8                HAL_DMA_Init
 .text.HAL_DMA_Start_IT
                0x08003084      0x298 CMakeFiles/Balance_leg_V2.elf.dir/Drivers/STM32H7xx_HAL_Driver/Src/stm32h7xx_hal_dma.c.obj
                0x08003084                HAL_DMA_Start_IT
 .text.HAL_DMA_Abort
                0x0800331c      0x340 CMakeFiles/Balance_leg_V2.elf.dir/Drivers/STM32H7xx_HAL_Driver/Src/stm32h7xx_hal_dma.c.obj
                0x0800331c                HAL_DMA_Abort
 .text.HAL_DMA_Abort_IT
                0x0800365c      0x270 CMakeFiles/Balance_leg_V2.elf.dir/Drivers/STM32H7xx_HAL_Driver/Src/stm32h7xx_hal_dma.c.obj
                0x0800365c                HAL_DMA_Abort_IT
 .text.HAL_DMA_IRQHandler
                0x080038cc      0x738 CMakeFiles/Balance_leg_V2.elf.dir/Drivers/STM32H7xx_HAL_Driver/Src/stm32h7xx_hal_dma.c.obj
                0x080038cc                HAL_DMA_IRQHandler
 .text.FDCAN_CalcultateRamBlockAddresses
                0x08004004      0x1d4 CMakeFiles/Balance_leg_V2.elf.dir/Drivers/STM32H7xx_HAL_Driver/Src/stm32h7xx_hal_fdcan.c.obj
 .text.FDCAN_CopyMessageToRAM
                0x080041d8       0x8c CMakeFiles/Balance_leg_V2.elf.dir/Drivers/STM32H7xx_HAL_Driver/Src/stm32h7xx_hal_fdcan.c.obj
 .text.HAL_FDCAN_Init
                0x08004264      0x294 CMakeFiles/Balance_leg_V2.elf.dir/Drivers/STM32H7xx_HAL_Driver/Src/stm32h7xx_hal_fdcan.c.obj
                0x08004264                HAL_FDCAN_Init
 .text.HAL_FDCAN_ConfigFilter
                0x080044f8       0x8a CMakeFiles/Balance_leg_V2.elf.dir/Drivers/STM32H7xx_HAL_Driver/Src/stm32h7xx_hal_fdcan.c.obj
                0x080044f8                HAL_FDCAN_ConfigFilter
 .text.HAL_FDCAN_ConfigGlobalFilter
                0x08004582       0x36 CMakeFiles/Balance_leg_V2.elf.dir/Drivers/STM32H7xx_HAL_Driver/Src/stm32h7xx_hal_fdcan.c.obj
                0x08004582                HAL_FDCAN_ConfigGlobalFilter
 .text.HAL_FDCAN_Start
                0x080045b8       0x34 CMakeFiles/Balance_leg_V2.elf.dir/Drivers/STM32H7xx_HAL_Driver/Src/stm32h7xx_hal_fdcan.c.obj
                0x080045b8                HAL_FDCAN_Start
 .text.HAL_FDCAN_AddMessageToTxFifoQ
                0x080045ec       0x76 CMakeFiles/Balance_leg_V2.elf.dir/Drivers/STM32H7xx_HAL_Driver/Src/stm32h7xx_hal_fdcan.c.obj
                0x080045ec                HAL_FDCAN_AddMessageToTxFifoQ
 *fill*         0x08004662        0x2 
 .text.HAL_FDCAN_GetRxMessage
                0x08004664      0x1e4 CMakeFiles/Balance_leg_V2.elf.dir/Drivers/STM32H7xx_HAL_Driver/Src/stm32h7xx_hal_fdcan.c.obj
                0x08004664                HAL_FDCAN_GetRxMessage
 .text.HAL_FDCAN_ActivateNotification
                0x08004848       0x90 CMakeFiles/Balance_leg_V2.elf.dir/Drivers/STM32H7xx_HAL_Driver/Src/stm32h7xx_hal_fdcan.c.obj
                0x08004848                HAL_FDCAN_ActivateNotification
 .text.HAL_FDCAN_ClockCalibrationCallback
                0x080048d8        0x2 CMakeFiles/Balance_leg_V2.elf.dir/Drivers/STM32H7xx_HAL_Driver/Src/stm32h7xx_hal_fdcan.c.obj
                0x080048d8                HAL_FDCAN_ClockCalibrationCallback
 .text.HAL_FDCAN_TxEventFifoCallback
                0x080048da        0x2 CMakeFiles/Balance_leg_V2.elf.dir/Drivers/STM32H7xx_HAL_Driver/Src/stm32h7xx_hal_fdcan.c.obj
                0x080048da                HAL_FDCAN_TxEventFifoCallback
 .text.HAL_FDCAN_TxFifoEmptyCallback
                0x080048dc        0x2 CMakeFiles/Balance_leg_V2.elf.dir/Drivers/STM32H7xx_HAL_Driver/Src/stm32h7xx_hal_fdcan.c.obj
                0x080048dc                HAL_FDCAN_TxFifoEmptyCallback
 .text.HAL_FDCAN_TxBufferCompleteCallback
                0x080048de        0x2 CMakeFiles/Balance_leg_V2.elf.dir/Drivers/STM32H7xx_HAL_Driver/Src/stm32h7xx_hal_fdcan.c.obj
                0x080048de                HAL_FDCAN_TxBufferCompleteCallback
 .text.HAL_FDCAN_TxBufferAbortCallback
                0x080048e0        0x2 CMakeFiles/Balance_leg_V2.elf.dir/Drivers/STM32H7xx_HAL_Driver/Src/stm32h7xx_hal_fdcan.c.obj
                0x080048e0                HAL_FDCAN_TxBufferAbortCallback
 .text.HAL_FDCAN_RxBufferNewMessageCallback
                0x080048e2        0x2 CMakeFiles/Balance_leg_V2.elf.dir/Drivers/STM32H7xx_HAL_Driver/Src/stm32h7xx_hal_fdcan.c.obj
                0x080048e2                HAL_FDCAN_RxBufferNewMessageCallback
 .text.HAL_FDCAN_TimestampWraparoundCallback
                0x080048e4        0x2 CMakeFiles/Balance_leg_V2.elf.dir/Drivers/STM32H7xx_HAL_Driver/Src/stm32h7xx_hal_fdcan.c.obj
                0x080048e4                HAL_FDCAN_TimestampWraparoundCallback
 .text.HAL_FDCAN_TimeoutOccurredCallback
                0x080048e6        0x2 CMakeFiles/Balance_leg_V2.elf.dir/Drivers/STM32H7xx_HAL_Driver/Src/stm32h7xx_hal_fdcan.c.obj
                0x080048e6                HAL_FDCAN_TimeoutOccurredCallback
 .text.HAL_FDCAN_HighPriorityMessageCallback
                0x080048e8        0x2 CMakeFiles/Balance_leg_V2.elf.dir/Drivers/STM32H7xx_HAL_Driver/Src/stm32h7xx_hal_fdcan.c.obj
                0x080048e8                HAL_FDCAN_HighPriorityMessageCallback
 .text.HAL_FDCAN_ErrorCallback
                0x080048ea        0x2 CMakeFiles/Balance_leg_V2.elf.dir/Drivers/STM32H7xx_HAL_Driver/Src/stm32h7xx_hal_fdcan.c.obj
                0x080048ea                HAL_FDCAN_ErrorCallback
 .text.HAL_FDCAN_ErrorStatusCallback
                0x080048ec        0x2 CMakeFiles/Balance_leg_V2.elf.dir/Drivers/STM32H7xx_HAL_Driver/Src/stm32h7xx_hal_fdcan.c.obj
                0x080048ec                HAL_FDCAN_ErrorStatusCallback
 .text.HAL_FDCAN_TT_ScheduleSyncCallback
                0x080048ee        0x2 CMakeFiles/Balance_leg_V2.elf.dir/Drivers/STM32H7xx_HAL_Driver/Src/stm32h7xx_hal_fdcan.c.obj
                0x080048ee                HAL_FDCAN_TT_ScheduleSyncCallback
 .text.HAL_FDCAN_TT_TimeMarkCallback
                0x080048f0        0x2 CMakeFiles/Balance_leg_V2.elf.dir/Drivers/STM32H7xx_HAL_Driver/Src/stm32h7xx_hal_fdcan.c.obj
                0x080048f0                HAL_FDCAN_TT_TimeMarkCallback
 .text.HAL_FDCAN_TT_StopWatchCallback
                0x080048f2        0x2 CMakeFiles/Balance_leg_V2.elf.dir/Drivers/STM32H7xx_HAL_Driver/Src/stm32h7xx_hal_fdcan.c.obj
                0x080048f2                HAL_FDCAN_TT_StopWatchCallback
 .text.HAL_FDCAN_TT_GlobalTimeCallback
                0x080048f4        0x2 CMakeFiles/Balance_leg_V2.elf.dir/Drivers/STM32H7xx_HAL_Driver/Src/stm32h7xx_hal_fdcan.c.obj
                0x080048f4                HAL_FDCAN_TT_GlobalTimeCallback
 *fill*         0x080048f6        0x2 
 .text.HAL_FDCAN_IRQHandler
                0x080048f8      0x320 CMakeFiles/Balance_leg_V2.elf.dir/Drivers/STM32H7xx_HAL_Driver/Src/stm32h7xx_hal_fdcan.c.obj
                0x080048f8                HAL_FDCAN_IRQHandler
 .text.HAL_GPIO_Init
                0x08004c18      0x214 CMakeFiles/Balance_leg_V2.elf.dir/Drivers/STM32H7xx_HAL_Driver/Src/stm32h7xx_hal_gpio.c.obj
                0x08004c18                HAL_GPIO_Init
 .text.HAL_GPIO_WritePin
                0x08004e2c        0xc CMakeFiles/Balance_leg_V2.elf.dir/Drivers/STM32H7xx_HAL_Driver/Src/stm32h7xx_hal_gpio.c.obj
                0x08004e2c                HAL_GPIO_WritePin
 .text.HAL_GPIO_TogglePin
                0x08004e38       0x12 CMakeFiles/Balance_leg_V2.elf.dir/Drivers/STM32H7xx_HAL_Driver/Src/stm32h7xx_hal_gpio.c.obj
                0x08004e38                HAL_GPIO_TogglePin
 *fill*         0x08004e4a        0x2 
 .text.HAL_PWREx_ConfigSupply
                0x08004e4c       0x54 CMakeFiles/Balance_leg_V2.elf.dir/Drivers/STM32H7xx_HAL_Driver/Src/stm32h7xx_hal_pwr_ex.c.obj
                0x08004e4c                HAL_PWREx_ConfigSupply
 .text.HAL_RCC_OscConfig
                0x08004ea0      0x5e4 CMakeFiles/Balance_leg_V2.elf.dir/Drivers/STM32H7xx_HAL_Driver/Src/stm32h7xx_hal_rcc.c.obj
                0x08004ea0                HAL_RCC_OscConfig
 .text.HAL_RCC_GetSysClockFreq
                0x08005484      0x1f8 CMakeFiles/Balance_leg_V2.elf.dir/Drivers/STM32H7xx_HAL_Driver/Src/stm32h7xx_hal_rcc.c.obj
                0x08005484                HAL_RCC_GetSysClockFreq
 .text.HAL_RCC_ClockConfig
                0x0800567c      0x294 CMakeFiles/Balance_leg_V2.elf.dir/Drivers/STM32H7xx_HAL_Driver/Src/stm32h7xx_hal_rcc.c.obj
                0x0800567c                HAL_RCC_ClockConfig
 .text.HAL_RCC_GetHCLKFreq
                0x08005910       0x44 CMakeFiles/Balance_leg_V2.elf.dir/Drivers/STM32H7xx_HAL_Driver/Src/stm32h7xx_hal_rcc.c.obj
                0x08005910                HAL_RCC_GetHCLKFreq
 .text.HAL_RCC_GetPCLK1Freq
                0x08005954       0x24 CMakeFiles/Balance_leg_V2.elf.dir/Drivers/STM32H7xx_HAL_Driver/Src/stm32h7xx_hal_rcc.c.obj
                0x08005954                HAL_RCC_GetPCLK1Freq
 .text.HAL_RCC_GetPCLK2Freq
                0x08005978       0x24 CMakeFiles/Balance_leg_V2.elf.dir/Drivers/STM32H7xx_HAL_Driver/Src/stm32h7xx_hal_rcc.c.obj
                0x08005978                HAL_RCC_GetPCLK2Freq
 .text.RCCEx_PLL2_Config
                0x0800599c      0x108 CMakeFiles/Balance_leg_V2.elf.dir/Drivers/STM32H7xx_HAL_Driver/Src/stm32h7xx_hal_rcc_ex.c.obj
 .text.RCCEx_PLL3_Config
                0x08005aa4      0x108 CMakeFiles/Balance_leg_V2.elf.dir/Drivers/STM32H7xx_HAL_Driver/Src/stm32h7xx_hal_rcc_ex.c.obj
 .text.HAL_RCCEx_PeriphCLKConfig
                0x08005bac      0xa2c CMakeFiles/Balance_leg_V2.elf.dir/Drivers/STM32H7xx_HAL_Driver/Src/stm32h7xx_hal_rcc_ex.c.obj
                0x08005bac                HAL_RCCEx_PeriphCLKConfig
 .text.HAL_RCCEx_GetD3PCLK1Freq
                0x080065d8       0x24 CMakeFiles/Balance_leg_V2.elf.dir/Drivers/STM32H7xx_HAL_Driver/Src/stm32h7xx_hal_rcc_ex.c.obj
                0x080065d8                HAL_RCCEx_GetD3PCLK1Freq
 .text.HAL_RCCEx_GetPLL2ClockFreq
                0x080065fc      0x200 CMakeFiles/Balance_leg_V2.elf.dir/Drivers/STM32H7xx_HAL_Driver/Src/stm32h7xx_hal_rcc_ex.c.obj
                0x080065fc                HAL_RCCEx_GetPLL2ClockFreq
 .text.HAL_RCCEx_GetPLL3ClockFreq
                0x080067fc      0x200 CMakeFiles/Balance_leg_V2.elf.dir/Drivers/STM32H7xx_HAL_Driver/Src/stm32h7xx_hal_rcc_ex.c.obj
                0x080067fc                HAL_RCCEx_GetPLL3ClockFreq
 .text.HAL_TIM_Base_Start_IT
                0x080069fc       0xa0 CMakeFiles/Balance_leg_V2.elf.dir/Drivers/STM32H7xx_HAL_Driver/Src/stm32h7xx_hal_tim.c.obj
                0x080069fc                HAL_TIM_Base_Start_IT
 .text.HAL_TIM_OC_DelayElapsedCallback
                0x08006a9c        0x2 CMakeFiles/Balance_leg_V2.elf.dir/Drivers/STM32H7xx_HAL_Driver/Src/stm32h7xx_hal_tim.c.obj
                0x08006a9c                HAL_TIM_OC_DelayElapsedCallback
 .text.HAL_TIM_IC_CaptureCallback
                0x08006a9e        0x2 CMakeFiles/Balance_leg_V2.elf.dir/Drivers/STM32H7xx_HAL_Driver/Src/stm32h7xx_hal_tim.c.obj
                0x08006a9e                HAL_TIM_IC_CaptureCallback
 .text.HAL_TIM_PWM_PulseFinishedCallback
                0x08006aa0        0x2 CMakeFiles/Balance_leg_V2.elf.dir/Drivers/STM32H7xx_HAL_Driver/Src/stm32h7xx_hal_tim.c.obj
                0x08006aa0                HAL_TIM_PWM_PulseFinishedCallback
 .text.HAL_TIM_TriggerCallback
                0x08006aa2        0x2 CMakeFiles/Balance_leg_V2.elf.dir/Drivers/STM32H7xx_HAL_Driver/Src/stm32h7xx_hal_tim.c.obj
                0x08006aa2                HAL_TIM_TriggerCallback
 .text.HAL_TIM_IRQHandler
                0x08006aa4      0x17a CMakeFiles/Balance_leg_V2.elf.dir/Drivers/STM32H7xx_HAL_Driver/Src/stm32h7xx_hal_tim.c.obj
                0x08006aa4                HAL_TIM_IRQHandler
 *fill*         0x08006c1e        0x2 
 .text.TIM_Base_SetConfig
                0x08006c20      0x130 CMakeFiles/Balance_leg_V2.elf.dir/Drivers/STM32H7xx_HAL_Driver/Src/stm32h7xx_hal_tim.c.obj
                0x08006c20                TIM_Base_SetConfig
 .text.HAL_TIM_Base_Init
                0x08006d50       0x60 CMakeFiles/Balance_leg_V2.elf.dir/Drivers/STM32H7xx_HAL_Driver/Src/stm32h7xx_hal_tim.c.obj
                0x08006d50                HAL_TIM_Base_Init
 .text.HAL_TIMEx_CommutCallback
                0x08006db0        0x2 CMakeFiles/Balance_leg_V2.elf.dir/Drivers/STM32H7xx_HAL_Driver/Src/stm32h7xx_hal_tim_ex.c.obj
                0x08006db0                HAL_TIMEx_CommutCallback
 .text.HAL_TIMEx_BreakCallback
                0x08006db2        0x2 CMakeFiles/Balance_leg_V2.elf.dir/Drivers/STM32H7xx_HAL_Driver/Src/stm32h7xx_hal_tim_ex.c.obj
                0x08006db2                HAL_TIMEx_BreakCallback
 .text.HAL_TIMEx_Break2Callback
                0x08006db4        0x2 CMakeFiles/Balance_leg_V2.elf.dir/Drivers/STM32H7xx_HAL_Driver/Src/stm32h7xx_hal_tim_ex.c.obj
                0x08006db4                HAL_TIMEx_Break2Callback
 .text.UART_EndTxTransfer
                0x08006db6       0x32 CMakeFiles/Balance_leg_V2.elf.dir/Drivers/STM32H7xx_HAL_Driver/Src/stm32h7xx_hal_uart.c.obj
 .text.UART_EndRxTransfer
                0x08006de8       0x58 CMakeFiles/Balance_leg_V2.elf.dir/Drivers/STM32H7xx_HAL_Driver/Src/stm32h7xx_hal_uart.c.obj
 .text.HAL_UART_Transmit_DMA
                0x08006e40       0x9c CMakeFiles/Balance_leg_V2.elf.dir/Drivers/STM32H7xx_HAL_Driver/Src/stm32h7xx_hal_uart.c.obj
                0x08006e40                HAL_UART_Transmit_DMA
 .text.HAL_UART_TxCpltCallback
                0x08006edc        0x2 CMakeFiles/Balance_leg_V2.elf.dir/Drivers/STM32H7xx_HAL_Driver/Src/stm32h7xx_hal_uart.c.obj
                0x08006edc                HAL_UART_TxCpltCallback
 .text.UART_DMATransmitCplt
                0x08006ede       0x46 CMakeFiles/Balance_leg_V2.elf.dir/Drivers/STM32H7xx_HAL_Driver/Src/stm32h7xx_hal_uart.c.obj
 .text.UART_EndTransmit_IT
                0x08006f24       0x24 CMakeFiles/Balance_leg_V2.elf.dir/Drivers/STM32H7xx_HAL_Driver/Src/stm32h7xx_hal_uart.c.obj
 .text.HAL_UART_TxHalfCpltCallback
                0x08006f48        0x2 CMakeFiles/Balance_leg_V2.elf.dir/Drivers/STM32H7xx_HAL_Driver/Src/stm32h7xx_hal_uart.c.obj
                0x08006f48                HAL_UART_TxHalfCpltCallback
 .text.UART_DMATxHalfCplt
                0x08006f4a        0xa CMakeFiles/Balance_leg_V2.elf.dir/Drivers/STM32H7xx_HAL_Driver/Src/stm32h7xx_hal_uart.c.obj
 .text.HAL_UART_RxHalfCpltCallback
                0x08006f54        0x2 CMakeFiles/Balance_leg_V2.elf.dir/Drivers/STM32H7xx_HAL_Driver/Src/stm32h7xx_hal_uart.c.obj
                0x08006f54                HAL_UART_RxHalfCpltCallback
 .text.UART_DMAError
                0x08006f56       0x58 CMakeFiles/Balance_leg_V2.elf.dir/Drivers/STM32H7xx_HAL_Driver/Src/stm32h7xx_hal_uart.c.obj
 .text.UART_DMAAbortOnError
                0x08006fae       0x14 CMakeFiles/Balance_leg_V2.elf.dir/Drivers/STM32H7xx_HAL_Driver/Src/stm32h7xx_hal_uart.c.obj
 *fill*         0x08006fc2        0x2 
 .text.HAL_UART_IRQHandler
                0x08006fc4      0x3b4 CMakeFiles/Balance_leg_V2.elf.dir/Drivers/STM32H7xx_HAL_Driver/Src/stm32h7xx_hal_uart.c.obj
                0x08006fc4                HAL_UART_IRQHandler
 .text.UART_DMARxHalfCplt
                0x08007378       0x20 CMakeFiles/Balance_leg_V2.elf.dir/Drivers/STM32H7xx_HAL_Driver/Src/stm32h7xx_hal_uart.c.obj
 .text.UART_DMAReceiveCplt
                0x08007398       0x90 CMakeFiles/Balance_leg_V2.elf.dir/Drivers/STM32H7xx_HAL_Driver/Src/stm32h7xx_hal_uart.c.obj
 .text.UART_SetConfig
                0x08007428      0x6c4 CMakeFiles/Balance_leg_V2.elf.dir/Drivers/STM32H7xx_HAL_Driver/Src/stm32h7xx_hal_uart.c.obj
                0x08007428                UART_SetConfig
 .text.UART_AdvFeatureConfig
                0x08007aec       0xca CMakeFiles/Balance_leg_V2.elf.dir/Drivers/STM32H7xx_HAL_Driver/Src/stm32h7xx_hal_uart.c.obj
                0x08007aec                UART_AdvFeatureConfig
 .text.UART_WaitOnFlagUntilTimeout
                0x08007bb6       0xa6 CMakeFiles/Balance_leg_V2.elf.dir/Drivers/STM32H7xx_HAL_Driver/Src/stm32h7xx_hal_uart.c.obj
                0x08007bb6                UART_WaitOnFlagUntilTimeout
 .text.HAL_UART_Transmit
                0x08007c5c       0xd0 CMakeFiles/Balance_leg_V2.elf.dir/Drivers/STM32H7xx_HAL_Driver/Src/stm32h7xx_hal_uart.c.obj
                0x08007c5c                HAL_UART_Transmit
 .text.UART_CheckIdleState
                0x08007d2c       0xca CMakeFiles/Balance_leg_V2.elf.dir/Drivers/STM32H7xx_HAL_Driver/Src/stm32h7xx_hal_uart.c.obj
                0x08007d2c                UART_CheckIdleState
 .text.HAL_UART_Init
                0x08007df6       0x66 CMakeFiles/Balance_leg_V2.elf.dir/Drivers/STM32H7xx_HAL_Driver/Src/stm32h7xx_hal_uart.c.obj
                0x08007df6                HAL_UART_Init
 .text.UART_Start_Receive_DMA
                0x08007e5c       0xb0 CMakeFiles/Balance_leg_V2.elf.dir/Drivers/STM32H7xx_HAL_Driver/Src/stm32h7xx_hal_uart.c.obj
                0x08007e5c                UART_Start_Receive_DMA
 .text.UARTEx_SetNbDataToProcess
                0x08007f0c       0x4c CMakeFiles/Balance_leg_V2.elf.dir/Drivers/STM32H7xx_HAL_Driver/Src/stm32h7xx_hal_uart_ex.c.obj
 .text.HAL_UARTEx_WakeupCallback
                0x08007f58        0x2 CMakeFiles/Balance_leg_V2.elf.dir/Drivers/STM32H7xx_HAL_Driver/Src/stm32h7xx_hal_uart_ex.c.obj
                0x08007f58                HAL_UARTEx_WakeupCallback
 .text.HAL_UARTEx_RxFifoFullCallback
                0x08007f5a        0x2 CMakeFiles/Balance_leg_V2.elf.dir/Drivers/STM32H7xx_HAL_Driver/Src/stm32h7xx_hal_uart_ex.c.obj
                0x08007f5a                HAL_UARTEx_RxFifoFullCallback
 .text.HAL_UARTEx_TxFifoEmptyCallback
                0x08007f5c        0x2 CMakeFiles/Balance_leg_V2.elf.dir/Drivers/STM32H7xx_HAL_Driver/Src/stm32h7xx_hal_uart_ex.c.obj
                0x08007f5c                HAL_UARTEx_TxFifoEmptyCallback
 .text.HAL_UARTEx_DisableFifoMode
                0x08007f5e       0x3e CMakeFiles/Balance_leg_V2.elf.dir/Drivers/STM32H7xx_HAL_Driver/Src/stm32h7xx_hal_uart_ex.c.obj
                0x08007f5e                HAL_UARTEx_DisableFifoMode
 .text.HAL_UARTEx_SetTxFifoThreshold
                0x08007f9c       0x4a CMakeFiles/Balance_leg_V2.elf.dir/Drivers/STM32H7xx_HAL_Driver/Src/stm32h7xx_hal_uart_ex.c.obj
                0x08007f9c                HAL_UARTEx_SetTxFifoThreshold
 .text.HAL_UARTEx_SetRxFifoThreshold
                0x08007fe6       0x4a CMakeFiles/Balance_leg_V2.elf.dir/Drivers/STM32H7xx_HAL_Driver/Src/stm32h7xx_hal_uart_ex.c.obj
                0x08007fe6                HAL_UARTEx_SetRxFifoThreshold
 .text.HAL_UARTEx_ReceiveToIdle_DMA
                0x08008030       0x50 CMakeFiles/Balance_leg_V2.elf.dir/Drivers/STM32H7xx_HAL_Driver/Src/stm32h7xx_hal_uart_ex.c.obj
                0x08008030                HAL_UARTEx_ReceiveToIdle_DMA
 .text.BasePID_Init
                0x08008080       0x1a CMakeFiles/Balance_leg_V2.elf.dir/User/Algorithm/Pid.c.obj
                0x08008080                BasePID_Init
 .text.BasePID_PositionControl
                0x0800809a       0x7c CMakeFiles/Balance_leg_V2.elf.dir/User/Algorithm/Pid.c.obj
                0x0800809a                BasePID_PositionControl
 *fill*         0x08008116        0x2 
 .text.VMC_init
                0x08008118       0x18 CMakeFiles/Balance_leg_V2.elf.dir/User/Algorithm/VMC_calc.c.obj
                0x08008118                VMC_init
 .text.VMC_calc_1_right
                0x08008130      0x30c CMakeFiles/Balance_leg_V2.elf.dir/User/Algorithm/VMC_calc.c.obj
                0x08008130                VMC_calc_1_right
 .text.VMC_calc_1_left
                0x0800843c      0x318 CMakeFiles/Balance_leg_V2.elf.dir/User/Algorithm/VMC_calc.c.obj
                0x0800843c                VMC_calc_1_left
 .text.VMC_calc_2
                0x08008754      0x162 CMakeFiles/Balance_leg_V2.elf.dir/User/Algorithm/VMC_calc.c.obj
                0x08008754                VMC_calc_2
 *fill*         0x080088b6        0x2 
 .text.ground_detectionR
                0x080088b8       0x60 CMakeFiles/Balance_leg_V2.elf.dir/User/Algorithm/VMC_calc.c.obj
                0x080088b8                ground_detectionR
 .text.ground_detectionL
                0x08008918       0x60 CMakeFiles/Balance_leg_V2.elf.dir/User/Algorithm/VMC_calc.c.obj
                0x08008918                ground_detectionL
 .text.LQR_K_calc
                0x08008978       0x92 CMakeFiles/Balance_leg_V2.elf.dir/User/Algorithm/VMC_calc.c.obj
                0x08008978                LQR_K_calc
 *fill*         0x08008a0a        0x2 
 .text.ChassisL_init
                0x08008a0c       0x40 CMakeFiles/Balance_leg_V2.elf.dir/User/App/Chassis_L.c.obj
                0x08008a0c                ChassisL_init
 .text.chassisL_feedback_update
                0x08008a4c       0x9c CMakeFiles/Balance_leg_V2.elf.dir/User/App/Chassis_L.c.obj
                0x08008a4c                chassisL_feedback_update
 .text.chassisL_control
                0x08008ae8      0x468 CMakeFiles/Balance_leg_V2.elf.dir/User/App/Chassis_L.c.obj
                0x08008ae8                chassisL_control
 .text.ChassisL_task
                0x08008f50       0x4c CMakeFiles/Balance_leg_V2.elf.dir/User/App/Chassis_L.c.obj
                0x08008f50                ChassisL_task
 .text.ChassisR_init
                0x08008f9c       0x9c CMakeFiles/Balance_leg_V2.elf.dir/User/App/Chassis_R.c.obj
                0x08008f9c                ChassisR_init
 .text.chassisR_feedback_update
                0x08009038       0xdc CMakeFiles/Balance_leg_V2.elf.dir/User/App/Chassis_R.c.obj
                0x08009038                chassisR_feedback_update
 .text.mySaturate_f
                0x08009114       0x24 CMakeFiles/Balance_leg_V2.elf.dir/User/App/Chassis_R.c.obj
                0x08009114                mySaturate_f
 .text.mySaturate_i
                0x08009138       0x14 CMakeFiles/Balance_leg_V2.elf.dir/User/App/Chassis_R.c.obj
                0x08009138                mySaturate_i
 .text.chassisR_control
                0x0800914c      0x4c4 CMakeFiles/Balance_leg_V2.elf.dir/User/App/Chassis_R.c.obj
                0x0800914c                chassisR_control
 .text.ChassisR_task
                0x08009610       0x94 CMakeFiles/Balance_leg_V2.elf.dir/User/App/Chassis_R.c.obj
                0x08009610                ChassisR_task
 .text.Check_FPS
                0x080096a4       0x90 CMakeFiles/Balance_leg_V2.elf.dir/User/App/Check.c.obj
                0x080096a4                Check_FPS
 .text.Online_check
                0x08009734       0x3c CMakeFiles/Balance_leg_V2.elf.dir/User/App/Check.c.obj
                0x08009734                Online_check
 .text.Check_Status
                0x08009770       0x34 CMakeFiles/Balance_leg_V2.elf.dir/User/App/Check.c.obj
                0x08009770                Check_Status
 .text.HAL_TIM_PeriodElapsedCallback
                0x080097a4      0x174 CMakeFiles/Balance_leg_V2.elf.dir/User/App/Control_logic.c.obj
                0x080097a4                HAL_TIM_PeriodElapsedCallback
 .text.slope_following
                0x08009918       0x54 CMakeFiles/Balance_leg_V2.elf.dir/User/App/ELRS_task.c.obj
                0x08009918                slope_following
 .text.ELRS_Task
                0x0800996c      0x208 CMakeFiles/Balance_leg_V2.elf.dir/User/App/ELRS_task.c.obj
                0x0800996c                ELRS_Task
 .text.Facial_expression_init
                0x08009b74       0x9c CMakeFiles/Balance_leg_V2.elf.dir/User/App/Facial_expression.c.obj
                0x08009b74                Facial_expression_init
 .text.Facial_expression_Control
                0x08009c10        0x2 CMakeFiles/Balance_leg_V2.elf.dir/User/App/Facial_expression.c.obj
                0x08009c10                Facial_expression_Control
 .text.Facial_expression_Callback
                0x08009c12        0x8 CMakeFiles/Balance_leg_V2.elf.dir/User/App/Facial_expression.c.obj
                0x08009c12                Facial_expression_Callback
 *fill*         0x08009c1a        0x2 
 .text.HardwareConfig
                0x08009c1c       0x4c CMakeFiles/Balance_leg_V2.elf.dir/User/App/Hardware_Config.c.obj
                0x08009c1c                HardwareConfig
 .text.Observe_task
                0x08009c68      0x170 CMakeFiles/Balance_leg_V2.elf.dir/User/App/Observe.c.obj
                0x08009c68                Observe_task
 .text.HAL_UARTEx_RxEventCallback
                0x08009dd8       0xdc CMakeFiles/Balance_leg_V2.elf.dir/User/App/USART_Callback.c.obj
                0x08009dd8                HAL_UARTEx_RxEventCallback
 .text.HAL_UART_RxCpltCallback
                0x08009eb4        0x2 CMakeFiles/Balance_leg_V2.elf.dir/User/App/USART_Callback.c.obj
                0x08009eb4                HAL_UART_RxCpltCallback
 *fill*         0x08009eb6        0x2 
 .text.HAL_UART_ErrorCallback
                0x08009eb8       0x90 CMakeFiles/Balance_leg_V2.elf.dir/User/App/USART_Callback.c.obj
                0x08009eb8                HAL_UART_ErrorCallback
 .text.FDCAN1_Config
                0x08009f48       0x68 CMakeFiles/Balance_leg_V2.elf.dir/User/BSP/can_bsp.c.obj
                0x08009f48                FDCAN1_Config
 .text.FDCAN2_Config
                0x08009fb0       0x68 CMakeFiles/Balance_leg_V2.elf.dir/User/BSP/can_bsp.c.obj
                0x08009fb0                FDCAN2_Config
 .text.canx_send_data
                0x0800a018       0x8e CMakeFiles/Balance_leg_V2.elf.dir/User/BSP/can_bsp.c.obj
                0x0800a018                canx_send_data
 *fill*         0x0800a0a6        0x2 
 .text.HAL_FDCAN_RxFifo0Callback
                0x0800a0a8       0x58 CMakeFiles/Balance_leg_V2.elf.dir/User/BSP/can_bsp.c.obj
                0x0800a0a8                HAL_FDCAN_RxFifo0Callback
 .text.HAL_FDCAN_RxFifo1Callback
                0x0800a100       0x54 CMakeFiles/Balance_leg_V2.elf.dir/User/BSP/can_bsp.c.obj
                0x0800a100                HAL_FDCAN_RxFifo1Callback
 .text.Motor3508_update_data
                0x0800a154       0x58 CMakeFiles/Balance_leg_V2.elf.dir/User/Devices/Dji_motor/Motor_Dji.c.obj
                0x0800a154                Motor3508_update_data
 .text.Set_moto_current
                0x0800a1ac       0x36 CMakeFiles/Balance_leg_V2.elf.dir/User/Devices/Dji_motor/Motor_Dji.c.obj
                0x0800a1ac                Set_moto_current
 .text.float_Map
                0x0800a1e2       0x3c CMakeFiles/Balance_leg_V2.elf.dir/User/Devices/ELRS_Control/ELRS_Drive.c.obj
                0x0800a1e2                float_Map
 .text.float_Map_with_median
                0x0800a21e       0x7a CMakeFiles/Balance_leg_V2.elf.dir/User/Devices/ELRS_Control/ELRS_Drive.c.obj
                0x0800a21e                float_Map_with_median
 .text.ELRS_Init
                0x0800a298       0x9c CMakeFiles/Balance_leg_V2.elf.dir/User/Devices/ELRS_Control/ELRS_Drive.c.obj
                0x0800a298                ELRS_Init
 .text.ELRS_UARTE_RxCallback
                0x0800a334      0x358 CMakeFiles/Balance_leg_V2.elf.dir/User/Devices/ELRS_Control/ELRS_Drive.c.obj
                0x0800a334                ELRS_UARTE_RxCallback
 .text.hipnuc_crc16
                0x0800a68c       0x46 CMakeFiles/Balance_leg_V2.elf.dir/User/Devices/HI91/CH010_HI91.c.obj
 .text.hexToFloat
                0x0800a6d2        0x6 CMakeFiles/Balance_leg_V2.elf.dir/User/Devices/HI91/CH010_HI91.c.obj
                0x0800a6d2                hexToFloat
 .text.CH010_HI91_Init
                0x0800a6d8       0x9c CMakeFiles/Balance_leg_V2.elf.dir/User/Devices/HI91/CH010_HI91.c.obj
                0x0800a6d8                CH010_HI91_Init
 .text.HI91_UARTE_RxCallback
                0x0800a774      0x2e0 CMakeFiles/Balance_leg_V2.elf.dir/User/Devices/HI91/CH010_HI91.c.obj
                0x0800a774                HI91_UARTE_RxCallback
 .text.A1_Motor_Init
                0x0800aa54      0x260 CMakeFiles/Balance_leg_V2.elf.dir/User/Devices/Motor_A1/A1_Motor.c.obj
                0x0800aa54                A1_Motor_Init
 .text.crc32_core_Ver3
                0x0800acb4       0x58 CMakeFiles/Balance_leg_V2.elf.dir/User/Devices/Motor_A1/A1_Motor.c.obj
                0x0800acb4                crc32_core_Ver3
 .text.Modfiy_Speed_Cmd
                0x0800ad0c       0x50 CMakeFiles/Balance_leg_V2.elf.dir/User/Devices/Motor_A1/A1_Motor.c.obj
                0x0800ad0c                Modfiy_Speed_Cmd
 .text.Modfiy_Torque_Cmd
                0x0800ad5c       0x5c CMakeFiles/Balance_leg_V2.elf.dir/User/Devices/Motor_A1/A1_Motor.c.obj
                0x0800ad5c                Modfiy_Torque_Cmd
 .text.A1_Motor_Send_Cmd
                0x0800adb8      0x128 CMakeFiles/Balance_leg_V2.elf.dir/User/Devices/Motor_A1/A1_Motor.c.obj
                0x0800adb8                A1_Motor_Send_Cmd
 .text.A1_Motor_Recv_Cmd
                0x0800aee0      0x114 CMakeFiles/Balance_leg_V2.elf.dir/User/Devices/Motor_A1/A1_Motor.c.obj
                0x0800aee0                A1_Motor_Recv_Cmd
 .text.arm_sin_f32
                0x0800aff4       0x8c C:\Users\w1445\Desktop\Microcontroller_project\Balance_leg\Code\Balance_V2\Balance_leg_V2\Middlewares\ST\ARM\DSP\Lib\libarm_cortexM4lf_math.a(arm_sin_f32.o)
                0x0800aff4                arm_sin_f32
 .text.arm_cos_f32
                0x0800b080       0x94 C:\Users\w1445\Desktop\Microcontroller_project\Balance_leg\Code\Balance_V2\Balance_leg_V2\Middlewares\ST\ARM\DSP\Lib\libarm_cortexM4lf_math.a(arm_cos_f32.o)
                0x0800b080                arm_cos_f32
 .text.__udivmoddi4
                0x0800b114      0x2bc D:/arm-none-eabi/13.3 rel1/bin/../lib/gcc/arm-none-eabi/13.3.1/thumb/v7e-m+fp/hard\libgcc.a(_udivmoddi4.o)
                0x0800b114                __udivmoddi4
 .text._malloc_r
                0x0800b3d0      0x564 D:/arm-none-eabi/13.3 rel1/bin/../lib/gcc/arm-none-eabi/13.3.1/thumb/v7e-m+fp/hard\libg.a(libc_a-mallocr.o)
                0x0800b3d0                _malloc_r
 .text.__malloc_lock
                0x0800b934        0xc D:/arm-none-eabi/13.3 rel1/bin/../lib/gcc/arm-none-eabi/13.3.1/thumb/v7e-m+fp/hard\libg.a(libc_a-mlock.o)
                0x0800b934                __malloc_lock
 .text.__malloc_unlock
                0x0800b940        0xc D:/arm-none-eabi/13.3 rel1/bin/../lib/gcc/arm-none-eabi/13.3.1/thumb/v7e-m+fp/hard\libg.a(libc_a-mlock.o)
                0x0800b940                __malloc_unlock
 .text.stdio_exit_handler
                0x0800b94c       0x18 D:/arm-none-eabi/13.3 rel1/bin/../lib/gcc/arm-none-eabi/13.3.1/thumb/v7e-m+fp/hard\libg.a(libc_a-findfp.o)
 .text.cleanup_stdio
                0x0800b964       0x40 D:/arm-none-eabi/13.3 rel1/bin/../lib/gcc/arm-none-eabi/13.3.1/thumb/v7e-m+fp/hard\libg.a(libc_a-findfp.o)
 .text.global_stdio_init.part.0
                0x0800b9a4       0xf0 D:/arm-none-eabi/13.3 rel1/bin/../lib/gcc/arm-none-eabi/13.3.1/thumb/v7e-m+fp/hard\libg.a(libc_a-findfp.o)
 .text.__sinit  0x0800ba94       0x3c D:/arm-none-eabi/13.3 rel1/bin/../lib/gcc/arm-none-eabi/13.3.1/thumb/v7e-m+fp/hard\libg.a(libc_a-findfp.o)
                0x0800ba94                __sinit
 .text.__sfp_lock_acquire
                0x0800bad0        0xc D:/arm-none-eabi/13.3 rel1/bin/../lib/gcc/arm-none-eabi/13.3.1/thumb/v7e-m+fp/hard\libg.a(libc_a-findfp.o)
                0x0800bad0                __sfp_lock_acquire
 .text.__sfp_lock_release
                0x0800badc        0xc D:/arm-none-eabi/13.3 rel1/bin/../lib/gcc/arm-none-eabi/13.3.1/thumb/v7e-m+fp/hard\libg.a(libc_a-findfp.o)
                0x0800badc                __sfp_lock_release
 .text._fwalk_sglue
                0x0800bae8       0x44 D:/arm-none-eabi/13.3 rel1/bin/../lib/gcc/arm-none-eabi/13.3.1/thumb/v7e-m+fp/hard\libg.a(libc_a-fwalk.o)
                0x0800bae8                _fwalk_sglue
 .text.printf   0x0800bb2c       0x28 D:/arm-none-eabi/13.3 rel1/bin/../lib/gcc/arm-none-eabi/13.3.1/thumb/v7e-m+fp/hard\libg.a(libc_a-printf.o)
                0x0800bb2c                printf
 .text.__sread  0x0800bb54       0x24 D:/arm-none-eabi/13.3 rel1/bin/../lib/gcc/arm-none-eabi/13.3.1/thumb/v7e-m+fp/hard\libg.a(libc_a-stdio.o)
                0x0800bb54                __sread
 .text.__swrite
                0x0800bb78       0x40 D:/arm-none-eabi/13.3 rel1/bin/../lib/gcc/arm-none-eabi/13.3.1/thumb/v7e-m+fp/hard\libg.a(libc_a-stdio.o)
                0x0800bb78                __swrite
 .text.__sseek  0x0800bbb8       0x24 D:/arm-none-eabi/13.3 rel1/bin/../lib/gcc/arm-none-eabi/13.3.1/thumb/v7e-m+fp/hard\libg.a(libc_a-stdio.o)
                0x0800bbb8                __sseek
 .text.__sclose
                0x0800bbdc        0x8 D:/arm-none-eabi/13.3 rel1/bin/../lib/gcc/arm-none-eabi/13.3.1/thumb/v7e-m+fp/hard\libg.a(libc_a-stdio.o)
                0x0800bbdc                __sclose
 .text.memset   0x0800bbe4       0xa4 D:/arm-none-eabi/13.3 rel1/bin/../lib/gcc/arm-none-eabi/13.3.1/thumb/v7e-m+fp/hard\libg.a(libc_a-memset.o)
                0x0800bbe4                memset
 .text._close_r
                0x0800bc88       0x24 D:/arm-none-eabi/13.3 rel1/bin/../lib/gcc/arm-none-eabi/13.3.1/thumb/v7e-m+fp/hard\libg.a(libc_a-closer.o)
                0x0800bc88                _close_r
 .text._lseek_r
                0x0800bcac       0x2c D:/arm-none-eabi/13.3 rel1/bin/../lib/gcc/arm-none-eabi/13.3.1/thumb/v7e-m+fp/hard\libg.a(libc_a-lseekr.o)
                0x0800bcac                _lseek_r
 .text._read_r  0x0800bcd8       0x2c D:/arm-none-eabi/13.3 rel1/bin/../lib/gcc/arm-none-eabi/13.3.1/thumb/v7e-m+fp/hard\libg.a(libc_a-readr.o)
                0x0800bcd8                _read_r
 .text._sbrk_r  0x0800bd04       0x24 D:/arm-none-eabi/13.3 rel1/bin/../lib/gcc/arm-none-eabi/13.3.1/thumb/v7e-m+fp/hard\libg.a(libc_a-sbrkr.o)
                0x0800bd04                _sbrk_r
 .text._write_r
                0x0800bd28       0x2c D:/arm-none-eabi/13.3 rel1/bin/../lib/gcc/arm-none-eabi/13.3.1/thumb/v7e-m+fp/hard\libg.a(libc_a-writer.o)
                0x0800bd28                _write_r
 .text.__errno  0x0800bd54        0xc D:/arm-none-eabi/13.3 rel1/bin/../lib/gcc/arm-none-eabi/13.3.1/thumb/v7e-m+fp/hard\libg.a(libc_a-errno.o)
                0x0800bd54                __errno
 .text.__libc_init_array
                0x0800bd60       0x50 D:/arm-none-eabi/13.3 rel1/bin/../lib/gcc/arm-none-eabi/13.3.1/thumb/v7e-m+fp/hard\libg.a(libc_a-init.o)
                0x0800bd60                __libc_init_array
 .text.__retarget_lock_init_recursive
                0x0800bdb0        0x4 D:/arm-none-eabi/13.3 rel1/bin/../lib/gcc/arm-none-eabi/13.3.1/thumb/v7e-m+fp/hard\libg.a(libc_a-lock.o)
                0x0800bdb0                __retarget_lock_init_recursive
 .text.__retarget_lock_close_recursive
                0x0800bdb4        0x4 D:/arm-none-eabi/13.3 rel1/bin/../lib/gcc/arm-none-eabi/13.3.1/thumb/v7e-m+fp/hard\libg.a(libc_a-lock.o)
                0x0800bdb4                __retarget_lock_close_recursive
 .text.__retarget_lock_acquire_recursive
                0x0800bdb8        0x4 D:/arm-none-eabi/13.3 rel1/bin/../lib/gcc/arm-none-eabi/13.3.1/thumb/v7e-m+fp/hard\libg.a(libc_a-lock.o)
                0x0800bdb8                __retarget_lock_acquire_recursive
 .text.__retarget_lock_release_recursive
                0x0800bdbc        0x4 D:/arm-none-eabi/13.3 rel1/bin/../lib/gcc/arm-none-eabi/13.3.1/thumb/v7e-m+fp/hard\libg.a(libc_a-lock.o)
                0x0800bdbc                __retarget_lock_release_recursive
 .text.sysconf  0x0800bdc0       0x1c D:/arm-none-eabi/13.3 rel1/bin/../lib/gcc/arm-none-eabi/13.3.1/thumb/v7e-m+fp/hard\libg.a(libc_a-sysconf.o)
                0x0800bdc0                sysconf
 .text.startup.register_fini
                0x0800bddc       0x14 D:/arm-none-eabi/13.3 rel1/bin/../lib/gcc/arm-none-eabi/13.3.1/thumb/v7e-m+fp/hard\libg.a(libc_a-__call_atexit.o)
 .text.atexit   0x0800bdf0        0xc D:/arm-none-eabi/13.3 rel1/bin/../lib/gcc/arm-none-eabi/13.3.1/thumb/v7e-m+fp/hard\libg.a(libc_a-atexit.o)
                0x0800bdf0                atexit
 .text._malloc_trim_r
                0x0800bdfc       0xb8 D:/arm-none-eabi/13.3 rel1/bin/../lib/gcc/arm-none-eabi/13.3.1/thumb/v7e-m+fp/hard\libg.a(libc_a-freer.o)
                0x0800bdfc                _malloc_trim_r
 .text._free_r  0x0800beb4      0x1f8 D:/arm-none-eabi/13.3 rel1/bin/../lib/gcc/arm-none-eabi/13.3.1/thumb/v7e-m+fp/hard\libg.a(libc_a-freer.o)
                0x0800beb4                _free_r
 *fill*         0x0800c0ac        0x4 
 .text._vfprintf_r
                0x0800c0b0     0x1c24 D:/arm-none-eabi/13.3 rel1/bin/../lib/gcc/arm-none-eabi/13.3.1/thumb/v7e-m+fp/hard\libg.a(libc_a-vfprintf.o)
                0x0800c0b0                _vfprintf_r
 .text.__sbprintf
                0x0800dcd4       0x80 D:/arm-none-eabi/13.3 rel1/bin/../lib/gcc/arm-none-eabi/13.3.1/thumb/v7e-m+fp/hard\libg.a(libc_a-vfprintf.o)
 .text.__sprint_r
                0x0800dd54       0x20 D:/arm-none-eabi/13.3 rel1/bin/../lib/gcc/arm-none-eabi/13.3.1/thumb/v7e-m+fp/hard\libg.a(libc_a-sprint_r.o)
                0x0800dd54                __sprint_r
 .text._fclose_r
                0x0800dd74       0xc0 D:/arm-none-eabi/13.3 rel1/bin/../lib/gcc/arm-none-eabi/13.3.1/thumb/v7e-m+fp/hard\libg.a(libc_a-fclose.o)
                0x0800dd74                _fclose_r
 .text.__sflush_r
                0x0800de34      0x138 D:/arm-none-eabi/13.3 rel1/bin/../lib/gcc/arm-none-eabi/13.3.1/thumb/v7e-m+fp/hard\libg.a(libc_a-fflush.o)
                0x0800de34                __sflush_r
 .text._fflush_r
                0x0800df6c       0x54 D:/arm-none-eabi/13.3 rel1/bin/../lib/gcc/arm-none-eabi/13.3.1/thumb/v7e-m+fp/hard\libg.a(libc_a-fflush.o)
                0x0800df6c                _fflush_r
 .text.__sfvwrite_r
                0x0800dfc0      0x300 D:/arm-none-eabi/13.3 rel1/bin/../lib/gcc/arm-none-eabi/13.3.1/thumb/v7e-m+fp/hard\libg.a(libc_a-fvwrite.o)
                0x0800dfc0                __sfvwrite_r
 .text.__swsetup_r
                0x0800e2c0       0xc4 D:/arm-none-eabi/13.3 rel1/bin/../lib/gcc/arm-none-eabi/13.3.1/thumb/v7e-m+fp/hard\libg.a(libc_a-wsetup.o)
                0x0800e2c0                __swsetup_r
 .text.memmove  0x0800e384      0x100 D:/arm-none-eabi/13.3 rel1/bin/../lib/gcc/arm-none-eabi/13.3.1/thumb/v7e-m+fp/hard\libg.a(libc_a-memmove.o)
                0x0800e384                memmove
 .text.strncpy  0x0800e484       0x68 D:/arm-none-eabi/13.3 rel1/bin/../lib/gcc/arm-none-eabi/13.3.1/thumb/v7e-m+fp/hard\libg.a(libc_a-strncpy.o)
                0x0800e484                strncpy
 .text.__locale_mb_cur_max
                0x0800e4ec        0xc D:/arm-none-eabi/13.3 rel1/bin/../lib/gcc/arm-none-eabi/13.3.1/thumb/v7e-m+fp/hard\libg.a(libc_a-locale.o)
                0x0800e4ec                __locale_mb_cur_max
 .text._localeconv_r
                0x0800e4f8        0x8 D:/arm-none-eabi/13.3 rel1/bin/../lib/gcc/arm-none-eabi/13.3.1/thumb/v7e-m+fp/hard\libg.a(libc_a-localeconv.o)
                0x0800e4f8                _localeconv_r
 .text.__libc_fini_array
                0x0800e500       0x28 D:/arm-none-eabi/13.3 rel1/bin/../lib/gcc/arm-none-eabi/13.3.1/thumb/v7e-m+fp/hard\libg.a(libc_a-fini.o)
                0x0800e500                __libc_fini_array
 .text.frexp    0x0800e528       0x64 D:/arm-none-eabi/13.3 rel1/bin/../lib/gcc/arm-none-eabi/13.3.1/thumb/v7e-m+fp/hard\libg.a(libm_a-s_frexp.o)
                0x0800e528                frexp
 .text.__register_exitproc
                0x0800e58c       0x80 D:/arm-none-eabi/13.3 rel1/bin/../lib/gcc/arm-none-eabi/13.3.1/thumb/v7e-m+fp/hard\libg.a(libc_a-__atexit.o)
                0x0800e58c                __register_exitproc
 .text.quorem   0x0800e60c      0x12c D:/arm-none-eabi/13.3 rel1/bin/../lib/gcc/arm-none-eabi/13.3.1/thumb/v7e-m+fp/hard\libg.a(libc_a-dtoa.o)
 .text._dtoa_r  0x0800e738      0xe80 D:/arm-none-eabi/13.3 rel1/bin/../lib/gcc/arm-none-eabi/13.3.1/thumb/v7e-m+fp/hard\libg.a(libc_a-dtoa.o)
                0x0800e738                _dtoa_r
 .text.__ascii_mbtowc
                0x0800f5b8       0x2c D:/arm-none-eabi/13.3 rel1/bin/../lib/gcc/arm-none-eabi/13.3.1/thumb/v7e-m+fp/hard\libg.a(libc_a-mbtowc_r.o)
                0x0800f5b8                __ascii_mbtowc
 .text._Balloc  0x0800f5e4       0x4c D:/arm-none-eabi/13.3 rel1/bin/../lib/gcc/arm-none-eabi/13.3.1/thumb/v7e-m+fp/hard\libg.a(libc_a-mprec.o)
                0x0800f5e4                _Balloc
 .text._Bfree   0x0800f630       0x14 D:/arm-none-eabi/13.3 rel1/bin/../lib/gcc/arm-none-eabi/13.3.1/thumb/v7e-m+fp/hard\libg.a(libc_a-mprec.o)
                0x0800f630                _Bfree
 .text.__multadd
                0x0800f644       0xa0 D:/arm-none-eabi/13.3 rel1/bin/../lib/gcc/arm-none-eabi/13.3.1/thumb/v7e-m+fp/hard\libg.a(libc_a-mprec.o)
                0x0800f644                __multadd
 .text.__hi0bits
                0x0800f6e4       0x44 D:/arm-none-eabi/13.3 rel1/bin/../lib/gcc/arm-none-eabi/13.3.1/thumb/v7e-m+fp/hard\libg.a(libc_a-mprec.o)
                0x0800f6e4                __hi0bits
 .text.__lo0bits
                0x0800f728       0x60 D:/arm-none-eabi/13.3 rel1/bin/../lib/gcc/arm-none-eabi/13.3.1/thumb/v7e-m+fp/hard\libg.a(libc_a-mprec.o)
                0x0800f728                __lo0bits
 .text.__i2b    0x0800f788       0x5c D:/arm-none-eabi/13.3 rel1/bin/../lib/gcc/arm-none-eabi/13.3.1/thumb/v7e-m+fp/hard\libg.a(libc_a-mprec.o)
                0x0800f788                __i2b
 .text.__multiply
                0x0800f7e4      0x16c D:/arm-none-eabi/13.3 rel1/bin/../lib/gcc/arm-none-eabi/13.3.1/thumb/v7e-m+fp/hard\libg.a(libc_a-mprec.o)
                0x0800f7e4                __multiply
 .text.__pow5mult
                0x0800f950       0xb4 D:/arm-none-eabi/13.3 rel1/bin/../lib/gcc/arm-none-eabi/13.3.1/thumb/v7e-m+fp/hard\libg.a(libc_a-mprec.o)
                0x0800f950                __pow5mult
 .text.__lshift
                0x0800fa04       0xf0 D:/arm-none-eabi/13.3 rel1/bin/../lib/gcc/arm-none-eabi/13.3.1/thumb/v7e-m+fp/hard\libg.a(libc_a-mprec.o)
                0x0800fa04                __lshift
 .text.__mcmp   0x0800faf4       0x44 D:/arm-none-eabi/13.3 rel1/bin/../lib/gcc/arm-none-eabi/13.3.1/thumb/v7e-m+fp/hard\libg.a(libc_a-mprec.o)
                0x0800faf4                __mcmp
 .text.__mdiff  0x0800fb38      0x178 D:/arm-none-eabi/13.3 rel1/bin/../lib/gcc/arm-none-eabi/13.3.1/thumb/v7e-m+fp/hard\libg.a(libc_a-mprec.o)
                0x0800fb38                __mdiff
 .text.__d2b    0x0800fcb0       0xc0 D:/arm-none-eabi/13.3 rel1/bin/../lib/gcc/arm-none-eabi/13.3.1/thumb/v7e-m+fp/hard\libg.a(libc_a-mprec.o)
                0x0800fcb0                __d2b
 .text._realloc_r
                0x0800fd70      0x344 D:/arm-none-eabi/13.3 rel1/bin/../lib/gcc/arm-none-eabi/13.3.1/thumb/v7e-m+fp/hard\libg.a(libc_a-reallocr.o)
                0x0800fd70                _realloc_r
 .text.__ascii_wctomb
                0x080100b4       0x1c D:/arm-none-eabi/13.3 rel1/bin/../lib/gcc/arm-none-eabi/13.3.1/thumb/v7e-m+fp/hard\libg.a(libc_a-wctomb_r.o)
                0x080100b4                __ascii_wctomb
 .text._wcrtomb_r
                0x080100d0       0x4c D:/arm-none-eabi/13.3 rel1/bin/../lib/gcc/arm-none-eabi/13.3.1/thumb/v7e-m+fp/hard\libg.a(libc_a-wcrtomb.o)
                0x080100d0                _wcrtomb_r
 .text._wcsrtombs_r
                0x0801011c       0x18 D:/arm-none-eabi/13.3 rel1/bin/../lib/gcc/arm-none-eabi/13.3.1/thumb/v7e-m+fp/hard\libg.a(libc_a-wcsrtombs.o)
                0x0801011c                _wcsrtombs_r
 .text.__smakebuf_r
                0x08010134       0xdc D:/arm-none-eabi/13.3 rel1/bin/../lib/gcc/arm-none-eabi/13.3.1/thumb/v7e-m+fp/hard\libg.a(libc_a-makebuf.o)
                0x08010134                __smakebuf_r
 .text._fstat_r
                0x08010210       0x2c D:/arm-none-eabi/13.3 rel1/bin/../lib/gcc/arm-none-eabi/13.3.1/thumb/v7e-m+fp/hard\libg.a(libc_a-fstatr.o)
                0x08010210                _fstat_r
 .text._isatty_r
                0x0801023c       0x24 D:/arm-none-eabi/13.3 rel1/bin/../lib/gcc/arm-none-eabi/13.3.1/thumb/v7e-m+fp/hard\libg.a(libc_a-isattyr.o)
                0x0801023c                _isatty_r
 .text.__assert_func
                0x08010260       0x40 D:/arm-none-eabi/13.3 rel1/bin/../lib/gcc/arm-none-eabi/13.3.1/thumb/v7e-m+fp/hard\libg.a(libc_a-assert.o)
                0x08010260                __assert_func
 .text._calloc_r
                0x080102a0       0x6c D:/arm-none-eabi/13.3 rel1/bin/../lib/gcc/arm-none-eabi/13.3.1/thumb/v7e-m+fp/hard\libg.a(libc_a-callocr.o)
                0x080102a0                _calloc_r
 .text._wcsnrtombs_l
                0x0801030c       0xfc D:/arm-none-eabi/13.3 rel1/bin/../lib/gcc/arm-none-eabi/13.3.1/thumb/v7e-m+fp/hard\libg.a(libc_a-wcsnrtombs.o)
                0x0801030c                _wcsnrtombs_l
 .text._wcsnrtombs_r
                0x08010408       0x24 D:/arm-none-eabi/13.3 rel1/bin/../lib/gcc/arm-none-eabi/13.3.1/thumb/v7e-m+fp/hard\libg.a(libc_a-wcsnrtombs.o)
                0x08010408                _wcsnrtombs_r
 .text.fiprintf
                0x0801042c       0x28 D:/arm-none-eabi/13.3 rel1/bin/../lib/gcc/arm-none-eabi/13.3.1/thumb/v7e-m+fp/hard\libg.a(libc_a-fiprintf.o)
                0x0801042c                fiprintf
 .text._vfiprintf_r
                0x08010454      0xe68 D:/arm-none-eabi/13.3 rel1/bin/../lib/gcc/arm-none-eabi/13.3.1/thumb/v7e-m+fp/hard\libg.a(libc_a-vfiprintf.o)
                0x08010454                _vfiprintf_r
 .text.__sbprintf
                0x080112bc       0x80 D:/arm-none-eabi/13.3 rel1/bin/../lib/gcc/arm-none-eabi/13.3.1/thumb/v7e-m+fp/hard\libg.a(libc_a-vfiprintf.o)
 .text.abort    0x0801133c       0x10 D:/arm-none-eabi/13.3 rel1/bin/../lib/gcc/arm-none-eabi/13.3.1/thumb/v7e-m+fp/hard\libg.a(libc_a-abort.o)
                0x0801133c                abort
 .text.raise    0x0801134c       0x58 D:/arm-none-eabi/13.3 rel1/bin/../lib/gcc/arm-none-eabi/13.3.1/thumb/v7e-m+fp/hard\libg.a(libc_a-signal.o)
                0x0801134c                raise
 .text._kill_r  0x080113a4       0x2c D:/arm-none-eabi/13.3 rel1/bin/../lib/gcc/arm-none-eabi/13.3.1/thumb/v7e-m+fp/hard\libg.a(libc_a-signalr.o)
                0x080113a4                _kill_r
 .text._getpid_r
                0x080113d0        0x4 D:/arm-none-eabi/13.3 rel1/bin/../lib/gcc/arm-none-eabi/13.3.1/thumb/v7e-m+fp/hard\libg.a(libc_a-signalr.o)
                0x080113d0                _getpid_r
 .text.sqrt     0x080113d4       0x68 D:/arm-none-eabi/13.3 rel1/bin/../lib/gcc/arm-none-eabi/13.3.1/thumb/v7e-m+fp/hard\libm.a(libm_a-w_sqrt.o)
                0x080113d4                sqrt
 .text.atan2f   0x0801143c        0x4 D:/arm-none-eabi/13.3 rel1/bin/../lib/gcc/arm-none-eabi/13.3.1/thumb/v7e-m+fp/hard\libm.a(libm_a-wf_atan2.o)
                0x0801143c                atan2f
 .text.__ieee754_sqrt
                0x08011440      0x1ec D:/arm-none-eabi/13.3 rel1/bin/../lib/gcc/arm-none-eabi/13.3.1/thumb/v7e-m+fp/hard\libm.a(libm_a-e_sqrt.o)
                0x08011440                __ieee754_sqrt
 .text.__ieee754_atan2f
                0x0801162c      0x150 D:/arm-none-eabi/13.3 rel1/bin/../lib/gcc/arm-none-eabi/13.3.1/thumb/v7e-m+fp/hard\libm.a(libm_a-ef_atan2.o)
                0x0801162c                __ieee754_atan2f
 .text.atanf    0x0801177c      0x1ac D:/arm-none-eabi/13.3 rel1/bin/../lib/gcc/arm-none-eabi/13.3.1/thumb/v7e-m+fp/hard\libm.a(libm_a-sf_atan.o)
                0x0801177c                atanf
 .text.fabsf    0x08011928       0x10 D:/arm-none-eabi/13.3 rel1/bin/../lib/gcc/arm-none-eabi/13.3.1/thumb/v7e-m+fp/hard\libm.a(libm_a-sf_fabs.o)
                0x08011928                fabsf
 *(.glue_7)
 .glue_7        0x08011938        0x0 linker stubs
 *(.glue_7t)
 .glue_7t       0x08011938        0x0 linker stubs
 *(.eh_frame)
 .eh_frame      0x08011938        0x0 D:/arm-none-eabi/13.3 rel1/bin/../lib/gcc/arm-none-eabi/13.3.1/thumb/v7e-m+fp/hard/crtbegin.o
 *(.init)
 .init          0x08011938        0x4 D:/arm-none-eabi/13.3 rel1/bin/../lib/gcc/arm-none-eabi/13.3.1/thumb/v7e-m+fp/hard/crti.o
                0x08011938                _init
 .init          0x0801193c        0x8 D:/arm-none-eabi/13.3 rel1/bin/../lib/gcc/arm-none-eabi/13.3.1/thumb/v7e-m+fp/hard/crtn.o
 *(.fini)
 .fini          0x08011944        0x4 D:/arm-none-eabi/13.3 rel1/bin/../lib/gcc/arm-none-eabi/13.3.1/thumb/v7e-m+fp/hard/crti.o
                0x08011944                _fini
 .fini          0x08011948        0x8 D:/arm-none-eabi/13.3 rel1/bin/../lib/gcc/arm-none-eabi/13.3.1/thumb/v7e-m+fp/hard/crtn.o
                0x08011950                        . = ALIGN (0x4)
                0x08011950                        _etext = .

.vfp11_veneer   0x08011950        0x0
 .vfp11_veneer  0x08011950        0x0 linker stubs

.v4_bx          0x08011950        0x0
 .v4_bx         0x08011950        0x0 linker stubs

.iplt           0x08011950        0x0
 .iplt          0x08011950        0x0 D:/arm-none-eabi/13.3 rel1/bin/../lib/gcc/arm-none-eabi/13.3.1/thumb/v7e-m+fp/hard/crtbegin.o

.rodata         0x08011950      0xce0
                0x08011950                        . = ALIGN (0x4)
 *(.rodata)
 .rodata        0x08011950       0x4c CMakeFiles/Balance_leg_V2.elf.dir/Drivers/STM32H7xx_HAL_Driver/Src/stm32h7xx_hal_fdcan.c.obj
 *(.rodata*)
 .rodata.main.str1.4
                0x0801199c      0x1af CMakeFiles/Balance_leg_V2.elf.dir/Core/Src/main.c.obj
                                  0x7 (size before relaxing)
 *fill*         0x08011b4b        0x1 
 .rodata.D1CorePrescTable
                0x08011b4c       0x10 CMakeFiles/Balance_leg_V2.elf.dir/Core/Src/system_stm32h7xx.c.obj
                0x08011b4c                D1CorePrescTable
 .rodata.flagBitshiftOffset.0
                0x08011b5c        0x8 CMakeFiles/Balance_leg_V2.elf.dir/Drivers/STM32H7xx_HAL_Driver/Src/stm32h7xx_hal_dma.c.obj
 .rodata.DLCtoBytes
                0x08011b64       0x10 CMakeFiles/Balance_leg_V2.elf.dir/Drivers/STM32H7xx_HAL_Driver/Src/stm32h7xx_hal_fdcan.c.obj
 .rodata.UARTPrescTable
                0x08011b74       0x18 CMakeFiles/Balance_leg_V2.elf.dir/Drivers/STM32H7xx_HAL_Driver/Src/stm32h7xx_hal_uart.c.obj
                0x08011b74                UARTPrescTable
 .rodata.denominator.0
                0x08011b8c        0x8 CMakeFiles/Balance_leg_V2.elf.dir/Drivers/STM32H7xx_HAL_Driver/Src/stm32h7xx_hal_uart_ex.c.obj
 .rodata.numerator.1
                0x08011b94        0x8 CMakeFiles/Balance_leg_V2.elf.dir/Drivers/STM32H7xx_HAL_Driver/Src/stm32h7xx_hal_uart_ex.c.obj
 .rodata.sinTable_f32
                0x08011b9c      0x804 C:\Users\w1445\Desktop\Microcontroller_project\Balance_leg\Code\Balance_V2\Balance_leg_V2\Middlewares\ST\ARM\DSP\Lib\libarm_cortexM4lf_math.a(arm_common_tables.o)
                0x08011b9c                sinTable_f32
 .rodata._vfprintf_r.str1.4
                0x080123a0       0x42 D:/arm-none-eabi/13.3 rel1/bin/../lib/gcc/arm-none-eabi/13.3.1/thumb/v7e-m+fp/hard\libg.a(libc_a-vfprintf.o)
 .rodata.zeroes.0
                0x080123a0       0x10 D:/arm-none-eabi/13.3 rel1/bin/../lib/gcc/arm-none-eabi/13.3.1/thumb/v7e-m+fp/hard\libg.a(libc_a-vfprintf.o)
 .rodata.blanks.1
                0x080123b0       0x10 D:/arm-none-eabi/13.3 rel1/bin/../lib/gcc/arm-none-eabi/13.3.1/thumb/v7e-m+fp/hard\libg.a(libc_a-vfprintf.o)
 .rodata.str1.4
                0x080123c0       0x4c D:/arm-none-eabi/13.3 rel1/bin/../lib/gcc/arm-none-eabi/13.3.1/thumb/v7e-m+fp/hard\libg.a(libc_a-locale.o)
 .rodata._dtoa_r.str1.4
                0x080123c0       0x81 D:/arm-none-eabi/13.3 rel1/bin/../lib/gcc/arm-none-eabi/13.3.1/thumb/v7e-m+fp/hard\libg.a(libc_a-dtoa.o)
 .rodata.__multadd.str1.4
                0x080123c0       0x6e D:/arm-none-eabi/13.3 rel1/bin/../lib/gcc/arm-none-eabi/13.3.1/thumb/v7e-m+fp/hard\libg.a(libc_a-mprec.o)
 .rodata.p05.0  0x080123c0        0xc D:/arm-none-eabi/13.3 rel1/bin/../lib/gcc/arm-none-eabi/13.3.1/thumb/v7e-m+fp/hard\libg.a(libc_a-mprec.o)
 *fill*         0x080123cc        0x4 
 .rodata.__mprec_bigtens
                0x080123d0       0x28 D:/arm-none-eabi/13.3 rel1/bin/../lib/gcc/arm-none-eabi/13.3.1/thumb/v7e-m+fp/hard\libg.a(libc_a-mprec.o)
                0x080123d0                __mprec_bigtens
 .rodata.__mprec_tens
                0x080123f8       0xc8 D:/arm-none-eabi/13.3 rel1/bin/../lib/gcc/arm-none-eabi/13.3.1/thumb/v7e-m+fp/hard\libg.a(libc_a-mprec.o)
                0x080123f8                __mprec_tens
 .rodata._ctype_
                0x080124c0      0x101 D:/arm-none-eabi/13.3 rel1/bin/../lib/gcc/arm-none-eabi/13.3.1/thumb/v7e-m+fp/hard\libg.a(libc_a-ctype_.o)
                0x080124c0                _ctype_
 .rodata.__assert_func.str1.4
                0x080125c1       0x43 D:/arm-none-eabi/13.3 rel1/bin/../lib/gcc/arm-none-eabi/13.3.1/thumb/v7e-m+fp/hard\libg.a(libc_a-assert.o)
 .rodata._vfiprintf_r.str1.4
                0x080125c1       0x2f D:/arm-none-eabi/13.3 rel1/bin/../lib/gcc/arm-none-eabi/13.3.1/thumb/v7e-m+fp/hard\libg.a(libc_a-vfiprintf.o)
 *fill*         0x080125c1        0x3 
 .rodata.zeroes.0
                0x080125c4       0x10 D:/arm-none-eabi/13.3 rel1/bin/../lib/gcc/arm-none-eabi/13.3.1/thumb/v7e-m+fp/hard\libg.a(libc_a-vfiprintf.o)
 .rodata.blanks.1
                0x080125d4       0x10 D:/arm-none-eabi/13.3 rel1/bin/../lib/gcc/arm-none-eabi/13.3.1/thumb/v7e-m+fp/hard\libg.a(libc_a-vfiprintf.o)
 *fill*         0x080125e4        0x4 
 .rodata.tiny   0x080125e8        0x8 D:/arm-none-eabi/13.3 rel1/bin/../lib/gcc/arm-none-eabi/13.3.1/thumb/v7e-m+fp/hard\libm.a(libm_a-e_sqrt.o)
 .rodata.one    0x080125f0        0x8 D:/arm-none-eabi/13.3 rel1/bin/../lib/gcc/arm-none-eabi/13.3.1/thumb/v7e-m+fp/hard\libm.a(libm_a-e_sqrt.o)
 .rodata.CSWTCH.9
                0x080125f8        0xc D:/arm-none-eabi/13.3 rel1/bin/../lib/gcc/arm-none-eabi/13.3.1/thumb/v7e-m+fp/hard\libm.a(libm_a-ef_atan2.o)
 .rodata.CSWTCH.8
                0x08012604        0xc D:/arm-none-eabi/13.3 rel1/bin/../lib/gcc/arm-none-eabi/13.3.1/thumb/v7e-m+fp/hard\libm.a(libm_a-ef_atan2.o)
 .rodata.atanlo
                0x08012610       0x10 D:/arm-none-eabi/13.3 rel1/bin/../lib/gcc/arm-none-eabi/13.3.1/thumb/v7e-m+fp/hard\libm.a(libm_a-sf_atan.o)
 .rodata.atanhi
                0x08012620       0x10 D:/arm-none-eabi/13.3 rel1/bin/../lib/gcc/arm-none-eabi/13.3.1/thumb/v7e-m+fp/hard\libm.a(libm_a-sf_atan.o)
                0x08012630                        . = ALIGN (0x4)

.ARM.extab
 *(.ARM.extab* .gnu.linkonce.armextab.*)

.ARM            0x08012630        0x8
                0x08012630                        __exidx_start = .
 *(.ARM.exidx*)
 .ARM.exidx     0x08012630        0x8 D:/arm-none-eabi/13.3 rel1/bin/../lib/gcc/arm-none-eabi/13.3.1/thumb/v7e-m+fp/hard\libg.a(libc_a-memcpy.o)
 .ARM.exidx     0x08012638        0x0 D:/arm-none-eabi/13.3 rel1/bin/../lib/gcc/arm-none-eabi/13.3.1/thumb/v7e-m+fp/hard\libg.a(libc_a-memchr.o)
                                  0x8 (size before relaxing)
 .ARM.exidx     0x08012638        0x0 D:/arm-none-eabi/13.3 rel1/bin/../lib/gcc/arm-none-eabi/13.3.1/thumb/v7e-m+fp/hard\libg.a(libc_a-strlen.o)
                                  0x8 (size before relaxing)
 .ARM.exidx.text.__udivmoddi4
                0x08012638        0x0 D:/arm-none-eabi/13.3 rel1/bin/../lib/gcc/arm-none-eabi/13.3.1/thumb/v7e-m+fp/hard\libgcc.a(_udivmoddi4.o)
                                  0x8 (size before relaxing)
                0x08012638                        __exidx_end = .

.preinit_array  0x08012638        0x0
                0x08012638                        PROVIDE (__preinit_array_start = .)
 *(.preinit_array*)
                0x08012638                        PROVIDE (__preinit_array_end = .)

.init_array     0x08012638        0x8
                0x08012638                        PROVIDE (__init_array_start = .)
 *(SORT_BY_NAME(.init_array.*))
 .init_array.00000
                0x08012638        0x4 D:/arm-none-eabi/13.3 rel1/bin/../lib/gcc/arm-none-eabi/13.3.1/thumb/v7e-m+fp/hard\libg.a(libc_a-__call_atexit.o)
 *(.init_array*)
 .init_array    0x0801263c        0x4 D:/arm-none-eabi/13.3 rel1/bin/../lib/gcc/arm-none-eabi/13.3.1/thumb/v7e-m+fp/hard/crtbegin.o
                0x08012640                        PROVIDE (__init_array_end = .)

.fini_array     0x08012640        0x4
                0x08012640                        PROVIDE (__fini_array_start = .)
 *(SORT_BY_NAME(.fini_array.*))
 *(.fini_array*)
 .fini_array    0x08012640        0x4 D:/arm-none-eabi/13.3 rel1/bin/../lib/gcc/arm-none-eabi/13.3.1/thumb/v7e-m+fp/hard/crtbegin.o
                0x08012644                        PROVIDE (__fini_array_end = .)
                0x08012644                        _sidata = LOADADDR (.data)

.rel.dyn        0x08012644        0x0
 .rel.iplt      0x08012644        0x0 D:/arm-none-eabi/13.3 rel1/bin/../lib/gcc/arm-none-eabi/13.3.1/thumb/v7e-m+fp/hard/crtbegin.o

.data           0x24000000      0x930 load address 0x08012644
                0x24000000                        . = ALIGN (0x4)
                0x24000000                        _sdata = .
 *(.data)
 *(.data*)
 .data.SystemD2Clock
                0x24000000        0x4 CMakeFiles/Balance_leg_V2.elf.dir/Core/Src/system_stm32h7xx.c.obj
                0x24000000                SystemD2Clock
 .data.SystemCoreClock
                0x24000004        0x4 CMakeFiles/Balance_leg_V2.elf.dir/Core/Src/system_stm32h7xx.c.obj
                0x24000004                SystemCoreClock
 .data.uwTickFreq
                0x24000008        0x1 CMakeFiles/Balance_leg_V2.elf.dir/Drivers/STM32H7xx_HAL_Driver/Src/stm32h7xx_hal.c.obj
                0x24000008                uwTickFreq
 *fill*         0x24000009        0x3 
 .data.uwTickPrio
                0x2400000c        0x4 CMakeFiles/Balance_leg_V2.elf.dir/Drivers/STM32H7xx_HAL_Driver/Src/stm32h7xx_hal.c.obj
                0x2400000c                uwTickPrio
 .data.LQR_K_L  0x24000010       0x60 CMakeFiles/Balance_leg_V2.elf.dir/User/App/Chassis_L.c.obj
                0x24000010                LQR_K_L
 .data.CHASSL_TIME
                0x24000070        0x4 CMakeFiles/Balance_leg_V2.elf.dir/User/App/Chassis_L.c.obj
                0x24000070                CHASSL_TIME
 .data.CHASSR_TIME
                0x24000074        0x4 CMakeFiles/Balance_leg_V2.elf.dir/User/App/Chassis_R.c.obj
                0x24000074                CHASSR_TIME
 .data.Poly_Coefficient
                0x24000078      0x180 CMakeFiles/Balance_leg_V2.elf.dir/User/App/Chassis_R.c.obj
                0x24000078                Poly_Coefficient
 .data.LQR_K_R  0x240001f8       0x60 CMakeFiles/Balance_leg_V2.elf.dir/User/App/Chassis_R.c.obj
                0x240001f8                LQR_K_R
 .data.ELRS_TIME
                0x24000258        0x2 CMakeFiles/Balance_leg_V2.elf.dir/User/App/ELRS_task.c.obj
                0x24000258                ELRS_TIME
 *fill*         0x2400025a        0x2 
 .data.OBSERVE_TIME
                0x2400025c        0x4 CMakeFiles/Balance_leg_V2.elf.dir/User/App/Observe.c.obj
                0x2400025c                OBSERVE_TIME
 .data.__malloc_sbrk_base
                0x24000260        0x4 D:/arm-none-eabi/13.3 rel1/bin/../lib/gcc/arm-none-eabi/13.3.1/thumb/v7e-m+fp/hard\libg.a(libc_a-mallocr.o)
                0x24000260                __malloc_sbrk_base
 .data.__malloc_trim_threshold
                0x24000264        0x4 D:/arm-none-eabi/13.3 rel1/bin/../lib/gcc/arm-none-eabi/13.3.1/thumb/v7e-m+fp/hard\libg.a(libc_a-mallocr.o)
                0x24000264                __malloc_trim_threshold
 .data.__malloc_av_
                0x24000268      0x408 D:/arm-none-eabi/13.3 rel1/bin/../lib/gcc/arm-none-eabi/13.3.1/thumb/v7e-m+fp/hard\libg.a(libc_a-mallocr.o)
                0x24000268                __malloc_av_
 .data.__sglue  0x24000670        0xc D:/arm-none-eabi/13.3 rel1/bin/../lib/gcc/arm-none-eabi/13.3.1/thumb/v7e-m+fp/hard\libg.a(libc_a-findfp.o)
                0x24000670                __sglue
 .data._impure_ptr
                0x2400067c        0x4 D:/arm-none-eabi/13.3 rel1/bin/../lib/gcc/arm-none-eabi/13.3.1/thumb/v7e-m+fp/hard\libg.a(libc_a-impure.o)
                0x2400067c                _impure_ptr
 .data._impure_data
                0x24000680      0x140 D:/arm-none-eabi/13.3 rel1/bin/../lib/gcc/arm-none-eabi/13.3.1/thumb/v7e-m+fp/hard\libg.a(libc_a-impure.o)
                0x24000680                _impure_data
 .data.__atexit_recursive_mutex
                0x240007c0        0x4 D:/arm-none-eabi/13.3 rel1/bin/../lib/gcc/arm-none-eabi/13.3.1/thumb/v7e-m+fp/hard\libg.a(libc_a-__call_atexit.o)